<!doctype html public "-//w3c//dtd html 4.0 transitional//en">
<html><head>
<title>Static Call Graph - [caijiqi_PCB35\caijiqi_PCB38_V01.axf]</title></head>
<body><HR>
<H1>Static Call Graph for image caijiqi_PCB35\caijiqi_PCB38_V01.axf</H1><HR>
<BR><P>#&#060CALLGRAPH&#062# ARM Linker, 5060750: Last Updated: Mon Dec 30 15:30:41 2019
<BR><P>
<H3>Maximum Stack Usage =        144 bytes + Unknown(Cycles, Untraceable Function Pointers)</H3><H3>
Call chain for Maximum Stack Depth:</H3>
main &rArr; SystemClock_Config &rArr; HAL_RCC_ClockConfig &rArr; HAL_InitTick &rArr; HAL_NVIC_SetPriority &rArr; NVIC_SetPriority
<P>
<H3>
Mutually Recursive functions
</H3> <LI><a href="#[1c]">ADC1_2_IRQHandler</a>&nbsp;&nbsp;&nbsp;&rArr;&nbsp;&nbsp;&nbsp;<a href="#[1c]">ADC1_2_IRQHandler</a><BR>
</UL>
<P>
<H3>
Function Pointers
</H3><UL>
 <LI><a href="#[1c]">ADC1_2_IRQHandler</a> from startup_stm32f103xb.o(.text) referenced from startup_stm32f103xb.o(RESET)
 <LI><a href="#[4]">BusFault_Handler</a> from stm32f1xx_it.o(i.BusFault_Handler) referenced from startup_stm32f103xb.o(RESET)
 <LI><a href="#[1f]">CAN1_RX1_IRQHandler</a> from startup_stm32f103xb.o(.text) referenced from startup_stm32f103xb.o(RESET)
 <LI><a href="#[20]">CAN1_SCE_IRQHandler</a> from startup_stm32f103xb.o(.text) referenced from startup_stm32f103xb.o(RESET)
 <LI><a href="#[15]">DMA1_Channel1_IRQHandler</a> from startup_stm32f103xb.o(.text) referenced from startup_stm32f103xb.o(RESET)
 <LI><a href="#[16]">DMA1_Channel2_IRQHandler</a> from startup_stm32f103xb.o(.text) referenced from startup_stm32f103xb.o(RESET)
 <LI><a href="#[17]">DMA1_Channel3_IRQHandler</a> from startup_stm32f103xb.o(.text) referenced from startup_stm32f103xb.o(RESET)
 <LI><a href="#[18]">DMA1_Channel4_IRQHandler</a> from startup_stm32f103xb.o(.text) referenced from startup_stm32f103xb.o(RESET)
 <LI><a href="#[19]">DMA1_Channel5_IRQHandler</a> from startup_stm32f103xb.o(.text) referenced from startup_stm32f103xb.o(RESET)
 <LI><a href="#[1a]">DMA1_Channel6_IRQHandler</a> from startup_stm32f103xb.o(.text) referenced from startup_stm32f103xb.o(RESET)
 <LI><a href="#[1b]">DMA1_Channel7_IRQHandler</a> from startup_stm32f103xb.o(.text) referenced from startup_stm32f103xb.o(RESET)
 <LI><a href="#[7]">DebugMon_Handler</a> from stm32f1xx_it.o(i.DebugMon_Handler) referenced from startup_stm32f103xb.o(RESET)
 <LI><a href="#[10]">EXTI0_IRQHandler</a> from startup_stm32f103xb.o(.text) referenced from startup_stm32f103xb.o(RESET)
 <LI><a href="#[32]">EXTI15_10_IRQHandler</a> from startup_stm32f103xb.o(.text) referenced from startup_stm32f103xb.o(RESET)
 <LI><a href="#[11]">EXTI1_IRQHandler</a> from startup_stm32f103xb.o(.text) referenced from startup_stm32f103xb.o(RESET)
 <LI><a href="#[12]">EXTI2_IRQHandler</a> from startup_stm32f103xb.o(.text) referenced from startup_stm32f103xb.o(RESET)
 <LI><a href="#[13]">EXTI3_IRQHandler</a> from startup_stm32f103xb.o(.text) referenced from startup_stm32f103xb.o(RESET)
 <LI><a href="#[14]">EXTI4_IRQHandler</a> from startup_stm32f103xb.o(.text) referenced from startup_stm32f103xb.o(RESET)
 <LI><a href="#[21]">EXTI9_5_IRQHandler</a> from startup_stm32f103xb.o(.text) referenced from startup_stm32f103xb.o(RESET)
 <LI><a href="#[e]">FLASH_IRQHandler</a> from startup_stm32f103xb.o(.text) referenced from startup_stm32f103xb.o(RESET)
 <LI><a href="#[2]">HardFault_Handler</a> from stm32f1xx_it.o(i.HardFault_Handler) referenced from startup_stm32f103xb.o(RESET)
 <LI><a href="#[2a]">I2C1_ER_IRQHandler</a> from startup_stm32f103xb.o(.text) referenced from startup_stm32f103xb.o(RESET)
 <LI><a href="#[29]">I2C1_EV_IRQHandler</a> from startup_stm32f103xb.o(.text) referenced from startup_stm32f103xb.o(RESET)
 <LI><a href="#[2c]">I2C2_ER_IRQHandler</a> from startup_stm32f103xb.o(.text) referenced from startup_stm32f103xb.o(RESET)
 <LI><a href="#[2b]">I2C2_EV_IRQHandler</a> from startup_stm32f103xb.o(.text) referenced from startup_stm32f103xb.o(RESET)
 <LI><a href="#[3]">MemManage_Handler</a> from stm32f1xx_it.o(i.MemManage_Handler) referenced from startup_stm32f103xb.o(RESET)
 <LI><a href="#[1]">NMI_Handler</a> from stm32f1xx_it.o(i.NMI_Handler) referenced from startup_stm32f103xb.o(RESET)
 <LI><a href="#[b]">PVD_IRQHandler</a> from startup_stm32f103xb.o(.text) referenced from startup_stm32f103xb.o(RESET)
 <LI><a href="#[8]">PendSV_Handler</a> from stm32f1xx_it.o(i.PendSV_Handler) referenced from startup_stm32f103xb.o(RESET)
 <LI><a href="#[f]">RCC_IRQHandler</a> from startup_stm32f103xb.o(.text) referenced from startup_stm32f103xb.o(RESET)
 <LI><a href="#[33]">RTC_Alarm_IRQHandler</a> from startup_stm32f103xb.o(.text) referenced from startup_stm32f103xb.o(RESET)
 <LI><a href="#[d]">RTC_IRQHandler</a> from startup_stm32f103xb.o(.text) referenced from startup_stm32f103xb.o(RESET)
 <LI><a href="#[0]">Reset_Handler</a> from startup_stm32f103xb.o(.text) referenced from startup_stm32f103xb.o(RESET)
 <LI><a href="#[2d]">SPI1_IRQHandler</a> from startup_stm32f103xb.o(.text) referenced from startup_stm32f103xb.o(RESET)
 <LI><a href="#[2e]">SPI2_IRQHandler</a> from startup_stm32f103xb.o(.text) referenced from startup_stm32f103xb.o(RESET)
 <LI><a href="#[6]">SVC_Handler</a> from stm32f1xx_it.o(i.SVC_Handler) referenced from startup_stm32f103xb.o(RESET)
 <LI><a href="#[9]">SysTick_Handler</a> from stm32f1xx_it.o(i.SysTick_Handler) referenced from startup_stm32f103xb.o(RESET)
 <LI><a href="#[36]">SystemInit</a> from system_stm32f1xx.o(i.SystemInit) referenced from startup_stm32f103xb.o(.text)
 <LI><a href="#[c]">TAMPER_IRQHandler</a> from startup_stm32f103xb.o(.text) referenced from startup_stm32f103xb.o(RESET)
 <LI><a href="#[22]">TIM1_BRK_IRQHandler</a> from startup_stm32f103xb.o(.text) referenced from startup_stm32f103xb.o(RESET)
 <LI><a href="#[25]">TIM1_CC_IRQHandler</a> from startup_stm32f103xb.o(.text) referenced from startup_stm32f103xb.o(RESET)
 <LI><a href="#[24]">TIM1_TRG_COM_IRQHandler</a> from startup_stm32f103xb.o(.text) referenced from startup_stm32f103xb.o(RESET)
 <LI><a href="#[23]">TIM1_UP_IRQHandler</a> from stm32f1xx_it.o(i.TIM1_UP_IRQHandler) referenced from startup_stm32f103xb.o(RESET)
 <LI><a href="#[26]">TIM2_IRQHandler</a> from startup_stm32f103xb.o(.text) referenced from startup_stm32f103xb.o(RESET)
 <LI><a href="#[27]">TIM3_IRQHandler</a> from startup_stm32f103xb.o(.text) referenced from startup_stm32f103xb.o(RESET)
 <LI><a href="#[28]">TIM4_IRQHandler</a> from startup_stm32f103xb.o(.text) referenced from startup_stm32f103xb.o(RESET)
 <LI><a href="#[2f]">USART1_IRQHandler</a> from uart_mode2.o(i.USART1_IRQHandler) referenced from startup_stm32f103xb.o(RESET)
 <LI><a href="#[30]">USART2_IRQHandler</a> from uart_mode2.o(i.USART2_IRQHandler) referenced from startup_stm32f103xb.o(RESET)
 <LI><a href="#[31]">USART3_IRQHandler</a> from uart_mode2.o(i.USART3_IRQHandler) referenced from startup_stm32f103xb.o(RESET)
 <LI><a href="#[34]">USBWakeUp_IRQHandler</a> from startup_stm32f103xb.o(.text) referenced from startup_stm32f103xb.o(RESET)
 <LI><a href="#[1d]">USB_HP_CAN1_TX_IRQHandler</a> from startup_stm32f103xb.o(.text) referenced from startup_stm32f103xb.o(RESET)
 <LI><a href="#[1e]">USB_LP_CAN1_RX0_IRQHandler</a> from startup_stm32f103xb.o(.text) referenced from startup_stm32f103xb.o(RESET)
 <LI><a href="#[5]">UsageFault_Handler</a> from stm32f1xx_it.o(i.UsageFault_Handler) referenced from startup_stm32f103xb.o(RESET)
 <LI><a href="#[a]">WWDG_IRQHandler</a> from startup_stm32f103xb.o(.text) referenced from startup_stm32f103xb.o(RESET)
 <LI><a href="#[37]">__main</a> from entry.o(.ARM.Collect$$$$00000000) referenced from startup_stm32f103xb.o(.text)
 <LI><a href="#[39]">_sputc</a> from printfa.o(i._sputc) referenced from printfa.o(i.__0vsprintf)
 <LI><a href="#[38]">fputc</a> from mcu.o(i.fputc) referenced from printfa.o(i.__0printf)
 <LI><a href="#[3a]">func_none</a> from m26.o(i.func_none) referenced from m26.o(i.m26_init)
 <LI><a href="#[35]">main</a> from main.o(i.main) referenced from entry9a.o(.ARM.Collect$$$$0000000B)
 <LI><a href="#[3b]">socket_15646_call_back</a> from caijiqi.o(i.socket_15646_call_back) referenced from tcp.o(i.sockeet_init)
 <LI><a href="#[3c]">socket_45789_call_back</a> from caijiqi.o(i.socket_45789_call_back) referenced from tcp.o(i.sockeet_init)
 <LI><a href="#[3d]">socket_6300_call_back</a> from tcp.o(i.socket_6300_call_back) referenced from tcp.o(i.sockeet_init)
 <LI><a href="#[3e]">socket_6310_call_back</a> from tcp.o(i.socket_6310_call_back) referenced from tcp.o(i.sockeet_init)
</UL>
<P>
<H3>
Global Symbols
</H3>
<P><STRONG><a name="[37]"></a>__main</STRONG> (Thumb, 0 bytes, Stack size unknown bytes, entry.o(.ARM.Collect$$$$00000000))
<BR>[Address Reference Count : 1]<UL><LI> startup_stm32f103xb.o(.text)
</UL>
<P><STRONG><a name="[ee]"></a>_main_stk</STRONG> (Thumb, 0 bytes, Stack size unknown bytes, entry2.o(.ARM.Collect$$$$00000001))

<P><STRONG><a name="[3f]"></a>_main_scatterload</STRONG> (Thumb, 0 bytes, Stack size unknown bytes, entry5.o(.ARM.Collect$$$$00000004))
<BR><BR>[Calls]<UL><LI><a href="#[40]">&gt;&gt;</a>&nbsp;&nbsp;&nbsp;__scatterload
</UL>

<P><STRONG><a name="[50]"></a>__main_after_scatterload</STRONG> (Thumb, 0 bytes, Stack size unknown bytes, entry5.o(.ARM.Collect$$$$00000004))
<BR><BR>[Called By]<UL><LI><a href="#[40]">&gt;&gt;</a>&nbsp;&nbsp;&nbsp;__scatterload
</UL>

<P><STRONG><a name="[ef]"></a>_main_clock</STRONG> (Thumb, 0 bytes, Stack size unknown bytes, entry7b.o(.ARM.Collect$$$$00000008))

<P><STRONG><a name="[f0]"></a>_main_cpp_init</STRONG> (Thumb, 0 bytes, Stack size unknown bytes, entry8b.o(.ARM.Collect$$$$0000000A))

<P><STRONG><a name="[f1]"></a>_main_init</STRONG> (Thumb, 0 bytes, Stack size unknown bytes, entry9a.o(.ARM.Collect$$$$0000000B))

<P><STRONG><a name="[f2]"></a>__rt_final_cpp</STRONG> (Thumb, 0 bytes, Stack size unknown bytes, entry10a.o(.ARM.Collect$$$$0000000D))

<P><STRONG><a name="[f3]"></a>__rt_final_exit</STRONG> (Thumb, 0 bytes, Stack size unknown bytes, entry11a.o(.ARM.Collect$$$$0000000F))

<P><STRONG><a name="[0]"></a>Reset_Handler</STRONG> (Thumb, 8 bytes, Stack size 0 bytes, startup_stm32f103xb.o(.text))
<BR>[Address Reference Count : 1]<UL><LI> startup_stm32f103xb.o(RESET)
</UL>
<P><STRONG><a name="[1c]"></a>ADC1_2_IRQHandler</STRONG> (Thumb, 0 bytes, Stack size 0 bytes, startup_stm32f103xb.o(.text))
<BR><BR>[Calls]<UL><LI><a href="#[1c]">&gt;&gt;</a>&nbsp;&nbsp;&nbsp;ADC1_2_IRQHandler
</UL>
<BR>[Called By]<UL><LI><a href="#[1c]">&gt;&gt;</a>&nbsp;&nbsp;&nbsp;ADC1_2_IRQHandler
</UL>
<BR>[Address Reference Count : 1]<UL><LI> startup_stm32f103xb.o(RESET)
</UL>
<P><STRONG><a name="[1f]"></a>CAN1_RX1_IRQHandler</STRONG> (Thumb, 0 bytes, Stack size 0 bytes, startup_stm32f103xb.o(.text))
<BR>[Address Reference Count : 1]<UL><LI> startup_stm32f103xb.o(RESET)
</UL>
<P><STRONG><a name="[20]"></a>CAN1_SCE_IRQHandler</STRONG> (Thumb, 0 bytes, Stack size 0 bytes, startup_stm32f103xb.o(.text))
<BR>[Address Reference Count : 1]<UL><LI> startup_stm32f103xb.o(RESET)
</UL>
<P><STRONG><a name="[15]"></a>DMA1_Channel1_IRQHandler</STRONG> (Thumb, 0 bytes, Stack size 0 bytes, startup_stm32f103xb.o(.text))
<BR>[Address Reference Count : 1]<UL><LI> startup_stm32f103xb.o(RESET)
</UL>
<P><STRONG><a name="[16]"></a>DMA1_Channel2_IRQHandler</STRONG> (Thumb, 0 bytes, Stack size 0 bytes, startup_stm32f103xb.o(.text))
<BR>[Address Reference Count : 1]<UL><LI> startup_stm32f103xb.o(RESET)
</UL>
<P><STRONG><a name="[17]"></a>DMA1_Channel3_IRQHandler</STRONG> (Thumb, 0 bytes, Stack size 0 bytes, startup_stm32f103xb.o(.text))
<BR>[Address Reference Count : 1]<UL><LI> startup_stm32f103xb.o(RESET)
</UL>
<P><STRONG><a name="[18]"></a>DMA1_Channel4_IRQHandler</STRONG> (Thumb, 0 bytes, Stack size 0 bytes, startup_stm32f103xb.o(.text))
<BR>[Address Reference Count : 1]<UL><LI> startup_stm32f103xb.o(RESET)
</UL>
<P><STRONG><a name="[19]"></a>DMA1_Channel5_IRQHandler</STRONG> (Thumb, 0 bytes, Stack size 0 bytes, startup_stm32f103xb.o(.text))
<BR>[Address Reference Count : 1]<UL><LI> startup_stm32f103xb.o(RESET)
</UL>
<P><STRONG><a name="[1a]"></a>DMA1_Channel6_IRQHandler</STRONG> (Thumb, 0 bytes, Stack size 0 bytes, startup_stm32f103xb.o(.text))
<BR>[Address Reference Count : 1]<UL><LI> startup_stm32f103xb.o(RESET)
</UL>
<P><STRONG><a name="[1b]"></a>DMA1_Channel7_IRQHandler</STRONG> (Thumb, 0 bytes, Stack size 0 bytes, startup_stm32f103xb.o(.text))
<BR>[Address Reference Count : 1]<UL><LI> startup_stm32f103xb.o(RESET)
</UL>
<P><STRONG><a name="[10]"></a>EXTI0_IRQHandler</STRONG> (Thumb, 0 bytes, Stack size 0 bytes, startup_stm32f103xb.o(.text))
<BR>[Address Reference Count : 1]<UL><LI> startup_stm32f103xb.o(RESET)
</UL>
<P><STRONG><a name="[32]"></a>EXTI15_10_IRQHandler</STRONG> (Thumb, 0 bytes, Stack size 0 bytes, startup_stm32f103xb.o(.text))
<BR>[Address Reference Count : 1]<UL><LI> startup_stm32f103xb.o(RESET)
</UL>
<P><STRONG><a name="[11]"></a>EXTI1_IRQHandler</STRONG> (Thumb, 0 bytes, Stack size 0 bytes, startup_stm32f103xb.o(.text))
<BR>[Address Reference Count : 1]<UL><LI> startup_stm32f103xb.o(RESET)
</UL>
<P><STRONG><a name="[12]"></a>EXTI2_IRQHandler</STRONG> (Thumb, 0 bytes, Stack size 0 bytes, startup_stm32f103xb.o(.text))
<BR>[Address Reference Count : 1]<UL><LI> startup_stm32f103xb.o(RESET)
</UL>
<P><STRONG><a name="[13]"></a>EXTI3_IRQHandler</STRONG> (Thumb, 0 bytes, Stack size 0 bytes, startup_stm32f103xb.o(.text))
<BR>[Address Reference Count : 1]<UL><LI> startup_stm32f103xb.o(RESET)
</UL>
<P><STRONG><a name="[14]"></a>EXTI4_IRQHandler</STRONG> (Thumb, 0 bytes, Stack size 0 bytes, startup_stm32f103xb.o(.text))
<BR>[Address Reference Count : 1]<UL><LI> startup_stm32f103xb.o(RESET)
</UL>
<P><STRONG><a name="[21]"></a>EXTI9_5_IRQHandler</STRONG> (Thumb, 0 bytes, Stack size 0 bytes, startup_stm32f103xb.o(.text))
<BR>[Address Reference Count : 1]<UL><LI> startup_stm32f103xb.o(RESET)
</UL>
<P><STRONG><a name="[e]"></a>FLASH_IRQHandler</STRONG> (Thumb, 0 bytes, Stack size 0 bytes, startup_stm32f103xb.o(.text))
<BR>[Address Reference Count : 1]<UL><LI> startup_stm32f103xb.o(RESET)
</UL>
<P><STRONG><a name="[2a]"></a>I2C1_ER_IRQHandler</STRONG> (Thumb, 0 bytes, Stack size 0 bytes, startup_stm32f103xb.o(.text))
<BR>[Address Reference Count : 1]<UL><LI> startup_stm32f103xb.o(RESET)
</UL>
<P><STRONG><a name="[29]"></a>I2C1_EV_IRQHandler</STRONG> (Thumb, 0 bytes, Stack size 0 bytes, startup_stm32f103xb.o(.text))
<BR>[Address Reference Count : 1]<UL><LI> startup_stm32f103xb.o(RESET)
</UL>
<P><STRONG><a name="[2c]"></a>I2C2_ER_IRQHandler</STRONG> (Thumb, 0 bytes, Stack size 0 bytes, startup_stm32f103xb.o(.text))
<BR>[Address Reference Count : 1]<UL><LI> startup_stm32f103xb.o(RESET)
</UL>
<P><STRONG><a name="[2b]"></a>I2C2_EV_IRQHandler</STRONG> (Thumb, 0 bytes, Stack size 0 bytes, startup_stm32f103xb.o(.text))
<BR>[Address Reference Count : 1]<UL><LI> startup_stm32f103xb.o(RESET)
</UL>
<P><STRONG><a name="[b]"></a>PVD_IRQHandler</STRONG> (Thumb, 0 bytes, Stack size 0 bytes, startup_stm32f103xb.o(.text))
<BR>[Address Reference Count : 1]<UL><LI> startup_stm32f103xb.o(RESET)
</UL>
<P><STRONG><a name="[f]"></a>RCC_IRQHandler</STRONG> (Thumb, 0 bytes, Stack size 0 bytes, startup_stm32f103xb.o(.text))
<BR>[Address Reference Count : 1]<UL><LI> startup_stm32f103xb.o(RESET)
</UL>
<P><STRONG><a name="[33]"></a>RTC_Alarm_IRQHandler</STRONG> (Thumb, 0 bytes, Stack size 0 bytes, startup_stm32f103xb.o(.text))
<BR>[Address Reference Count : 1]<UL><LI> startup_stm32f103xb.o(RESET)
</UL>
<P><STRONG><a name="[d]"></a>RTC_IRQHandler</STRONG> (Thumb, 0 bytes, Stack size 0 bytes, startup_stm32f103xb.o(.text))
<BR>[Address Reference Count : 1]<UL><LI> startup_stm32f103xb.o(RESET)
</UL>
<P><STRONG><a name="[2d]"></a>SPI1_IRQHandler</STRONG> (Thumb, 0 bytes, Stack size 0 bytes, startup_stm32f103xb.o(.text))
<BR>[Address Reference Count : 1]<UL><LI> startup_stm32f103xb.o(RESET)
</UL>
<P><STRONG><a name="[2e]"></a>SPI2_IRQHandler</STRONG> (Thumb, 0 bytes, Stack size 0 bytes, startup_stm32f103xb.o(.text))
<BR>[Address Reference Count : 1]<UL><LI> startup_stm32f103xb.o(RESET)
</UL>
<P><STRONG><a name="[c]"></a>TAMPER_IRQHandler</STRONG> (Thumb, 0 bytes, Stack size 0 bytes, startup_stm32f103xb.o(.text))
<BR>[Address Reference Count : 1]<UL><LI> startup_stm32f103xb.o(RESET)
</UL>
<P><STRONG><a name="[22]"></a>TIM1_BRK_IRQHandler</STRONG> (Thumb, 0 bytes, Stack size 0 bytes, startup_stm32f103xb.o(.text))
<BR>[Address Reference Count : 1]<UL><LI> startup_stm32f103xb.o(RESET)
</UL>
<P><STRONG><a name="[25]"></a>TIM1_CC_IRQHandler</STRONG> (Thumb, 0 bytes, Stack size 0 bytes, startup_stm32f103xb.o(.text))
<BR>[Address Reference Count : 1]<UL><LI> startup_stm32f103xb.o(RESET)
</UL>
<P><STRONG><a name="[24]"></a>TIM1_TRG_COM_IRQHandler</STRONG> (Thumb, 0 bytes, Stack size 0 bytes, startup_stm32f103xb.o(.text))
<BR>[Address Reference Count : 1]<UL><LI> startup_stm32f103xb.o(RESET)
</UL>
<P><STRONG><a name="[26]"></a>TIM2_IRQHandler</STRONG> (Thumb, 0 bytes, Stack size 0 bytes, startup_stm32f103xb.o(.text))
<BR>[Address Reference Count : 1]<UL><LI> startup_stm32f103xb.o(RESET)
</UL>
<P><STRONG><a name="[27]"></a>TIM3_IRQHandler</STRONG> (Thumb, 0 bytes, Stack size 0 bytes, startup_stm32f103xb.o(.text))
<BR>[Address Reference Count : 1]<UL><LI> startup_stm32f103xb.o(RESET)
</UL>
<P><STRONG><a name="[28]"></a>TIM4_IRQHandler</STRONG> (Thumb, 0 bytes, Stack size 0 bytes, startup_stm32f103xb.o(.text))
<BR>[Address Reference Count : 1]<UL><LI> startup_stm32f103xb.o(RESET)
</UL>
<P><STRONG><a name="[34]"></a>USBWakeUp_IRQHandler</STRONG> (Thumb, 0 bytes, Stack size 0 bytes, startup_stm32f103xb.o(.text))
<BR>[Address Reference Count : 1]<UL><LI> startup_stm32f103xb.o(RESET)
</UL>
<P><STRONG><a name="[1d]"></a>USB_HP_CAN1_TX_IRQHandler</STRONG> (Thumb, 0 bytes, Stack size 0 bytes, startup_stm32f103xb.o(.text))
<BR>[Address Reference Count : 1]<UL><LI> startup_stm32f103xb.o(RESET)
</UL>
<P><STRONG><a name="[1e]"></a>USB_LP_CAN1_RX0_IRQHandler</STRONG> (Thumb, 0 bytes, Stack size 0 bytes, startup_stm32f103xb.o(.text))
<BR>[Address Reference Count : 1]<UL><LI> startup_stm32f103xb.o(RESET)
</UL>
<P><STRONG><a name="[a]"></a>WWDG_IRQHandler</STRONG> (Thumb, 0 bytes, Stack size 0 bytes, startup_stm32f103xb.o(.text))
<BR>[Address Reference Count : 1]<UL><LI> startup_stm32f103xb.o(RESET)
</UL>
<P><STRONG><a name="[45]"></a>__aeabi_llsr</STRONG> (Thumb, 32 bytes, Stack size 0 bytes, llushr.o(.text), UNUSED)
<BR><BR>[Called By]<UL><LI><a href="#[49]">&gt;&gt;</a>&nbsp;&nbsp;&nbsp;_double_epilogue
<LI><a href="#[44]">&gt;&gt;</a>&nbsp;&nbsp;&nbsp;__aeabi_uldivmod
<LI><a href="#[4f]">&gt;&gt;</a>&nbsp;&nbsp;&nbsp;__aeabi_d2ulz
</UL>

<P><STRONG><a name="[f4]"></a>_ll_ushift_r</STRONG> (Thumb, 0 bytes, Stack size 0 bytes, llushr.o(.text), UNUSED)

<P><STRONG><a name="[42]"></a>__aeabi_memset</STRONG> (Thumb, 14 bytes, Stack size 0 bytes, memseta.o(.text), UNUSED)
<BR><BR>[Called By]<UL><LI><a href="#[43]">&gt;&gt;</a>&nbsp;&nbsp;&nbsp;_memset$wrapper
<LI><a href="#[41]">&gt;&gt;</a>&nbsp;&nbsp;&nbsp;__aeabi_memclr
</UL>

<P><STRONG><a name="[f5]"></a>__aeabi_memset4</STRONG> (Thumb, 0 bytes, Stack size 0 bytes, memseta.o(.text), UNUSED)

<P><STRONG><a name="[f6]"></a>__aeabi_memset8</STRONG> (Thumb, 0 bytes, Stack size 0 bytes, memseta.o(.text), UNUSED)

<P><STRONG><a name="[41]"></a>__aeabi_memclr</STRONG> (Thumb, 4 bytes, Stack size 0 bytes, memseta.o(.text), UNUSED)
<BR><BR>[Calls]<UL><LI><a href="#[42]">&gt;&gt;</a>&nbsp;&nbsp;&nbsp;__aeabi_memset
</UL>

<P><STRONG><a name="[a5]"></a>__aeabi_memclr4</STRONG> (Thumb, 0 bytes, Stack size 0 bytes, memseta.o(.text))
<BR><BR>[Called By]<UL><LI><a href="#[a4]">&gt;&gt;</a>&nbsp;&nbsp;&nbsp;SystemClock_Config
</UL>

<P><STRONG><a name="[f7]"></a>__aeabi_memclr8</STRONG> (Thumb, 0 bytes, Stack size 0 bytes, memseta.o(.text), UNUSED)

<P><STRONG><a name="[43]"></a>_memset$wrapper</STRONG> (Thumb, 18 bytes, Stack size 8 bytes, memseta.o(.text), UNUSED)
<BR><BR>[Calls]<UL><LI><a href="#[42]">&gt;&gt;</a>&nbsp;&nbsp;&nbsp;__aeabi_memset
</UL>

<P><STRONG><a name="[f8]"></a>__aeabi_uidiv</STRONG> (Thumb, 0 bytes, Stack size 12 bytes, uidiv.o(.text), UNUSED)

<P><STRONG><a name="[b0]"></a>__aeabi_uidivmod</STRONG> (Thumb, 44 bytes, Stack size 12 bytes, uidiv.o(.text), UNUSED)
<BR><BR>[Called By]<UL><LI><a href="#[aa]">&gt;&gt;</a>&nbsp;&nbsp;&nbsp;_printf_core
</UL>

<P><STRONG><a name="[44]"></a>__aeabi_uldivmod</STRONG> (Thumb, 98 bytes, Stack size 40 bytes, uldiv.o(.text), UNUSED)
<BR><BR>[Calls]<UL><LI><a href="#[46]">&gt;&gt;</a>&nbsp;&nbsp;&nbsp;__aeabi_llsl
<LI><a href="#[45]">&gt;&gt;</a>&nbsp;&nbsp;&nbsp;__aeabi_llsr
</UL>
<BR>[Called By]<UL><LI><a href="#[aa]">&gt;&gt;</a>&nbsp;&nbsp;&nbsp;_printf_core
<LI><a href="#[ac]">&gt;&gt;</a>&nbsp;&nbsp;&nbsp;_fp_digits
</UL>

<P><STRONG><a name="[f9]"></a>__I$use$fp</STRONG> (Thumb, 0 bytes, Stack size 48 bytes, iusefp.o(.text), UNUSED)

<P><STRONG><a name="[47]"></a>__aeabi_dadd</STRONG> (Thumb, 322 bytes, Stack size 48 bytes, dadd.o(.text), UNUSED)
<BR><BR>[Calls]<UL><LI><a href="#[48]">&gt;&gt;</a>&nbsp;&nbsp;&nbsp;__aeabi_lasr
<LI><a href="#[46]">&gt;&gt;</a>&nbsp;&nbsp;&nbsp;__aeabi_llsl
<LI><a href="#[4a]">&gt;&gt;</a>&nbsp;&nbsp;&nbsp;_double_round
<LI><a href="#[49]">&gt;&gt;</a>&nbsp;&nbsp;&nbsp;_double_epilogue
</UL>
<BR>[Called By]<UL><LI><a href="#[4c]">&gt;&gt;</a>&nbsp;&nbsp;&nbsp;__aeabi_drsub
<LI><a href="#[4b]">&gt;&gt;</a>&nbsp;&nbsp;&nbsp;__aeabi_dsub
<LI><a href="#[ac]">&gt;&gt;</a>&nbsp;&nbsp;&nbsp;_fp_digits
</UL>

<P><STRONG><a name="[4b]"></a>__aeabi_dsub</STRONG> (Thumb, 6 bytes, Stack size 0 bytes, dadd.o(.text), UNUSED)
<BR><BR>[Calls]<UL><LI><a href="#[47]">&gt;&gt;</a>&nbsp;&nbsp;&nbsp;__aeabi_dadd
</UL>

<P><STRONG><a name="[4c]"></a>__aeabi_drsub</STRONG> (Thumb, 6 bytes, Stack size 0 bytes, dadd.o(.text), UNUSED)
<BR><BR>[Calls]<UL><LI><a href="#[47]">&gt;&gt;</a>&nbsp;&nbsp;&nbsp;__aeabi_dadd
</UL>

<P><STRONG><a name="[4d]"></a>__aeabi_dmul</STRONG> (Thumb, 228 bytes, Stack size 48 bytes, dmul.o(.text), UNUSED)
<BR><BR>[Calls]<UL><LI><a href="#[49]">&gt;&gt;</a>&nbsp;&nbsp;&nbsp;_double_epilogue
</UL>
<BR>[Called By]<UL><LI><a href="#[ac]">&gt;&gt;</a>&nbsp;&nbsp;&nbsp;_fp_digits
</UL>

<P><STRONG><a name="[4e]"></a>__aeabi_ddiv</STRONG> (Thumb, 222 bytes, Stack size 32 bytes, ddiv.o(.text), UNUSED)
<BR><BR>[Calls]<UL><LI><a href="#[4a]">&gt;&gt;</a>&nbsp;&nbsp;&nbsp;_double_round
</UL>
<BR>[Called By]<UL><LI><a href="#[ac]">&gt;&gt;</a>&nbsp;&nbsp;&nbsp;_fp_digits
</UL>

<P><STRONG><a name="[4f]"></a>__aeabi_d2ulz</STRONG> (Thumb, 48 bytes, Stack size 0 bytes, dfixul.o(.text), UNUSED)
<BR><BR>[Calls]<UL><LI><a href="#[46]">&gt;&gt;</a>&nbsp;&nbsp;&nbsp;__aeabi_llsl
<LI><a href="#[45]">&gt;&gt;</a>&nbsp;&nbsp;&nbsp;__aeabi_llsr
</UL>
<BR>[Called By]<UL><LI><a href="#[ac]">&gt;&gt;</a>&nbsp;&nbsp;&nbsp;_fp_digits
</UL>

<P><STRONG><a name="[ad]"></a>__aeabi_cdrcmple</STRONG> (Thumb, 48 bytes, Stack size 0 bytes, cdrcmple.o(.text), UNUSED)
<BR><BR>[Called By]<UL><LI><a href="#[ac]">&gt;&gt;</a>&nbsp;&nbsp;&nbsp;_fp_digits
</UL>

<P><STRONG><a name="[40]"></a>__scatterload</STRONG> (Thumb, 28 bytes, Stack size 0 bytes, init.o(.text))
<BR><BR>[Calls]<UL><LI><a href="#[50]">&gt;&gt;</a>&nbsp;&nbsp;&nbsp;__main_after_scatterload
</UL>
<BR>[Called By]<UL><LI><a href="#[3f]">&gt;&gt;</a>&nbsp;&nbsp;&nbsp;_main_scatterload
</UL>

<P><STRONG><a name="[fa]"></a>__scatterload_rt2</STRONG> (Thumb, 0 bytes, Stack size 0 bytes, init.o(.text), UNUSED)

<P><STRONG><a name="[46]"></a>__aeabi_llsl</STRONG> (Thumb, 30 bytes, Stack size 0 bytes, llshl.o(.text), UNUSED)
<BR><BR>[Called By]<UL><LI><a href="#[49]">&gt;&gt;</a>&nbsp;&nbsp;&nbsp;_double_epilogue
<LI><a href="#[44]">&gt;&gt;</a>&nbsp;&nbsp;&nbsp;__aeabi_uldivmod
<LI><a href="#[47]">&gt;&gt;</a>&nbsp;&nbsp;&nbsp;__aeabi_dadd
<LI><a href="#[4f]">&gt;&gt;</a>&nbsp;&nbsp;&nbsp;__aeabi_d2ulz
</UL>

<P><STRONG><a name="[fb]"></a>_ll_shift_l</STRONG> (Thumb, 0 bytes, Stack size 0 bytes, llshl.o(.text), UNUSED)

<P><STRONG><a name="[48]"></a>__aeabi_lasr</STRONG> (Thumb, 36 bytes, Stack size 0 bytes, llsshr.o(.text), UNUSED)
<BR><BR>[Called By]<UL><LI><a href="#[47]">&gt;&gt;</a>&nbsp;&nbsp;&nbsp;__aeabi_dadd
</UL>

<P><STRONG><a name="[fc]"></a>_ll_sshift_r</STRONG> (Thumb, 0 bytes, Stack size 0 bytes, llsshr.o(.text), UNUSED)

<P><STRONG><a name="[4a]"></a>_double_round</STRONG> (Thumb, 30 bytes, Stack size 8 bytes, depilogue.o(.text), UNUSED)
<BR><BR>[Called By]<UL><LI><a href="#[49]">&gt;&gt;</a>&nbsp;&nbsp;&nbsp;_double_epilogue
<LI><a href="#[4e]">&gt;&gt;</a>&nbsp;&nbsp;&nbsp;__aeabi_ddiv
<LI><a href="#[47]">&gt;&gt;</a>&nbsp;&nbsp;&nbsp;__aeabi_dadd
</UL>

<P><STRONG><a name="[49]"></a>_double_epilogue</STRONG> (Thumb, 156 bytes, Stack size 32 bytes, depilogue.o(.text), UNUSED)
<BR><BR>[Calls]<UL><LI><a href="#[46]">&gt;&gt;</a>&nbsp;&nbsp;&nbsp;__aeabi_llsl
<LI><a href="#[4a]">&gt;&gt;</a>&nbsp;&nbsp;&nbsp;_double_round
<LI><a href="#[45]">&gt;&gt;</a>&nbsp;&nbsp;&nbsp;__aeabi_llsr
</UL>
<BR>[Called By]<UL><LI><a href="#[4d]">&gt;&gt;</a>&nbsp;&nbsp;&nbsp;__aeabi_dmul
<LI><a href="#[47]">&gt;&gt;</a>&nbsp;&nbsp;&nbsp;__aeabi_dadd
</UL>

<P><STRONG><a name="[fd]"></a>__decompress</STRONG> (Thumb, 0 bytes, Stack size unknown bytes, __dczerorl2.o(.text), UNUSED)

<P><STRONG><a name="[fe]"></a>__decompress1</STRONG> (Thumb, 86 bytes, Stack size unknown bytes, __dczerorl2.o(.text), UNUSED)

<P><STRONG><a name="[4]"></a>BusFault_Handler</STRONG> (Thumb, 4 bytes, Stack size 0 bytes, stm32f1xx_it.o(i.BusFault_Handler))
<BR>[Address Reference Count : 1]<UL><LI> startup_stm32f103xb.o(RESET)
</UL>
<P><STRONG><a name="[ed]"></a>Check_Sum</STRONG> (Thumb, 28 bytes, Stack size 8 bytes, caijiqi.o(i.Check_Sum))
<BR><BR>[Stack]<UL><LI>Max Depth = 8<LI>Call Chain = Check_Sum
</UL>
<BR>[Called By]<UL><LI><a href="#[a8]">&gt;&gt;</a>&nbsp;&nbsp;&nbsp;uart_3_rxcallback
</UL>

<P><STRONG><a name="[7]"></a>DebugMon_Handler</STRONG> (Thumb, 2 bytes, Stack size 0 bytes, stm32f1xx_it.o(i.DebugMon_Handler))
<BR>[Address Reference Count : 1]<UL><LI> startup_stm32f103xb.o(RESET)
</UL>
<P><STRONG><a name="[98]"></a>Error_Handler</STRONG> (Thumb, 2 bytes, Stack size 0 bytes, main.o(i.Error_Handler))
<BR><BR>[Called By]<UL><LI><a href="#[a4]">&gt;&gt;</a>&nbsp;&nbsp;&nbsp;SystemClock_Config
<LI><a href="#[9e]">&gt;&gt;</a>&nbsp;&nbsp;&nbsp;MX_USART3_UART_Init
<LI><a href="#[9d]">&gt;&gt;</a>&nbsp;&nbsp;&nbsp;MX_USART2_UART_Init
<LI><a href="#[9c]">&gt;&gt;</a>&nbsp;&nbsp;&nbsp;MX_USART1_UART_Init
<LI><a href="#[9a]">&gt;&gt;</a>&nbsp;&nbsp;&nbsp;MX_TIM1_Init
<LI><a href="#[99]">&gt;&gt;</a>&nbsp;&nbsp;&nbsp;MX_SPI1_Init
<LI><a href="#[97]">&gt;&gt;</a>&nbsp;&nbsp;&nbsp;MX_IWDG_Init
</UL>

<P><STRONG><a name="[7e]"></a>HAL_GPIO_Init</STRONG> (Thumb, 764 bytes, Stack size 36 bytes, stm32f1xx_hal_gpio.o(i.HAL_GPIO_Init))
<BR><BR>[Stack]<UL><LI>Max Depth = 36<LI>Call Chain = HAL_GPIO_Init
</UL>
<BR>[Called By]<UL><LI><a href="#[93]">&gt;&gt;</a>&nbsp;&nbsp;&nbsp;HAL_UART_MspInit
<LI><a href="#[7d]">&gt;&gt;</a>&nbsp;&nbsp;&nbsp;HAL_SPI_MspInit
<LI><a href="#[95]">&gt;&gt;</a>&nbsp;&nbsp;&nbsp;MX_GPIO_Init
</UL>

<P><STRONG><a name="[a1]"></a>HAL_GPIO_ReadPin</STRONG> (Thumb, 16 bytes, Stack size 0 bytes, stm32f1xx_hal_gpio.o(i.HAL_GPIO_ReadPin))
<BR><BR>[Called By]<UL><LI><a href="#[a0]">&gt;&gt;</a>&nbsp;&nbsp;&nbsp;SDA_read
</UL>

<P><STRONG><a name="[96]"></a>HAL_GPIO_WritePin</STRONG> (Thumb, 12 bytes, Stack size 0 bytes, stm32f1xx_hal_gpio.o(i.HAL_GPIO_WritePin))
<BR><BR>[Called By]<UL><LI><a href="#[d6]">&gt;&gt;</a>&nbsp;&nbsp;&nbsp;my_main
<LI><a href="#[95]">&gt;&gt;</a>&nbsp;&nbsp;&nbsp;MX_GPIO_Init
<LI><a href="#[cd]">&gt;&gt;</a>&nbsp;&nbsp;&nbsp;func_power_reset
<LI><a href="#[a2]">&gt;&gt;</a>&nbsp;&nbsp;&nbsp;SDA_write
<LI><a href="#[9f]">&gt;&gt;</a>&nbsp;&nbsp;&nbsp;SCL_write
<LI><a href="#[dc]">&gt;&gt;</a>&nbsp;&nbsp;&nbsp;rs485_put_string
</UL>

<P><STRONG><a name="[6c]"></a>HAL_GetTick</STRONG> (Thumb, 6 bytes, Stack size 0 bytes, stm32f1xx_hal.o(i.HAL_GetTick))
<BR><BR>[Called By]<UL><LI><a href="#[6b]">&gt;&gt;</a>&nbsp;&nbsp;&nbsp;HAL_IWDG_Init
<LI><a href="#[7a]">&gt;&gt;</a>&nbsp;&nbsp;&nbsp;HAL_RCC_OscConfig
<LI><a href="#[75]">&gt;&gt;</a>&nbsp;&nbsp;&nbsp;HAL_RCC_ClockConfig
</UL>

<P><STRONG><a name="[6b]"></a>HAL_IWDG_Init</STRONG> (Thumb, 80 bytes, Stack size 16 bytes, stm32f1xx_hal_iwdg.o(i.HAL_IWDG_Init))
<BR><BR>[Stack]<UL><LI>Max Depth = 16<LI>Call Chain = HAL_IWDG_Init
</UL>
<BR>[Calls]<UL><LI><a href="#[6c]">&gt;&gt;</a>&nbsp;&nbsp;&nbsp;HAL_GetTick
</UL>
<BR>[Called By]<UL><LI><a href="#[97]">&gt;&gt;</a>&nbsp;&nbsp;&nbsp;MX_IWDG_Init
</UL>

<P><STRONG><a name="[de]"></a>HAL_IWDG_Refresh</STRONG> (Thumb, 14 bytes, Stack size 0 bytes, stm32f1xx_hal_iwdg.o(i.HAL_IWDG_Refresh))
<BR><BR>[Called By]<UL><LI><a href="#[d6]">&gt;&gt;</a>&nbsp;&nbsp;&nbsp;my_main
</UL>

<P><STRONG><a name="[a3]"></a>HAL_IncTick</STRONG> (Thumb, 16 bytes, Stack size 0 bytes, stm32f1xx_hal.o(i.HAL_IncTick))
<BR><BR>[Called By]<UL><LI><a href="#[9]">&gt;&gt;</a>&nbsp;&nbsp;&nbsp;SysTick_Handler
</UL>

<P><STRONG><a name="[6d]"></a>HAL_Init</STRONG> (Thumb, 34 bytes, Stack size 8 bytes, stm32f1xx_hal.o(i.HAL_Init))
<BR><BR>[Stack]<UL><LI>Max Depth = 72<LI>Call Chain = HAL_Init &rArr; HAL_InitTick &rArr; HAL_NVIC_SetPriority &rArr; NVIC_SetPriority
</UL>
<BR>[Calls]<UL><LI><a href="#[6f]">&gt;&gt;</a>&nbsp;&nbsp;&nbsp;HAL_InitTick
<LI><a href="#[6e]">&gt;&gt;</a>&nbsp;&nbsp;&nbsp;HAL_NVIC_SetPriorityGrouping
<LI><a href="#[70]">&gt;&gt;</a>&nbsp;&nbsp;&nbsp;HAL_MspInit
</UL>
<BR>[Called By]<UL><LI><a href="#[35]">&gt;&gt;</a>&nbsp;&nbsp;&nbsp;main
</UL>

<P><STRONG><a name="[6f]"></a>HAL_InitTick</STRONG> (Thumb, 64 bytes, Stack size 16 bytes, stm32f1xx_hal.o(i.HAL_InitTick))
<BR><BR>[Stack]<UL><LI>Max Depth = 64<LI>Call Chain = HAL_InitTick &rArr; HAL_NVIC_SetPriority &rArr; NVIC_SetPriority
</UL>
<BR>[Calls]<UL><LI><a href="#[71]">&gt;&gt;</a>&nbsp;&nbsp;&nbsp;HAL_SYSTICK_Config
<LI><a href="#[72]">&gt;&gt;</a>&nbsp;&nbsp;&nbsp;HAL_NVIC_SetPriority
</UL>
<BR>[Called By]<UL><LI><a href="#[75]">&gt;&gt;</a>&nbsp;&nbsp;&nbsp;HAL_RCC_ClockConfig
<LI><a href="#[6d]">&gt;&gt;</a>&nbsp;&nbsp;&nbsp;HAL_Init
</UL>

<P><STRONG><a name="[70]"></a>HAL_MspInit</STRONG> (Thumb, 82 bytes, Stack size 8 bytes, stm32f1xx_hal_msp.o(i.HAL_MspInit))
<BR><BR>[Stack]<UL><LI>Max Depth = 8<LI>Call Chain = HAL_MspInit
</UL>
<BR>[Calls]<UL><LI><a href="#[6e]">&gt;&gt;</a>&nbsp;&nbsp;&nbsp;HAL_NVIC_SetPriorityGrouping
</UL>
<BR>[Called By]<UL><LI><a href="#[6d]">&gt;&gt;</a>&nbsp;&nbsp;&nbsp;HAL_Init
</UL>

<P><STRONG><a name="[82]"></a>HAL_NVIC_EnableIRQ</STRONG> (Thumb, 26 bytes, Stack size 0 bytes, stm32f1xx_hal_cortex.o(i.HAL_NVIC_EnableIRQ))
<BR><BR>[Called By]<UL><LI><a href="#[93]">&gt;&gt;</a>&nbsp;&nbsp;&nbsp;HAL_UART_MspInit
<LI><a href="#[80]">&gt;&gt;</a>&nbsp;&nbsp;&nbsp;HAL_TIM_Base_MspInit
</UL>

<P><STRONG><a name="[72]"></a>HAL_NVIC_SetPriority</STRONG> (Thumb, 124 bytes, Stack size 40 bytes, stm32f1xx_hal_cortex.o(i.HAL_NVIC_SetPriority))
<BR><BR>[Stack]<UL><LI>Max Depth = 48<LI>Call Chain = HAL_NVIC_SetPriority &rArr; NVIC_SetPriority
</UL>
<BR>[Calls]<UL><LI><a href="#[74]">&gt;&gt;</a>&nbsp;&nbsp;&nbsp;NVIC_SetPriority
<LI><a href="#[73]">&gt;&gt;</a>&nbsp;&nbsp;&nbsp;NVIC_GetPriorityGrouping
</UL>
<BR>[Called By]<UL><LI><a href="#[6f]">&gt;&gt;</a>&nbsp;&nbsp;&nbsp;HAL_InitTick
<LI><a href="#[93]">&gt;&gt;</a>&nbsp;&nbsp;&nbsp;HAL_UART_MspInit
<LI><a href="#[80]">&gt;&gt;</a>&nbsp;&nbsp;&nbsp;HAL_TIM_Base_MspInit
</UL>

<P><STRONG><a name="[6e]"></a>HAL_NVIC_SetPriorityGrouping</STRONG> (Thumb, 32 bytes, Stack size 0 bytes, stm32f1xx_hal_cortex.o(i.HAL_NVIC_SetPriorityGrouping))
<BR><BR>[Called By]<UL><LI><a href="#[6d]">&gt;&gt;</a>&nbsp;&nbsp;&nbsp;HAL_Init
<LI><a href="#[70]">&gt;&gt;</a>&nbsp;&nbsp;&nbsp;HAL_MspInit
</UL>

<P><STRONG><a name="[75]"></a>HAL_RCC_ClockConfig</STRONG> (Thumb, 446 bytes, Stack size 16 bytes, stm32f1xx_hal_rcc.o(i.HAL_RCC_ClockConfig))
<BR><BR>[Stack]<UL><LI>Max Depth = 80<LI>Call Chain = HAL_RCC_ClockConfig &rArr; HAL_InitTick &rArr; HAL_NVIC_SetPriority &rArr; NVIC_SetPriority
</UL>
<BR>[Calls]<UL><LI><a href="#[6c]">&gt;&gt;</a>&nbsp;&nbsp;&nbsp;HAL_GetTick
<LI><a href="#[76]">&gt;&gt;</a>&nbsp;&nbsp;&nbsp;HAL_RCC_GetSysClockFreq
<LI><a href="#[6f]">&gt;&gt;</a>&nbsp;&nbsp;&nbsp;HAL_InitTick
</UL>
<BR>[Called By]<UL><LI><a href="#[a4]">&gt;&gt;</a>&nbsp;&nbsp;&nbsp;SystemClock_Config
</UL>

<P><STRONG><a name="[78]"></a>HAL_RCC_GetHCLKFreq</STRONG> (Thumb, 6 bytes, Stack size 0 bytes, stm32f1xx_hal_rcc.o(i.HAL_RCC_GetHCLKFreq))
<BR><BR>[Called By]<UL><LI><a href="#[79]">&gt;&gt;</a>&nbsp;&nbsp;&nbsp;HAL_RCC_GetPCLK2Freq
<LI><a href="#[77]">&gt;&gt;</a>&nbsp;&nbsp;&nbsp;HAL_RCC_GetPCLK1Freq
</UL>

<P><STRONG><a name="[77]"></a>HAL_RCC_GetPCLK1Freq</STRONG> (Thumb, 22 bytes, Stack size 4 bytes, stm32f1xx_hal_rcc.o(i.HAL_RCC_GetPCLK1Freq))
<BR><BR>[Stack]<UL><LI>Max Depth = 4<LI>Call Chain = HAL_RCC_GetPCLK1Freq
</UL>
<BR>[Calls]<UL><LI><a href="#[78]">&gt;&gt;</a>&nbsp;&nbsp;&nbsp;HAL_RCC_GetHCLKFreq
</UL>
<BR>[Called By]<UL><LI><a href="#[94]">&gt;&gt;</a>&nbsp;&nbsp;&nbsp;UART_SetConfig
</UL>

<P><STRONG><a name="[79]"></a>HAL_RCC_GetPCLK2Freq</STRONG> (Thumb, 22 bytes, Stack size 4 bytes, stm32f1xx_hal_rcc.o(i.HAL_RCC_GetPCLK2Freq))
<BR><BR>[Stack]<UL><LI>Max Depth = 4<LI>Call Chain = HAL_RCC_GetPCLK2Freq
</UL>
<BR>[Calls]<UL><LI><a href="#[78]">&gt;&gt;</a>&nbsp;&nbsp;&nbsp;HAL_RCC_GetHCLKFreq
</UL>
<BR>[Called By]<UL><LI><a href="#[94]">&gt;&gt;</a>&nbsp;&nbsp;&nbsp;UART_SetConfig
</UL>

<P><STRONG><a name="[76]"></a>HAL_RCC_GetSysClockFreq</STRONG> (Thumb, 116 bytes, Stack size 40 bytes, stm32f1xx_hal_rcc.o(i.HAL_RCC_GetSysClockFreq))
<BR><BR>[Stack]<UL><LI>Max Depth = 40<LI>Call Chain = HAL_RCC_GetSysClockFreq
</UL>
<BR>[Called By]<UL><LI><a href="#[75]">&gt;&gt;</a>&nbsp;&nbsp;&nbsp;HAL_RCC_ClockConfig
</UL>

<P><STRONG><a name="[7a]"></a>HAL_RCC_OscConfig</STRONG> (Thumb, 1078 bytes, Stack size 24 bytes, stm32f1xx_hal_rcc.o(i.HAL_RCC_OscConfig))
<BR><BR>[Stack]<UL><LI>Max Depth = 32<LI>Call Chain = HAL_RCC_OscConfig &rArr; RCC_Delay
</UL>
<BR>[Calls]<UL><LI><a href="#[6c]">&gt;&gt;</a>&nbsp;&nbsp;&nbsp;HAL_GetTick
<LI><a href="#[7b]">&gt;&gt;</a>&nbsp;&nbsp;&nbsp;RCC_Delay
</UL>
<BR>[Called By]<UL><LI><a href="#[a4]">&gt;&gt;</a>&nbsp;&nbsp;&nbsp;SystemClock_Config
</UL>

<P><STRONG><a name="[7c]"></a>HAL_SPI_Init</STRONG> (Thumb, 134 bytes, Stack size 8 bytes, stm32f1xx_hal_spi_ex.o(i.HAL_SPI_Init))
<BR><BR>[Stack]<UL><LI>Max Depth = 76<LI>Call Chain = HAL_SPI_Init &rArr; HAL_SPI_MspInit &rArr; HAL_GPIO_Init
</UL>
<BR>[Calls]<UL><LI><a href="#[7d]">&gt;&gt;</a>&nbsp;&nbsp;&nbsp;HAL_SPI_MspInit
</UL>
<BR>[Called By]<UL><LI><a href="#[99]">&gt;&gt;</a>&nbsp;&nbsp;&nbsp;MX_SPI1_Init
</UL>

<P><STRONG><a name="[7d]"></a>HAL_SPI_MspInit</STRONG> (Thumb, 138 bytes, Stack size 32 bytes, stm32f1xx_hal_msp.o(i.HAL_SPI_MspInit))
<BR><BR>[Stack]<UL><LI>Max Depth = 68<LI>Call Chain = HAL_SPI_MspInit &rArr; HAL_GPIO_Init
</UL>
<BR>[Calls]<UL><LI><a href="#[7e]">&gt;&gt;</a>&nbsp;&nbsp;&nbsp;HAL_GPIO_Init
</UL>
<BR>[Called By]<UL><LI><a href="#[7c]">&gt;&gt;</a>&nbsp;&nbsp;&nbsp;HAL_SPI_Init
</UL>

<P><STRONG><a name="[71]"></a>HAL_SYSTICK_Config</STRONG> (Thumb, 52 bytes, Stack size 16 bytes, stm32f1xx_hal_cortex.o(i.HAL_SYSTICK_Config))
<BR><BR>[Stack]<UL><LI>Max Depth = 24<LI>Call Chain = HAL_SYSTICK_Config &rArr; NVIC_SetPriority
</UL>
<BR>[Calls]<UL><LI><a href="#[74]">&gt;&gt;</a>&nbsp;&nbsp;&nbsp;NVIC_SetPriority
</UL>
<BR>[Called By]<UL><LI><a href="#[6f]">&gt;&gt;</a>&nbsp;&nbsp;&nbsp;HAL_InitTick
</UL>

<P><STRONG><a name="[8d]"></a>HAL_TIMEx_BreakCallback</STRONG> (Thumb, 2 bytes, Stack size 0 bytes, stm32f1xx_hal_tim_ex.o(i.HAL_TIMEx_BreakCallback))
<BR><BR>[Called By]<UL><LI><a href="#[88]">&gt;&gt;</a>&nbsp;&nbsp;&nbsp;HAL_TIM_IRQHandler
</UL>

<P><STRONG><a name="[8f]"></a>HAL_TIMEx_CommutationCallback</STRONG> (Thumb, 2 bytes, Stack size 0 bytes, stm32f1xx_hal_tim_ex.o(i.HAL_TIMEx_CommutationCallback))
<BR><BR>[Called By]<UL><LI><a href="#[88]">&gt;&gt;</a>&nbsp;&nbsp;&nbsp;HAL_TIM_IRQHandler
</UL>

<P><STRONG><a name="[9b]"></a>HAL_TIMEx_MasterConfigSynchronization</STRONG> (Thumb, 98 bytes, Stack size 0 bytes, stm32f1xx_hal_tim_ex.o(i.HAL_TIMEx_MasterConfigSynchronization))
<BR><BR>[Called By]<UL><LI><a href="#[9a]">&gt;&gt;</a>&nbsp;&nbsp;&nbsp;MX_TIM1_Init
</UL>

<P><STRONG><a name="[7f]"></a>HAL_TIM_Base_Init</STRONG> (Thumb, 52 bytes, Stack size 8 bytes, stm32f1xx_hal_tim.o(i.HAL_TIM_Base_Init))
<BR><BR>[Stack]<UL><LI>Max Depth = 72<LI>Call Chain = HAL_TIM_Base_Init &rArr; HAL_TIM_Base_MspInit &rArr; HAL_NVIC_SetPriority &rArr; NVIC_SetPriority
</UL>
<BR>[Calls]<UL><LI><a href="#[81]">&gt;&gt;</a>&nbsp;&nbsp;&nbsp;TIM_Base_SetConfig
<LI><a href="#[80]">&gt;&gt;</a>&nbsp;&nbsp;&nbsp;HAL_TIM_Base_MspInit
</UL>
<BR>[Called By]<UL><LI><a href="#[9a]">&gt;&gt;</a>&nbsp;&nbsp;&nbsp;MX_TIM1_Init
</UL>

<P><STRONG><a name="[80]"></a>HAL_TIM_Base_MspInit</STRONG> (Thumb, 58 bytes, Stack size 16 bytes, stm32f1xx_hal_msp.o(i.HAL_TIM_Base_MspInit))
<BR><BR>[Stack]<UL><LI>Max Depth = 64<LI>Call Chain = HAL_TIM_Base_MspInit &rArr; HAL_NVIC_SetPriority &rArr; NVIC_SetPriority
</UL>
<BR>[Calls]<UL><LI><a href="#[82]">&gt;&gt;</a>&nbsp;&nbsp;&nbsp;HAL_NVIC_EnableIRQ
<LI><a href="#[72]">&gt;&gt;</a>&nbsp;&nbsp;&nbsp;HAL_NVIC_SetPriority
</UL>
<BR>[Called By]<UL><LI><a href="#[7f]">&gt;&gt;</a>&nbsp;&nbsp;&nbsp;HAL_TIM_Base_Init
</UL>

<P><STRONG><a name="[da]"></a>HAL_TIM_Base_Start_IT</STRONG> (Thumb, 30 bytes, Stack size 0 bytes, stm32f1xx_hal_tim.o(i.HAL_TIM_Base_Start_IT))
<BR><BR>[Called By]<UL><LI><a href="#[d6]">&gt;&gt;</a>&nbsp;&nbsp;&nbsp;my_main
</UL>

<P><STRONG><a name="[83]"></a>HAL_TIM_ConfigClockSource</STRONG> (Thumb, 306 bytes, Stack size 24 bytes, stm32f1xx_hal_tim.o(i.HAL_TIM_ConfigClockSource))
<BR><BR>[Stack]<UL><LI>Max Depth = 36<LI>Call Chain = HAL_TIM_ConfigClockSource &rArr; TIM_TI2_ConfigInputStage
</UL>
<BR>[Calls]<UL><LI><a href="#[87]">&gt;&gt;</a>&nbsp;&nbsp;&nbsp;TIM_TI2_ConfigInputStage
<LI><a href="#[85]">&gt;&gt;</a>&nbsp;&nbsp;&nbsp;TIM_TI1_ConfigInputStage
<LI><a href="#[86]">&gt;&gt;</a>&nbsp;&nbsp;&nbsp;TIM_ITRx_SetConfig
<LI><a href="#[84]">&gt;&gt;</a>&nbsp;&nbsp;&nbsp;TIM_ETR_SetConfig
</UL>
<BR>[Called By]<UL><LI><a href="#[9a]">&gt;&gt;</a>&nbsp;&nbsp;&nbsp;MX_TIM1_Init
</UL>

<P><STRONG><a name="[89]"></a>HAL_TIM_IC_CaptureCallback</STRONG> (Thumb, 2 bytes, Stack size 0 bytes, stm32f1xx_hal_tim.o(i.HAL_TIM_IC_CaptureCallback))
<BR><BR>[Called By]<UL><LI><a href="#[88]">&gt;&gt;</a>&nbsp;&nbsp;&nbsp;HAL_TIM_IRQHandler
</UL>

<P><STRONG><a name="[88]"></a>HAL_TIM_IRQHandler</STRONG> (Thumb, 406 bytes, Stack size 8 bytes, stm32f1xx_hal_tim.o(i.HAL_TIM_IRQHandler))
<BR><BR>[Stack]<UL><LI>Max Depth = 128<LI>Call Chain = HAL_TIM_IRQHandler &rArr; HAL_TIM_PeriodElapsedCallback &rArr; func_uart3_timeout &rArr; uart_3_frame_callback &rArr; get_bianhao &rArr; uart_3_printf &rArr; vsprintf
</UL>
<BR>[Calls]<UL><LI><a href="#[8e]">&gt;&gt;</a>&nbsp;&nbsp;&nbsp;HAL_TIM_TriggerCallback
<LI><a href="#[8b]">&gt;&gt;</a>&nbsp;&nbsp;&nbsp;HAL_TIM_PWM_PulseFinishedCallback
<LI><a href="#[8a]">&gt;&gt;</a>&nbsp;&nbsp;&nbsp;HAL_TIM_OC_DelayElapsedCallback
<LI><a href="#[89]">&gt;&gt;</a>&nbsp;&nbsp;&nbsp;HAL_TIM_IC_CaptureCallback
<LI><a href="#[8f]">&gt;&gt;</a>&nbsp;&nbsp;&nbsp;HAL_TIMEx_CommutationCallback
<LI><a href="#[8d]">&gt;&gt;</a>&nbsp;&nbsp;&nbsp;HAL_TIMEx_BreakCallback
<LI><a href="#[8c]">&gt;&gt;</a>&nbsp;&nbsp;&nbsp;HAL_TIM_PeriodElapsedCallback
</UL>
<BR>[Called By]<UL><LI><a href="#[23]">&gt;&gt;</a>&nbsp;&nbsp;&nbsp;TIM1_UP_IRQHandler
</UL>

<P><STRONG><a name="[8a]"></a>HAL_TIM_OC_DelayElapsedCallback</STRONG> (Thumb, 2 bytes, Stack size 0 bytes, stm32f1xx_hal_tim.o(i.HAL_TIM_OC_DelayElapsedCallback))
<BR><BR>[Called By]<UL><LI><a href="#[88]">&gt;&gt;</a>&nbsp;&nbsp;&nbsp;HAL_TIM_IRQHandler
</UL>

<P><STRONG><a name="[8b]"></a>HAL_TIM_PWM_PulseFinishedCallback</STRONG> (Thumb, 2 bytes, Stack size 0 bytes, stm32f1xx_hal_tim.o(i.HAL_TIM_PWM_PulseFinishedCallback))
<BR><BR>[Called By]<UL><LI><a href="#[88]">&gt;&gt;</a>&nbsp;&nbsp;&nbsp;HAL_TIM_IRQHandler
</UL>

<P><STRONG><a name="[8c]"></a>HAL_TIM_PeriodElapsedCallback</STRONG> (Thumb, 130 bytes, Stack size 8 bytes, mymain.o(i.HAL_TIM_PeriodElapsedCallback))
<BR><BR>[Stack]<UL><LI>Max Depth = 120<LI>Call Chain = HAL_TIM_PeriodElapsedCallback &rArr; func_uart3_timeout &rArr; uart_3_frame_callback &rArr; get_bianhao &rArr; uart_3_printf &rArr; vsprintf
</UL>
<BR>[Calls]<UL><LI><a href="#[90]">&gt;&gt;</a>&nbsp;&nbsp;&nbsp;func_uart3_timeout
<LI><a href="#[91]">&gt;&gt;</a>&nbsp;&nbsp;&nbsp;func_m26
</UL>
<BR>[Called By]<UL><LI><a href="#[88]">&gt;&gt;</a>&nbsp;&nbsp;&nbsp;HAL_TIM_IRQHandler
</UL>

<P><STRONG><a name="[8e]"></a>HAL_TIM_TriggerCallback</STRONG> (Thumb, 2 bytes, Stack size 0 bytes, stm32f1xx_hal_tim.o(i.HAL_TIM_TriggerCallback))
<BR><BR>[Called By]<UL><LI><a href="#[88]">&gt;&gt;</a>&nbsp;&nbsp;&nbsp;HAL_TIM_IRQHandler
</UL>

<P><STRONG><a name="[92]"></a>HAL_UART_Init</STRONG> (Thumb, 114 bytes, Stack size 8 bytes, stm32f1xx_hal_uart.o(i.HAL_UART_Init))
<BR><BR>[Stack]<UL><LI>Max Depth = 88<LI>Call Chain = HAL_UART_Init &rArr; HAL_UART_MspInit &rArr; HAL_NVIC_SetPriority &rArr; NVIC_SetPriority
</UL>
<BR>[Calls]<UL><LI><a href="#[94]">&gt;&gt;</a>&nbsp;&nbsp;&nbsp;UART_SetConfig
<LI><a href="#[93]">&gt;&gt;</a>&nbsp;&nbsp;&nbsp;HAL_UART_MspInit
</UL>
<BR>[Called By]<UL><LI><a href="#[9e]">&gt;&gt;</a>&nbsp;&nbsp;&nbsp;MX_USART3_UART_Init
<LI><a href="#[9d]">&gt;&gt;</a>&nbsp;&nbsp;&nbsp;MX_USART2_UART_Init
<LI><a href="#[9c]">&gt;&gt;</a>&nbsp;&nbsp;&nbsp;MX_USART1_UART_Init
</UL>

<P><STRONG><a name="[93]"></a>HAL_UART_MspInit</STRONG> (Thumb, 376 bytes, Stack size 32 bytes, stm32f1xx_hal_msp.o(i.HAL_UART_MspInit))
<BR><BR>[Stack]<UL><LI>Max Depth = 80<LI>Call Chain = HAL_UART_MspInit &rArr; HAL_NVIC_SetPriority &rArr; NVIC_SetPriority
</UL>
<BR>[Calls]<UL><LI><a href="#[82]">&gt;&gt;</a>&nbsp;&nbsp;&nbsp;HAL_NVIC_EnableIRQ
<LI><a href="#[7e]">&gt;&gt;</a>&nbsp;&nbsp;&nbsp;HAL_GPIO_Init
<LI><a href="#[72]">&gt;&gt;</a>&nbsp;&nbsp;&nbsp;HAL_NVIC_SetPriority
</UL>
<BR>[Called By]<UL><LI><a href="#[92]">&gt;&gt;</a>&nbsp;&nbsp;&nbsp;HAL_UART_Init
</UL>

<P><STRONG><a name="[2]"></a>HardFault_Handler</STRONG> (Thumb, 4 bytes, Stack size 0 bytes, stm32f1xx_it.o(i.HardFault_Handler))
<BR>[Address Reference Count : 1]<UL><LI> startup_stm32f103xb.o(RESET)
</UL>
<P><STRONG><a name="[97]"></a>MX_IWDG_Init</STRONG> (Thumb, 32 bytes, Stack size 8 bytes, mymain.o(i.MX_IWDG_Init))
<BR><BR>[Stack]<UL><LI>Max Depth = 24<LI>Call Chain = MX_IWDG_Init &rArr; HAL_IWDG_Init
</UL>
<BR>[Calls]<UL><LI><a href="#[6b]">&gt;&gt;</a>&nbsp;&nbsp;&nbsp;HAL_IWDG_Init
<LI><a href="#[98]">&gt;&gt;</a>&nbsp;&nbsp;&nbsp;Error_Handler
</UL>
<BR>[Called By]<UL><LI><a href="#[d6]">&gt;&gt;</a>&nbsp;&nbsp;&nbsp;my_main
</UL>

<P><STRONG><a name="[3]"></a>MemManage_Handler</STRONG> (Thumb, 4 bytes, Stack size 0 bytes, stm32f1xx_it.o(i.MemManage_Handler))
<BR>[Address Reference Count : 1]<UL><LI> startup_stm32f103xb.o(RESET)
</UL>
<P><STRONG><a name="[1]"></a>NMI_Handler</STRONG> (Thumb, 2 bytes, Stack size 0 bytes, stm32f1xx_it.o(i.NMI_Handler))
<BR>[Address Reference Count : 1]<UL><LI> startup_stm32f103xb.o(RESET)
</UL>
<P><STRONG><a name="[8]"></a>PendSV_Handler</STRONG> (Thumb, 2 bytes, Stack size 0 bytes, stm32f1xx_it.o(i.PendSV_Handler))
<BR>[Address Reference Count : 1]<UL><LI> startup_stm32f103xb.o(RESET)
</UL>
<P><STRONG><a name="[6]"></a>SVC_Handler</STRONG> (Thumb, 2 bytes, Stack size 0 bytes, stm32f1xx_it.o(i.SVC_Handler))
<BR>[Address Reference Count : 1]<UL><LI> startup_stm32f103xb.o(RESET)
</UL>
<P><STRONG><a name="[9]"></a>SysTick_Handler</STRONG> (Thumb, 8 bytes, Stack size 8 bytes, stm32f1xx_it.o(i.SysTick_Handler))
<BR><BR>[Stack]<UL><LI>Max Depth = 8<LI>Call Chain = SysTick_Handler
</UL>
<BR>[Calls]<UL><LI><a href="#[a3]">&gt;&gt;</a>&nbsp;&nbsp;&nbsp;HAL_IncTick
</UL>
<BR>[Address Reference Count : 1]<UL><LI> startup_stm32f103xb.o(RESET)
</UL>
<P><STRONG><a name="[a4]"></a>SystemClock_Config</STRONG> (Thumb, 106 bytes, Stack size 64 bytes, main.o(i.SystemClock_Config))
<BR><BR>[Stack]<UL><LI>Max Depth = 144<LI>Call Chain = SystemClock_Config &rArr; HAL_RCC_ClockConfig &rArr; HAL_InitTick &rArr; HAL_NVIC_SetPriority &rArr; NVIC_SetPriority
</UL>
<BR>[Calls]<UL><LI><a href="#[7a]">&gt;&gt;</a>&nbsp;&nbsp;&nbsp;HAL_RCC_OscConfig
<LI><a href="#[75]">&gt;&gt;</a>&nbsp;&nbsp;&nbsp;HAL_RCC_ClockConfig
<LI><a href="#[98]">&gt;&gt;</a>&nbsp;&nbsp;&nbsp;Error_Handler
<LI><a href="#[a5]">&gt;&gt;</a>&nbsp;&nbsp;&nbsp;__aeabi_memclr4
</UL>
<BR>[Called By]<UL><LI><a href="#[35]">&gt;&gt;</a>&nbsp;&nbsp;&nbsp;main
</UL>

<P><STRONG><a name="[36]"></a>SystemInit</STRONG> (Thumb, 70 bytes, Stack size 0 bytes, system_stm32f1xx.o(i.SystemInit))
<BR>[Address Reference Count : 1]<UL><LI> startup_stm32f103xb.o(.text)
</UL>
<P><STRONG><a name="[e2]"></a>TCPclient_config</STRONG> (Thumb, 28 bytes, Stack size 16 bytes, socket.o(i.TCPclient_config))
<BR><BR>[Stack]<UL><LI>Max Depth = 16<LI>Call Chain = TCPclient_config
</UL>
<BR>[Called By]<UL><LI><a href="#[dd]">&gt;&gt;</a>&nbsp;&nbsp;&nbsp;sockeet_init
</UL>

<P><STRONG><a name="[d5]"></a>TCPclient_init_space</STRONG> (Thumb, 24 bytes, Stack size 16 bytes, socket.o(i.TCPclient_init_space))
<BR><BR>[Stack]<UL><LI>Max Depth = 16<LI>Call Chain = TCPclient_init_space
</UL>
<BR>[Called By]<UL><LI><a href="#[cc]">&gt;&gt;</a>&nbsp;&nbsp;&nbsp;m26_init
<LI><a href="#[dd]">&gt;&gt;</a>&nbsp;&nbsp;&nbsp;sockeet_init
</UL>

<P><STRONG><a name="[23]"></a>TIM1_UP_IRQHandler</STRONG> (Thumb, 10 bytes, Stack size 8 bytes, stm32f1xx_it.o(i.TIM1_UP_IRQHandler))
<BR><BR>[Stack]<UL><LI>Max Depth = 136<LI>Call Chain = TIM1_UP_IRQHandler &rArr; HAL_TIM_IRQHandler &rArr; HAL_TIM_PeriodElapsedCallback &rArr; func_uart3_timeout &rArr; uart_3_frame_callback &rArr; get_bianhao &rArr; uart_3_printf &rArr; vsprintf
</UL>
<BR>[Calls]<UL><LI><a href="#[88]">&gt;&gt;</a>&nbsp;&nbsp;&nbsp;HAL_TIM_IRQHandler
</UL>
<BR>[Address Reference Count : 1]<UL><LI> startup_stm32f103xb.o(RESET)
</UL>
<P><STRONG><a name="[81]"></a>TIM_Base_SetConfig</STRONG> (Thumb, 102 bytes, Stack size 0 bytes, stm32f1xx_hal_tim.o(i.TIM_Base_SetConfig))
<BR><BR>[Called By]<UL><LI><a href="#[7f]">&gt;&gt;</a>&nbsp;&nbsp;&nbsp;HAL_TIM_Base_Init
</UL>

<P><STRONG><a name="[2f]"></a>USART1_IRQHandler</STRONG> (Thumb, 50 bytes, Stack size 8 bytes, uart_mode2.o(i.USART1_IRQHandler))
<BR><BR>[Stack]<UL><LI>Max Depth = 88<LI>Call Chain = USART1_IRQHandler &rArr; uart_1_rxcallback &rArr; uart_1_rxcallback_EC20 &rArr; uart_3_printf &rArr; vsprintf
</UL>
<BR>[Calls]<UL><LI><a href="#[a6]">&gt;&gt;</a>&nbsp;&nbsp;&nbsp;uart_1_rxcallback
</UL>
<BR>[Address Reference Count : 1]<UL><LI> startup_stm32f103xb.o(RESET)
</UL>
<P><STRONG><a name="[30]"></a>USART2_IRQHandler</STRONG> (Thumb, 50 bytes, Stack size 8 bytes, uart_mode2.o(i.USART2_IRQHandler))
<BR><BR>[Stack]<UL><LI>Max Depth = 24<LI>Call Chain = USART2_IRQHandler &rArr; uart_2_rxcallback &rArr; frame_add_byte
</UL>
<BR>[Calls]<UL><LI><a href="#[a7]">&gt;&gt;</a>&nbsp;&nbsp;&nbsp;uart_2_rxcallback
</UL>
<BR>[Address Reference Count : 1]<UL><LI> startup_stm32f103xb.o(RESET)
</UL>
<P><STRONG><a name="[31]"></a>USART3_IRQHandler</STRONG> (Thumb, 50 bytes, Stack size 8 bytes, uart_mode2.o(i.USART3_IRQHandler))
<BR><BR>[Stack]<UL><LI>Max Depth = 52<LI>Call Chain = USART3_IRQHandler &rArr; uart_3_rxcallback &rArr; frame_add_table_to_fifo &rArr; fifo_add_multi_to_bottom
</UL>
<BR>[Calls]<UL><LI><a href="#[a8]">&gt;&gt;</a>&nbsp;&nbsp;&nbsp;uart_3_rxcallback
</UL>
<BR>[Address Reference Count : 1]<UL><LI> startup_stm32f103xb.o(RESET)
</UL>
<P><STRONG><a name="[5]"></a>UsageFault_Handler</STRONG> (Thumb, 4 bytes, Stack size 0 bytes, stm32f1xx_it.o(i.UsageFault_Handler))
<BR>[Address Reference Count : 1]<UL><LI> startup_stm32f103xb.o(RESET)
</UL>
<P><STRONG><a name="[a9]"></a>__0printf</STRONG> (Thumb, 22 bytes, Stack size 24 bytes, printfa.o(i.__0printf), UNUSED)
<BR><BR>[Calls]<UL><LI><a href="#[aa]">&gt;&gt;</a>&nbsp;&nbsp;&nbsp;_printf_core
</UL>

<P><STRONG><a name="[ff]"></a>__1printf</STRONG> (Thumb, 0 bytes, Stack size 24 bytes, printfa.o(i.__0printf), UNUSED)

<P><STRONG><a name="[60]"></a>__2printf</STRONG> (Thumb, 0 bytes, Stack size 24 bytes, printfa.o(i.__0printf))
<BR><BR>[Stack]<UL><LI>Max Depth = 24<LI>Call Chain = __2printf
</UL>
<BR>[Called By]<UL><LI><a href="#[55]">&gt;&gt;</a>&nbsp;&nbsp;&nbsp;AT_put
</UL>

<P><STRONG><a name="[100]"></a>__c89printf</STRONG> (Thumb, 0 bytes, Stack size 24 bytes, printfa.o(i.__0printf), UNUSED)

<P><STRONG><a name="[101]"></a>printf</STRONG> (Thumb, 0 bytes, Stack size 24 bytes, printfa.o(i.__0printf), UNUSED)

<P><STRONG><a name="[ab]"></a>__0vsprintf</STRONG> (Thumb, 30 bytes, Stack size 24 bytes, printfa.o(i.__0vsprintf), UNUSED)
<BR><BR>[Calls]<UL><LI><a href="#[39]">&gt;&gt;</a>&nbsp;&nbsp;&nbsp;_sputc
<LI><a href="#[aa]">&gt;&gt;</a>&nbsp;&nbsp;&nbsp;_printf_core
</UL>

<P><STRONG><a name="[102]"></a>__1vsprintf</STRONG> (Thumb, 0 bytes, Stack size 24 bytes, printfa.o(i.__0vsprintf), UNUSED)

<P><STRONG><a name="[103]"></a>__2vsprintf</STRONG> (Thumb, 0 bytes, Stack size 24 bytes, printfa.o(i.__0vsprintf), UNUSED)

<P><STRONG><a name="[104]"></a>__c89vsprintf</STRONG> (Thumb, 0 bytes, Stack size 24 bytes, printfa.o(i.__0vsprintf), UNUSED)

<P><STRONG><a name="[eb]"></a>vsprintf</STRONG> (Thumb, 0 bytes, Stack size 24 bytes, printfa.o(i.__0vsprintf))
<BR><BR>[Stack]<UL><LI>Max Depth = 24<LI>Call Chain = vsprintf
</UL>
<BR>[Called By]<UL><LI><a href="#[58]">&gt;&gt;</a>&nbsp;&nbsp;&nbsp;uart_3_printf
</UL>

<P><STRONG><a name="[105]"></a>__scatterload_copy</STRONG> (Thumb, 14 bytes, Stack size unknown bytes, handlers.o(i.__scatterload_copy), UNUSED)

<P><STRONG><a name="[106]"></a>__scatterload_null</STRONG> (Thumb, 2 bytes, Stack size unknown bytes, handlers.o(i.__scatterload_null), UNUSED)

<P><STRONG><a name="[107]"></a>__scatterload_zeroinit</STRONG> (Thumb, 14 bytes, Stack size unknown bytes, handlers.o(i.__scatterload_zeroinit), UNUSED)

<P><STRONG><a name="[64]"></a>ascii_bcd_to_uint32</STRONG> (Thumb, 38 bytes, Stack size 12 bytes, data_transform.o(i.ascii_bcd_to_uint32))
<BR><BR>[Stack]<UL><LI>Max Depth = 12<LI>Call Chain = ascii_bcd_to_uint32
</UL>
<BR>[Calls]<UL><LI><a href="#[b4]">&gt;&gt;</a>&nbsp;&nbsp;&nbsp;ascii_to_hex4
</UL>
<BR>[Called By]<UL><LI><a href="#[e6]">&gt;&gt;</a>&nbsp;&nbsp;&nbsp;uart_1_rxcallback_EC20
<LI><a href="#[e5]">&gt;&gt;</a>&nbsp;&nbsp;&nbsp;uart_1_rxcallback_m26
<LI><a href="#[56]">&gt;&gt;</a>&nbsp;&nbsp;&nbsp;AT_receive
</UL>

<P><STRONG><a name="[b4]"></a>ascii_to_hex4</STRONG> (Thumb, 42 bytes, Stack size 0 bytes, data_transform.o(i.ascii_to_hex4))
<BR><BR>[Called By]<UL><LI><a href="#[64]">&gt;&gt;</a>&nbsp;&nbsp;&nbsp;ascii_bcd_to_uint32
</UL>

<P><STRONG><a name="[b5]"></a>caijiqi</STRONG> (Thumb, 12 bytes, Stack size 8 bytes, caijiqi.o(i.caijiqi))
<BR><BR>[Stack]<UL><LI>Max Depth = 72<LI>Call Chain = caijiqi &rArr; func_M26_tx1 &rArr; uart_3_printf &rArr; vsprintf
</UL>
<BR>[Calls]<UL><LI><a href="#[b7]">&gt;&gt;</a>&nbsp;&nbsp;&nbsp;func_M26_tx1
<LI><a href="#[b6]">&gt;&gt;</a>&nbsp;&nbsp;&nbsp;func_M26_tx0
</UL>
<BR>[Called By]<UL><LI><a href="#[d6]">&gt;&gt;</a>&nbsp;&nbsp;&nbsp;my_main
</UL>

<P><STRONG><a name="[b8]"></a>eeprom_read</STRONG> (Thumb, 118 bytes, Stack size 24 bytes, eeprom.o(i.eeprom_read))
<BR><BR>[Stack]<UL><LI>Max Depth = 56<LI>Call Chain = eeprom_read &rArr; send_byte_H &rArr; send_bit &rArr; delay
</UL>
<BR>[Calls]<UL><LI><a href="#[bd]">&gt;&gt;</a>&nbsp;&nbsp;&nbsp;stop
<LI><a href="#[b9]">&gt;&gt;</a>&nbsp;&nbsp;&nbsp;start
<LI><a href="#[ba]">&gt;&gt;</a>&nbsp;&nbsp;&nbsp;send_byte_H
<LI><a href="#[bc]">&gt;&gt;</a>&nbsp;&nbsp;&nbsp;read_byte_H
<LI><a href="#[bb]">&gt;&gt;</a>&nbsp;&nbsp;&nbsp;read_ack
<LI><a href="#[b1]">&gt;&gt;</a>&nbsp;&nbsp;&nbsp;ack
</UL>
<BR>[Called By]<UL><LI><a href="#[d1]">&gt;&gt;</a>&nbsp;&nbsp;&nbsp;get_bianhao
</UL>

<P><STRONG><a name="[c0]"></a>fifo_add_multi_to_bottom</STRONG> (Thumb, 124 bytes, Stack size 20 bytes, fifo.o(i.fifo_add_multi_to_bottom))
<BR><BR>[Stack]<UL><LI>Max Depth = 20<LI>Call Chain = fifo_add_multi_to_bottom
</UL>
<BR>[Called By]<UL><LI><a href="#[c1]">&gt;&gt;</a>&nbsp;&nbsp;&nbsp;frame_add_to_fifo
<LI><a href="#[bf]">&gt;&gt;</a>&nbsp;&nbsp;&nbsp;frame_add_table_to_fifo
</UL>

<P><STRONG><a name="[b3]"></a>fifo_add_to_bottom</STRONG> (Thumb, 60 bytes, Stack size 0 bytes, fifo.o(i.fifo_add_to_bottom))
<BR><BR>[Called By]<UL><LI><a href="#[61]">&gt;&gt;</a>&nbsp;&nbsp;&nbsp;add_at_to_ATfifo
<LI><a href="#[c1]">&gt;&gt;</a>&nbsp;&nbsp;&nbsp;frame_add_to_fifo
<LI><a href="#[bf]">&gt;&gt;</a>&nbsp;&nbsp;&nbsp;frame_add_table_to_fifo
</UL>

<P><STRONG><a name="[d4]"></a>fifo_add_to_top</STRONG> (Thumb, 86 bytes, Stack size 0 bytes, fifo.o(i.fifo_add_to_top))
<BR><BR>[Called By]<UL><LI><a href="#[67]">&gt;&gt;</a>&nbsp;&nbsp;&nbsp;insert_at_to_ATfifo
</UL>

<P><STRONG><a name="[66]"></a>fifo_reset</STRONG> (Thumb, 14 bytes, Stack size 0 bytes, fifo.o(i.fifo_reset))
<BR><BR>[Called By]<UL><LI><a href="#[59]">&gt;&gt;</a>&nbsp;&nbsp;&nbsp;m26_reset
<LI><a href="#[91]">&gt;&gt;</a>&nbsp;&nbsp;&nbsp;func_m26
<LI><a href="#[56]">&gt;&gt;</a>&nbsp;&nbsp;&nbsp;AT_receive
<LI><a href="#[c7]">&gt;&gt;</a>&nbsp;&nbsp;&nbsp;frame_get_frome_fifo
</UL>

<P><STRONG><a name="[c8]"></a>fifo_sub</STRONG> (Thumb, 50 bytes, Stack size 0 bytes, fifo.o(i.fifo_sub))
<BR><BR>[Called By]<UL><LI><a href="#[53]">&gt;&gt;</a>&nbsp;&nbsp;&nbsp;get_AT
<LI><a href="#[c7]">&gt;&gt;</a>&nbsp;&nbsp;&nbsp;frame_get_frome_fifo
</UL>

<P><STRONG><a name="[c9]"></a>fifo_sub_multi</STRONG> (Thumb, 116 bytes, Stack size 16 bytes, fifo.o(i.fifo_sub_multi))
<BR><BR>[Stack]<UL><LI>Max Depth = 16<LI>Call Chain = fifo_sub_multi
</UL>
<BR>[Called By]<UL><LI><a href="#[c7]">&gt;&gt;</a>&nbsp;&nbsp;&nbsp;frame_get_frome_fifo
</UL>

<P><STRONG><a name="[38]"></a>fputc</STRONG> (Thumb, 16 bytes, Stack size 16 bytes, mcu.o(i.fputc))
<BR><BR>[Stack]<UL><LI>Max Depth = 16<LI>Call Chain = fputc
</UL>
<BR>[Calls]<UL><LI><a href="#[be]">&gt;&gt;</a>&nbsp;&nbsp;&nbsp;uart_1_put_char
</UL>
<BR>[Address Reference Count : 1]<UL><LI> printfa.o(i.__0printf)
</UL>
<P><STRONG><a name="[e3]"></a>frame_add_array</STRONG> (Thumb, 56 bytes, Stack size 20 bytes, frame.o(i.frame_add_array))
<BR><BR>[Stack]<UL><LI>Max Depth = 20<LI>Call Chain = frame_add_array
</UL>
<BR>[Called By]<UL><LI><a href="#[dd]">&gt;&gt;</a>&nbsp;&nbsp;&nbsp;sockeet_init
</UL>

<P><STRONG><a name="[e7]"></a>frame_add_byte</STRONG> (Thumb, 34 bytes, Stack size 8 bytes, frame.o(i.frame_add_byte))
<BR><BR>[Stack]<UL><LI>Max Depth = 8<LI>Call Chain = frame_add_byte
</UL>
<BR>[Called By]<UL><LI><a href="#[a7]">&gt;&gt;</a>&nbsp;&nbsp;&nbsp;uart_2_rxcallback
<LI><a href="#[e6]">&gt;&gt;</a>&nbsp;&nbsp;&nbsp;uart_1_rxcallback_EC20
<LI><a href="#[e5]">&gt;&gt;</a>&nbsp;&nbsp;&nbsp;uart_1_rxcallback_m26
</UL>

<P><STRONG><a name="[bf]"></a>frame_add_table_to_fifo</STRONG> (Thumb, 50 bytes, Stack size 16 bytes, frame.o(i.frame_add_table_to_fifo))
<BR><BR>[Stack]<UL><LI>Max Depth = 36<LI>Call Chain = frame_add_table_to_fifo &rArr; fifo_add_multi_to_bottom
</UL>
<BR>[Calls]<UL><LI><a href="#[b3]">&gt;&gt;</a>&nbsp;&nbsp;&nbsp;fifo_add_to_bottom
<LI><a href="#[c0]">&gt;&gt;</a>&nbsp;&nbsp;&nbsp;fifo_add_multi_to_bottom
</UL>
<BR>[Called By]<UL><LI><a href="#[a8]">&gt;&gt;</a>&nbsp;&nbsp;&nbsp;uart_3_rxcallback
<LI><a href="#[c2]">&gt;&gt;</a>&nbsp;&nbsp;&nbsp;frame_check
</UL>

<P><STRONG><a name="[c1]"></a>frame_add_to_fifo</STRONG> (Thumb, 60 bytes, Stack size 16 bytes, frame.o(i.frame_add_to_fifo))
<BR><BR>[Stack]<UL><LI>Max Depth = 36<LI>Call Chain = frame_add_to_fifo &rArr; fifo_add_multi_to_bottom
</UL>
<BR>[Calls]<UL><LI><a href="#[b3]">&gt;&gt;</a>&nbsp;&nbsp;&nbsp;fifo_add_to_bottom
<LI><a href="#[c0]">&gt;&gt;</a>&nbsp;&nbsp;&nbsp;fifo_add_multi_to_bottom
</UL>
<BR>[Called By]<UL><LI><a href="#[c2]">&gt;&gt;</a>&nbsp;&nbsp;&nbsp;frame_check
</UL>

<P><STRONG><a name="[c5]"></a>frame_copy</STRONG> (Thumb, 52 bytes, Stack size 20 bytes, frame.o(i.frame_copy))
<BR><BR>[Stack]<UL><LI>Max Depth = 20<LI>Call Chain = frame_copy
</UL>
<BR>[Calls]<UL><LI><a href="#[c6]">&gt;&gt;</a>&nbsp;&nbsp;&nbsp;frame_reset
</UL>
<BR>[Called By]<UL><LI><a href="#[90]">&gt;&gt;</a>&nbsp;&nbsp;&nbsp;func_uart3_timeout
</UL>

<P><STRONG><a name="[c7]"></a>frame_get_frome_fifo</STRONG> (Thumb, 74 bytes, Stack size 24 bytes, frame.o(i.frame_get_frome_fifo))
<BR><BR>[Stack]<UL><LI>Max Depth = 40<LI>Call Chain = frame_get_frome_fifo &rArr; fifo_sub_multi
</UL>
<BR>[Calls]<UL><LI><a href="#[c8]">&gt;&gt;</a>&nbsp;&nbsp;&nbsp;fifo_sub
<LI><a href="#[66]">&gt;&gt;</a>&nbsp;&nbsp;&nbsp;fifo_reset
<LI><a href="#[c9]">&gt;&gt;</a>&nbsp;&nbsp;&nbsp;fifo_sub_multi
</UL>
<BR>[Called By]<UL><LI><a href="#[b7]">&gt;&gt;</a>&nbsp;&nbsp;&nbsp;func_M26_tx1
<LI><a href="#[b6]">&gt;&gt;</a>&nbsp;&nbsp;&nbsp;func_M26_tx0
</UL>

<P><STRONG><a name="[c6]"></a>frame_reset</STRONG> (Thumb, 10 bytes, Stack size 0 bytes, frame.o(i.frame_reset))
<BR><BR>[Called By]<UL><LI><a href="#[c5]">&gt;&gt;</a>&nbsp;&nbsp;&nbsp;frame_copy
<LI><a href="#[a7]">&gt;&gt;</a>&nbsp;&nbsp;&nbsp;uart_2_rxcallback
<LI><a href="#[e6]">&gt;&gt;</a>&nbsp;&nbsp;&nbsp;uart_1_rxcallback_EC20
<LI><a href="#[6a]">&gt;&gt;</a>&nbsp;&nbsp;&nbsp;socket_enable_write
<LI><a href="#[63]">&gt;&gt;</a>&nbsp;&nbsp;&nbsp;mystring_read_number
<LI><a href="#[e5]">&gt;&gt;</a>&nbsp;&nbsp;&nbsp;uart_1_rxcallback_m26
<LI><a href="#[dd]">&gt;&gt;</a>&nbsp;&nbsp;&nbsp;sockeet_init
</UL>

<P><STRONG><a name="[b6]"></a>func_M26_tx0</STRONG> (Thumb, 112 bytes, Stack size 8 bytes, caijiqi.o(i.func_M26_tx0))
<BR><BR>[Stack]<UL><LI>Max Depth = 64<LI>Call Chain = func_M26_tx0 &rArr; uart_3_printf &rArr; vsprintf
</UL>
<BR>[Calls]<UL><LI><a href="#[58]">&gt;&gt;</a>&nbsp;&nbsp;&nbsp;uart_3_printf
<LI><a href="#[c4]">&gt;&gt;</a>&nbsp;&nbsp;&nbsp;__set_PRIMASK
<LI><a href="#[ca]">&gt;&gt;</a>&nbsp;&nbsp;&nbsp;socket_if_can_write
<LI><a href="#[cb]">&gt;&gt;</a>&nbsp;&nbsp;&nbsp;socket_enable_put
<LI><a href="#[c7]">&gt;&gt;</a>&nbsp;&nbsp;&nbsp;frame_get_frome_fifo
</UL>
<BR>[Called By]<UL><LI><a href="#[b5]">&gt;&gt;</a>&nbsp;&nbsp;&nbsp;caijiqi
</UL>

<P><STRONG><a name="[b7]"></a>func_M26_tx1</STRONG> (Thumb, 112 bytes, Stack size 8 bytes, caijiqi.o(i.func_M26_tx1))
<BR><BR>[Stack]<UL><LI>Max Depth = 64<LI>Call Chain = func_M26_tx1 &rArr; uart_3_printf &rArr; vsprintf
</UL>
<BR>[Calls]<UL><LI><a href="#[58]">&gt;&gt;</a>&nbsp;&nbsp;&nbsp;uart_3_printf
<LI><a href="#[c4]">&gt;&gt;</a>&nbsp;&nbsp;&nbsp;__set_PRIMASK
<LI><a href="#[ca]">&gt;&gt;</a>&nbsp;&nbsp;&nbsp;socket_if_can_write
<LI><a href="#[cb]">&gt;&gt;</a>&nbsp;&nbsp;&nbsp;socket_enable_put
<LI><a href="#[c7]">&gt;&gt;</a>&nbsp;&nbsp;&nbsp;frame_get_frome_fifo
</UL>
<BR>[Called By]<UL><LI><a href="#[b5]">&gt;&gt;</a>&nbsp;&nbsp;&nbsp;caijiqi
</UL>

<P><STRONG><a name="[91]"></a>func_m26</STRONG> (Thumb, 332 bytes, Stack size 8 bytes, m26.o(i.func_m26))
<BR><BR>[Stack]<UL><LI>Max Depth = 104<LI>Call Chain = func_m26 &rArr; AT_func &rArr; AT_put &rArr; uart_3_printf &rArr; vsprintf
</UL>
<BR>[Calls]<UL><LI><a href="#[57]">&gt;&gt;</a>&nbsp;&nbsp;&nbsp;timeout_read_and_clear_flag
<LI><a href="#[52]">&gt;&gt;</a>&nbsp;&nbsp;&nbsp;timeout_func
<LI><a href="#[58]">&gt;&gt;</a>&nbsp;&nbsp;&nbsp;uart_3_printf
<LI><a href="#[66]">&gt;&gt;</a>&nbsp;&nbsp;&nbsp;fifo_reset
<LI><a href="#[59]">&gt;&gt;</a>&nbsp;&nbsp;&nbsp;m26_reset
<LI><a href="#[cc]">&gt;&gt;</a>&nbsp;&nbsp;&nbsp;m26_init
<LI><a href="#[ce]">&gt;&gt;</a>&nbsp;&nbsp;&nbsp;socket_template
<LI><a href="#[cd]">&gt;&gt;</a>&nbsp;&nbsp;&nbsp;func_power_reset
<LI><a href="#[61]">&gt;&gt;</a>&nbsp;&nbsp;&nbsp;add_at_to_ATfifo
<LI><a href="#[5b]">&gt;&gt;</a>&nbsp;&nbsp;&nbsp;AT_preproccess
<LI><a href="#[51]">&gt;&gt;</a>&nbsp;&nbsp;&nbsp;AT_func
</UL>
<BR>[Called By]<UL><LI><a href="#[8c]">&gt;&gt;</a>&nbsp;&nbsp;&nbsp;HAL_TIM_PeriodElapsedCallback
</UL>

<P><STRONG><a name="[90]"></a>func_uart3_timeout</STRONG> (Thumb, 44 bytes, Stack size 8 bytes, com.o(i.func_uart3_timeout))
<BR><BR>[Stack]<UL><LI>Max Depth = 112<LI>Call Chain = func_uart3_timeout &rArr; uart_3_frame_callback &rArr; get_bianhao &rArr; uart_3_printf &rArr; vsprintf
</UL>
<BR>[Calls]<UL><LI><a href="#[57]">&gt;&gt;</a>&nbsp;&nbsp;&nbsp;timeout_read_and_clear_flag
<LI><a href="#[52]">&gt;&gt;</a>&nbsp;&nbsp;&nbsp;timeout_func
<LI><a href="#[c5]">&gt;&gt;</a>&nbsp;&nbsp;&nbsp;frame_copy
<LI><a href="#[d0]">&gt;&gt;</a>&nbsp;&nbsp;&nbsp;uart_3_frame_callback
</UL>
<BR>[Called By]<UL><LI><a href="#[8c]">&gt;&gt;</a>&nbsp;&nbsp;&nbsp;HAL_TIM_PeriodElapsedCallback
</UL>

<P><STRONG><a name="[d1]"></a>get_bianhao</STRONG> (Thumb, 94 bytes, Stack size 24 bytes, local_debug.o(i.get_bianhao))
<BR><BR>[Stack]<UL><LI>Max Depth = 80<LI>Call Chain = get_bianhao &rArr; uart_3_printf &rArr; vsprintf
</UL>
<BR>[Calls]<UL><LI><a href="#[58]">&gt;&gt;</a>&nbsp;&nbsp;&nbsp;uart_3_printf
<LI><a href="#[b8]">&gt;&gt;</a>&nbsp;&nbsp;&nbsp;eeprom_read
</UL>
<BR>[Called By]<UL><LI><a href="#[d0]">&gt;&gt;</a>&nbsp;&nbsp;&nbsp;uart_3_frame_callback
</UL>

<P><STRONG><a name="[d2]"></a>get_length_string</STRONG> (Thumb, 16 bytes, Stack size 4 bytes, mystring.o(i.get_length_string))
<BR><BR>[Stack]<UL><LI>Max Depth = 4<LI>Call Chain = get_length_string
</UL>
<BR>[Calls]<UL><LI><a href="#[d3]">&gt;&gt;</a>&nbsp;&nbsp;&nbsp;get_length_string_without_end
</UL>
<BR>[Called By]<UL><LI><a href="#[5d]">&gt;&gt;</a>&nbsp;&nbsp;&nbsp;mystring_read_until
<LI><a href="#[65]">&gt;&gt;</a>&nbsp;&nbsp;&nbsp;mystring_read_over
</UL>

<P><STRONG><a name="[d3]"></a>get_length_string_without_end</STRONG> (Thumb, 26 bytes, Stack size 0 bytes, mystring.o(i.get_length_string_without_end))
<BR><BR>[Called By]<UL><LI><a href="#[d2]">&gt;&gt;</a>&nbsp;&nbsp;&nbsp;get_length_string
</UL>

<P><STRONG><a name="[df]"></a>if_contain_and_same_begin</STRONG> (Thumb, 36 bytes, Stack size 8 bytes, mystring.o(i.if_contain_and_same_begin))
<BR><BR>[Stack]<UL><LI>Max Depth = 8<LI>Call Chain = if_contain_and_same_begin
</UL>
<BR>[Called By]<UL><LI><a href="#[5d]">&gt;&gt;</a>&nbsp;&nbsp;&nbsp;mystring_read_until
<LI><a href="#[65]">&gt;&gt;</a>&nbsp;&nbsp;&nbsp;mystring_read_over
</UL>

<P><STRONG><a name="[cc]"></a>m26_init</STRONG> (Thumb, 60 bytes, Stack size 16 bytes, m26.o(i.m26_init))
<BR><BR>[Stack]<UL><LI>Max Depth = 32<LI>Call Chain = m26_init &rArr; TCPclient_init_space
</UL>
<BR>[Calls]<UL><LI><a href="#[d5]">&gt;&gt;</a>&nbsp;&nbsp;&nbsp;TCPclient_init_space
</UL>
<BR>[Called By]<UL><LI><a href="#[91]">&gt;&gt;</a>&nbsp;&nbsp;&nbsp;func_m26
</UL>

<P><STRONG><a name="[59]"></a>m26_reset</STRONG> (Thumb, 64 bytes, Stack size 8 bytes, m26.o(i.m26_reset))
<BR><BR>[Stack]<UL><LI>Max Depth = 64<LI>Call Chain = m26_reset &rArr; uart_3_printf &rArr; vsprintf
</UL>
<BR>[Calls]<UL><LI><a href="#[58]">&gt;&gt;</a>&nbsp;&nbsp;&nbsp;uart_3_printf
<LI><a href="#[66]">&gt;&gt;</a>&nbsp;&nbsp;&nbsp;fifo_reset
</UL>
<BR>[Called By]<UL><LI><a href="#[91]">&gt;&gt;</a>&nbsp;&nbsp;&nbsp;func_m26
<LI><a href="#[56]">&gt;&gt;</a>&nbsp;&nbsp;&nbsp;AT_receive
<LI><a href="#[5b]">&gt;&gt;</a>&nbsp;&nbsp;&nbsp;AT_preproccess
<LI><a href="#[51]">&gt;&gt;</a>&nbsp;&nbsp;&nbsp;AT_func
</UL>

<P><STRONG><a name="[35]"></a>main</STRONG> (Thumb, 40 bytes, Stack size 0 bytes, main.o(i.main))
<BR><BR>[Stack]<UL><LI>Max Depth = 144<LI>Call Chain = main &rArr; SystemClock_Config &rArr; HAL_RCC_ClockConfig &rArr; HAL_InitTick &rArr; HAL_NVIC_SetPriority &rArr; NVIC_SetPriority
</UL>
<BR>[Calls]<UL><LI><a href="#[6d]">&gt;&gt;</a>&nbsp;&nbsp;&nbsp;HAL_Init
<LI><a href="#[d6]">&gt;&gt;</a>&nbsp;&nbsp;&nbsp;my_main
<LI><a href="#[a4]">&gt;&gt;</a>&nbsp;&nbsp;&nbsp;SystemClock_Config
<LI><a href="#[9e]">&gt;&gt;</a>&nbsp;&nbsp;&nbsp;MX_USART3_UART_Init
<LI><a href="#[9d]">&gt;&gt;</a>&nbsp;&nbsp;&nbsp;MX_USART2_UART_Init
<LI><a href="#[9c]">&gt;&gt;</a>&nbsp;&nbsp;&nbsp;MX_USART1_UART_Init
<LI><a href="#[9a]">&gt;&gt;</a>&nbsp;&nbsp;&nbsp;MX_TIM1_Init
<LI><a href="#[99]">&gt;&gt;</a>&nbsp;&nbsp;&nbsp;MX_SPI1_Init
<LI><a href="#[95]">&gt;&gt;</a>&nbsp;&nbsp;&nbsp;MX_GPIO_Init
</UL>
<BR>[Address Reference Count : 1]<UL><LI> entry9a.o(.ARM.Collect$$$$0000000B)
</UL>
<P><STRONG><a name="[d6]"></a>my_main</STRONG> (Thumb, 108 bytes, Stack size 0 bytes, mymain.o(i.my_main))
<BR><BR>[Stack]<UL><LI>Max Depth = 72<LI>Call Chain = my_main &rArr; caijiqi &rArr; func_M26_tx1 &rArr; uart_3_printf &rArr; vsprintf
</UL>
<BR>[Calls]<UL><LI><a href="#[de]">&gt;&gt;</a>&nbsp;&nbsp;&nbsp;HAL_IWDG_Refresh
<LI><a href="#[96]">&gt;&gt;</a>&nbsp;&nbsp;&nbsp;HAL_GPIO_WritePin
<LI><a href="#[da]">&gt;&gt;</a>&nbsp;&nbsp;&nbsp;HAL_TIM_Base_Start_IT
<LI><a href="#[dc]">&gt;&gt;</a>&nbsp;&nbsp;&nbsp;rs485_put_string
<LI><a href="#[d9]">&gt;&gt;</a>&nbsp;&nbsp;&nbsp;uart_3_init
<LI><a href="#[db]">&gt;&gt;</a>&nbsp;&nbsp;&nbsp;uart_2_put_string
<LI><a href="#[d8]">&gt;&gt;</a>&nbsp;&nbsp;&nbsp;uart_2_init
<LI><a href="#[d7]">&gt;&gt;</a>&nbsp;&nbsp;&nbsp;uart_1_init
<LI><a href="#[dd]">&gt;&gt;</a>&nbsp;&nbsp;&nbsp;sockeet_init
<LI><a href="#[b5]">&gt;&gt;</a>&nbsp;&nbsp;&nbsp;caijiqi
<LI><a href="#[97]">&gt;&gt;</a>&nbsp;&nbsp;&nbsp;MX_IWDG_Init
</UL>
<BR>[Called By]<UL><LI><a href="#[35]">&gt;&gt;</a>&nbsp;&nbsp;&nbsp;main
</UL>

<P><STRONG><a name="[e8]"></a>mystring_init</STRONG> (Thumb, 12 bytes, Stack size 0 bytes, mystring.o(i.mystring_init))
<BR><BR>[Called By]<UL><LI><a href="#[e6]">&gt;&gt;</a>&nbsp;&nbsp;&nbsp;uart_1_rxcallback_EC20
<LI><a href="#[e5]">&gt;&gt;</a>&nbsp;&nbsp;&nbsp;uart_1_rxcallback_m26
<LI><a href="#[d0]">&gt;&gt;</a>&nbsp;&nbsp;&nbsp;uart_3_frame_callback
</UL>

<P><STRONG><a name="[69]"></a>mystring_read_char</STRONG> (Thumb, 26 bytes, Stack size 0 bytes, mystring.o(i.mystring_read_char))
<BR><BR>[Called By]<UL><LI><a href="#[56]">&gt;&gt;</a>&nbsp;&nbsp;&nbsp;AT_receive
<LI><a href="#[d0]">&gt;&gt;</a>&nbsp;&nbsp;&nbsp;uart_3_frame_callback
</UL>

<P><STRONG><a name="[5e]"></a>mystring_read_char_above</STRONG> (Thumb, 24 bytes, Stack size 0 bytes, mystring.o(i.mystring_read_char_above))
<BR><BR>[Called By]<UL><LI><a href="#[5b]">&gt;&gt;</a>&nbsp;&nbsp;&nbsp;AT_preproccess
</UL>

<P><STRONG><a name="[63]"></a>mystring_read_number</STRONG> (Thumb, 146 bytes, Stack size 32 bytes, mystring.o(i.mystring_read_number))
<BR><BR>[Stack]<UL><LI>Max Depth = 32<LI>Call Chain = mystring_read_number
</UL>
<BR>[Calls]<UL><LI><a href="#[c6]">&gt;&gt;</a>&nbsp;&nbsp;&nbsp;frame_reset
</UL>
<BR>[Called By]<UL><LI><a href="#[56]">&gt;&gt;</a>&nbsp;&nbsp;&nbsp;AT_receive
</UL>

<P><STRONG><a name="[65]"></a>mystring_read_over</STRONG> (Thumb, 90 bytes, Stack size 20 bytes, mystring.o(i.mystring_read_over))
<BR><BR>[Stack]<UL><LI>Max Depth = 28<LI>Call Chain = mystring_read_over &rArr; if_contain_and_same_begin
</UL>
<BR>[Calls]<UL><LI><a href="#[df]">&gt;&gt;</a>&nbsp;&nbsp;&nbsp;if_contain_and_same_begin
<LI><a href="#[d2]">&gt;&gt;</a>&nbsp;&nbsp;&nbsp;get_length_string
</UL>
<BR>[Called By]<UL><LI><a href="#[56]">&gt;&gt;</a>&nbsp;&nbsp;&nbsp;AT_receive
<LI><a href="#[d0]">&gt;&gt;</a>&nbsp;&nbsp;&nbsp;uart_3_frame_callback
</UL>

<P><STRONG><a name="[5d]"></a>mystring_read_until</STRONG> (Thumb, 82 bytes, Stack size 20 bytes, mystring.o(i.mystring_read_until))
<BR><BR>[Stack]<UL><LI>Max Depth = 28<LI>Call Chain = mystring_read_until &rArr; if_contain_and_same_begin
</UL>
<BR>[Calls]<UL><LI><a href="#[df]">&gt;&gt;</a>&nbsp;&nbsp;&nbsp;if_contain_and_same_begin
<LI><a href="#[d2]">&gt;&gt;</a>&nbsp;&nbsp;&nbsp;get_length_string
</UL>
<BR>[Called By]<UL><LI><a href="#[e6]">&gt;&gt;</a>&nbsp;&nbsp;&nbsp;uart_1_rxcallback_EC20
<LI><a href="#[e5]">&gt;&gt;</a>&nbsp;&nbsp;&nbsp;uart_1_rxcallback_m26
<LI><a href="#[56]">&gt;&gt;</a>&nbsp;&nbsp;&nbsp;AT_receive
<LI><a href="#[5b]">&gt;&gt;</a>&nbsp;&nbsp;&nbsp;AT_preproccess
<LI><a href="#[d0]">&gt;&gt;</a>&nbsp;&nbsp;&nbsp;uart_3_frame_callback
</UL>

<P><STRONG><a name="[62]"></a>mystring_read_until_number_10</STRONG> (Thumb, 50 bytes, Stack size 0 bytes, mystring.o(i.mystring_read_until_number_10))
<BR><BR>[Called By]<UL><LI><a href="#[56]">&gt;&gt;</a>&nbsp;&nbsp;&nbsp;AT_receive
</UL>

<P><STRONG><a name="[5f]"></a>mystring_reset</STRONG> (Thumb, 6 bytes, Stack size 0 bytes, mystring.o(i.mystring_reset))
<BR><BR>[Called By]<UL><LI><a href="#[e6]">&gt;&gt;</a>&nbsp;&nbsp;&nbsp;uart_1_rxcallback_EC20
<LI><a href="#[e5]">&gt;&gt;</a>&nbsp;&nbsp;&nbsp;uart_1_rxcallback_m26
<LI><a href="#[5b]">&gt;&gt;</a>&nbsp;&nbsp;&nbsp;AT_preproccess
</UL>

<P><STRONG><a name="[dc]"></a>rs485_put_string</STRONG> (Thumb, 34 bytes, Stack size 8 bytes, rs485.o(i.rs485_put_string))
<BR><BR>[Stack]<UL><LI>Max Depth = 8<LI>Call Chain = rs485_put_string
</UL>
<BR>[Calls]<UL><LI><a href="#[96]">&gt;&gt;</a>&nbsp;&nbsp;&nbsp;HAL_GPIO_WritePin
<LI><a href="#[db]">&gt;&gt;</a>&nbsp;&nbsp;&nbsp;uart_2_put_string
</UL>
<BR>[Called By]<UL><LI><a href="#[d6]">&gt;&gt;</a>&nbsp;&nbsp;&nbsp;my_main
</UL>

<P><STRONG><a name="[dd]"></a>sockeet_init</STRONG> (Thumb, 250 bytes, Stack size 8 bytes, tcp.o(i.sockeet_init))
<BR><BR>[Stack]<UL><LI>Max Depth = 28<LI>Call Chain = sockeet_init &rArr; frame_add_array
</UL>
<BR>[Calls]<UL><LI><a href="#[c6]">&gt;&gt;</a>&nbsp;&nbsp;&nbsp;frame_reset
<LI><a href="#[d5]">&gt;&gt;</a>&nbsp;&nbsp;&nbsp;TCPclient_init_space
<LI><a href="#[e2]">&gt;&gt;</a>&nbsp;&nbsp;&nbsp;TCPclient_config
<LI><a href="#[e3]">&gt;&gt;</a>&nbsp;&nbsp;&nbsp;frame_add_array
</UL>
<BR>[Called By]<UL><LI><a href="#[d6]">&gt;&gt;</a>&nbsp;&nbsp;&nbsp;my_main
</UL>

<P><STRONG><a name="[3b]"></a>socket_15646_call_back</STRONG> (Thumb, 16 bytes, Stack size 8 bytes, caijiqi.o(i.socket_15646_call_back))
<BR><BR>[Stack]<UL><LI>Max Depth = 92<LI>Call Chain = socket_15646_call_back &rArr; frame_check &rArr; frame_add_to_fifo &rArr; fifo_add_multi_to_bottom
</UL>
<BR>[Calls]<UL><LI><a href="#[c2]">&gt;&gt;</a>&nbsp;&nbsp;&nbsp;frame_check
</UL>
<BR>[Address Reference Count : 1]<UL><LI> tcp.o(i.sockeet_init)
</UL>
<P><STRONG><a name="[3c]"></a>socket_45789_call_back</STRONG> (Thumb, 16 bytes, Stack size 8 bytes, caijiqi.o(i.socket_45789_call_back))
<BR><BR>[Stack]<UL><LI>Max Depth = 92<LI>Call Chain = socket_45789_call_back &rArr; frame_check &rArr; frame_add_to_fifo &rArr; fifo_add_multi_to_bottom
</UL>
<BR>[Calls]<UL><LI><a href="#[c2]">&gt;&gt;</a>&nbsp;&nbsp;&nbsp;frame_check
</UL>
<BR>[Address Reference Count : 1]<UL><LI> tcp.o(i.sockeet_init)
</UL>
<P><STRONG><a name="[3d]"></a>socket_6300_call_back</STRONG> (Thumb, 2 bytes, Stack size 0 bytes, tcp.o(i.socket_6300_call_back))
<BR>[Address Reference Count : 1]<UL><LI> tcp.o(i.sockeet_init)
</UL>
<P><STRONG><a name="[3e]"></a>socket_6310_call_back</STRONG> (Thumb, 2 bytes, Stack size 0 bytes, tcp.o(i.socket_6310_call_back))
<BR>[Address Reference Count : 1]<UL><LI> tcp.o(i.sockeet_init)
</UL>
<P><STRONG><a name="[cb]"></a>socket_enable_put</STRONG> (Thumb, 8 bytes, Stack size 0 bytes, socket.o(i.socket_enable_put))
<BR><BR>[Called By]<UL><LI><a href="#[b7]">&gt;&gt;</a>&nbsp;&nbsp;&nbsp;func_M26_tx1
<LI><a href="#[b6]">&gt;&gt;</a>&nbsp;&nbsp;&nbsp;func_M26_tx0
</UL>

<P><STRONG><a name="[6a]"></a>socket_enable_write</STRONG> (Thumb, 12 bytes, Stack size 8 bytes, socket.o(i.socket_enable_write))
<BR><BR>[Stack]<UL><LI>Max Depth = 8<LI>Call Chain = socket_enable_write
</UL>
<BR>[Calls]<UL><LI><a href="#[c6]">&gt;&gt;</a>&nbsp;&nbsp;&nbsp;frame_reset
</UL>
<BR>[Called By]<UL><LI><a href="#[56]">&gt;&gt;</a>&nbsp;&nbsp;&nbsp;AT_receive
</UL>

<P><STRONG><a name="[e4]"></a>socket_if_can_put</STRONG> (Thumb, 22 bytes, Stack size 0 bytes, socket.o(i.socket_if_can_put))
<BR><BR>[Called By]<UL><LI><a href="#[ce]">&gt;&gt;</a>&nbsp;&nbsp;&nbsp;socket_template
</UL>

<P><STRONG><a name="[ca]"></a>socket_if_can_write</STRONG> (Thumb, 16 bytes, Stack size 0 bytes, socket.o(i.socket_if_can_write))
<BR><BR>[Called By]<UL><LI><a href="#[b7]">&gt;&gt;</a>&nbsp;&nbsp;&nbsp;func_M26_tx1
<LI><a href="#[b6]">&gt;&gt;</a>&nbsp;&nbsp;&nbsp;func_M26_tx0
</UL>

<P><STRONG><a name="[c3]"></a>sum_uint8</STRONG> (Thumb, 26 bytes, Stack size 8 bytes, mymath.o(i.sum_uint8))
<BR><BR>[Stack]<UL><LI>Max Depth = 8<LI>Call Chain = sum_uint8
</UL>
<BR>[Called By]<UL><LI><a href="#[c2]">&gt;&gt;</a>&nbsp;&nbsp;&nbsp;frame_check
</UL>

<P><STRONG><a name="[52]"></a>timeout_func</STRONG> (Thumb, 32 bytes, Stack size 0 bytes, timeout.o(i.timeout_func))
<BR><BR>[Called By]<UL><LI><a href="#[90]">&gt;&gt;</a>&nbsp;&nbsp;&nbsp;func_uart3_timeout
<LI><a href="#[91]">&gt;&gt;</a>&nbsp;&nbsp;&nbsp;func_m26
<LI><a href="#[ce]">&gt;&gt;</a>&nbsp;&nbsp;&nbsp;socket_template
<LI><a href="#[51]">&gt;&gt;</a>&nbsp;&nbsp;&nbsp;AT_func
</UL>

<P><STRONG><a name="[ea]"></a>timeout_pause</STRONG> (Thumb, 6 bytes, Stack size 0 bytes, timeout.o(i.timeout_pause))
<BR><BR>[Called By]<UL><LI><a href="#[e6]">&gt;&gt;</a>&nbsp;&nbsp;&nbsp;uart_1_rxcallback_EC20
</UL>

<P><STRONG><a name="[57]"></a>timeout_read_and_clear_flag</STRONG> (Thumb, 14 bytes, Stack size 0 bytes, timeout.o(i.timeout_read_and_clear_flag))
<BR><BR>[Called By]<UL><LI><a href="#[90]">&gt;&gt;</a>&nbsp;&nbsp;&nbsp;func_uart3_timeout
<LI><a href="#[91]">&gt;&gt;</a>&nbsp;&nbsp;&nbsp;func_m26
<LI><a href="#[ce]">&gt;&gt;</a>&nbsp;&nbsp;&nbsp;socket_template
<LI><a href="#[5b]">&gt;&gt;</a>&nbsp;&nbsp;&nbsp;AT_preproccess
<LI><a href="#[51]">&gt;&gt;</a>&nbsp;&nbsp;&nbsp;AT_func
</UL>

<P><STRONG><a name="[54]"></a>timeout_restart</STRONG> (Thumb, 12 bytes, Stack size 0 bytes, timeout.o(i.timeout_restart))
<BR><BR>[Called By]<UL><LI><a href="#[a7]">&gt;&gt;</a>&nbsp;&nbsp;&nbsp;uart_2_rxcallback
<LI><a href="#[e6]">&gt;&gt;</a>&nbsp;&nbsp;&nbsp;uart_1_rxcallback_EC20
<LI><a href="#[e5]">&gt;&gt;</a>&nbsp;&nbsp;&nbsp;uart_1_rxcallback_m26
<LI><a href="#[ce]">&gt;&gt;</a>&nbsp;&nbsp;&nbsp;socket_template
<LI><a href="#[56]">&gt;&gt;</a>&nbsp;&nbsp;&nbsp;AT_receive
<LI><a href="#[51]">&gt;&gt;</a>&nbsp;&nbsp;&nbsp;AT_func
</UL>

<P><STRONG><a name="[d7]"></a>uart_1_init</STRONG> (Thumb, 28 bytes, Stack size 8 bytes, uart_mode2.o(i.uart_1_init))
<BR><BR>[Stack]<UL><LI>Max Depth = 8<LI>Call Chain = uart_1_init
</UL>
<BR>[Called By]<UL><LI><a href="#[d6]">&gt;&gt;</a>&nbsp;&nbsp;&nbsp;my_main
</UL>

<P><STRONG><a name="[be]"></a>uart_1_put_char</STRONG> (Thumb, 34 bytes, Stack size 0 bytes, uart_mode2.o(i.uart_1_put_char))
<BR><BR>[Called By]<UL><LI><a href="#[38]">&gt;&gt;</a>&nbsp;&nbsp;&nbsp;fputc
</UL>

<P><STRONG><a name="[68]"></a>uart_1_put_frame</STRONG> (Thumb, 54 bytes, Stack size 12 bytes, uart_mode2.o(i.uart_1_put_frame))
<BR><BR>[Stack]<UL><LI>Max Depth = 12<LI>Call Chain = uart_1_put_frame
</UL>
<BR>[Called By]<UL><LI><a href="#[56]">&gt;&gt;</a>&nbsp;&nbsp;&nbsp;AT_receive
</UL>

<P><STRONG><a name="[a6]"></a>uart_1_rxcallback</STRONG> (Thumb, 24 bytes, Stack size 8 bytes, uart_mode2.o(i.uart_1_rxcallback))
<BR><BR>[Stack]<UL><LI>Max Depth = 80<LI>Call Chain = uart_1_rxcallback &rArr; uart_1_rxcallback_EC20 &rArr; uart_3_printf &rArr; vsprintf
</UL>
<BR>[Calls]<UL><LI><a href="#[e6]">&gt;&gt;</a>&nbsp;&nbsp;&nbsp;uart_1_rxcallback_EC20
<LI><a href="#[e5]">&gt;&gt;</a>&nbsp;&nbsp;&nbsp;uart_1_rxcallback_m26
</UL>
<BR>[Called By]<UL><LI><a href="#[2f]">&gt;&gt;</a>&nbsp;&nbsp;&nbsp;USART1_IRQHandler
</UL>

<P><STRONG><a name="[e6]"></a>uart_1_rxcallback_EC20</STRONG> (Thumb, 536 bytes, Stack size 16 bytes, ec20.o(i.uart_1_rxcallback_EC20))
<BR><BR>[Stack]<UL><LI>Max Depth = 72<LI>Call Chain = uart_1_rxcallback_EC20 &rArr; uart_3_printf &rArr; vsprintf
</UL>
<BR>[Calls]<UL><LI><a href="#[54]">&gt;&gt;</a>&nbsp;&nbsp;&nbsp;timeout_restart
<LI><a href="#[c6]">&gt;&gt;</a>&nbsp;&nbsp;&nbsp;frame_reset
<LI><a href="#[e7]">&gt;&gt;</a>&nbsp;&nbsp;&nbsp;frame_add_byte
<LI><a href="#[58]">&gt;&gt;</a>&nbsp;&nbsp;&nbsp;uart_3_printf
<LI><a href="#[ea]">&gt;&gt;</a>&nbsp;&nbsp;&nbsp;timeout_pause
<LI><a href="#[5f]">&gt;&gt;</a>&nbsp;&nbsp;&nbsp;mystring_reset
<LI><a href="#[5d]">&gt;&gt;</a>&nbsp;&nbsp;&nbsp;mystring_read_until
<LI><a href="#[e8]">&gt;&gt;</a>&nbsp;&nbsp;&nbsp;mystring_init
<LI><a href="#[64]">&gt;&gt;</a>&nbsp;&nbsp;&nbsp;ascii_bcd_to_uint32
<LI><a href="#[e9]">&gt;&gt;</a>&nbsp;&nbsp;&nbsp;uart_3_put_char
</UL>
<BR>[Called By]<UL><LI><a href="#[a6]">&gt;&gt;</a>&nbsp;&nbsp;&nbsp;uart_1_rxcallback
</UL>

<P><STRONG><a name="[e5]"></a>uart_1_rxcallback_m26</STRONG> (Thumb, 474 bytes, Stack size 16 bytes, m26.o(i.uart_1_rxcallback_m26))
<BR><BR>[Stack]<UL><LI>Max Depth = 72<LI>Call Chain = uart_1_rxcallback_m26 &rArr; uart_3_printf &rArr; vsprintf
</UL>
<BR>[Calls]<UL><LI><a href="#[54]">&gt;&gt;</a>&nbsp;&nbsp;&nbsp;timeout_restart
<LI><a href="#[c6]">&gt;&gt;</a>&nbsp;&nbsp;&nbsp;frame_reset
<LI><a href="#[e7]">&gt;&gt;</a>&nbsp;&nbsp;&nbsp;frame_add_byte
<LI><a href="#[58]">&gt;&gt;</a>&nbsp;&nbsp;&nbsp;uart_3_printf
<LI><a href="#[5f]">&gt;&gt;</a>&nbsp;&nbsp;&nbsp;mystring_reset
<LI><a href="#[5d]">&gt;&gt;</a>&nbsp;&nbsp;&nbsp;mystring_read_until
<LI><a href="#[e8]">&gt;&gt;</a>&nbsp;&nbsp;&nbsp;mystring_init
<LI><a href="#[64]">&gt;&gt;</a>&nbsp;&nbsp;&nbsp;ascii_bcd_to_uint32
<LI><a href="#[e9]">&gt;&gt;</a>&nbsp;&nbsp;&nbsp;uart_3_put_char
</UL>
<BR>[Called By]<UL><LI><a href="#[a6]">&gt;&gt;</a>&nbsp;&nbsp;&nbsp;uart_1_rxcallback
</UL>

<P><STRONG><a name="[d8]"></a>uart_2_init</STRONG> (Thumb, 28 bytes, Stack size 8 bytes, uart_mode2.o(i.uart_2_init))
<BR><BR>[Stack]<UL><LI>Max Depth = 8<LI>Call Chain = uart_2_init
</UL>
<BR>[Called By]<UL><LI><a href="#[d6]">&gt;&gt;</a>&nbsp;&nbsp;&nbsp;my_main
</UL>

<P><STRONG><a name="[db]"></a>uart_2_put_string</STRONG> (Thumb, 44 bytes, Stack size 0 bytes, uart_mode2.o(i.uart_2_put_string))
<BR><BR>[Called By]<UL><LI><a href="#[d6]">&gt;&gt;</a>&nbsp;&nbsp;&nbsp;my_main
<LI><a href="#[dc]">&gt;&gt;</a>&nbsp;&nbsp;&nbsp;rs485_put_string
</UL>

<P><STRONG><a name="[a7]"></a>uart_2_rxcallback</STRONG> (Thumb, 38 bytes, Stack size 8 bytes, com.o(i.uart_2_rxcallback))
<BR><BR>[Stack]<UL><LI>Max Depth = 16<LI>Call Chain = uart_2_rxcallback &rArr; frame_add_byte
</UL>
<BR>[Calls]<UL><LI><a href="#[54]">&gt;&gt;</a>&nbsp;&nbsp;&nbsp;timeout_restart
<LI><a href="#[c6]">&gt;&gt;</a>&nbsp;&nbsp;&nbsp;frame_reset
<LI><a href="#[e7]">&gt;&gt;</a>&nbsp;&nbsp;&nbsp;frame_add_byte
</UL>
<BR>[Called By]<UL><LI><a href="#[30]">&gt;&gt;</a>&nbsp;&nbsp;&nbsp;USART2_IRQHandler
</UL>

<P><STRONG><a name="[d0]"></a>uart_3_frame_callback</STRONG> (Thumb, 142 bytes, Stack size 24 bytes, local_debug.o(i.uart_3_frame_callback))
<BR><BR>[Stack]<UL><LI>Max Depth = 104<LI>Call Chain = uart_3_frame_callback &rArr; get_bianhao &rArr; uart_3_printf &rArr; vsprintf
</UL>
<BR>[Calls]<UL><LI><a href="#[58]">&gt;&gt;</a>&nbsp;&nbsp;&nbsp;uart_3_printf
<LI><a href="#[5d]">&gt;&gt;</a>&nbsp;&nbsp;&nbsp;mystring_read_until
<LI><a href="#[65]">&gt;&gt;</a>&nbsp;&nbsp;&nbsp;mystring_read_over
<LI><a href="#[69]">&gt;&gt;</a>&nbsp;&nbsp;&nbsp;mystring_read_char
<LI><a href="#[e8]">&gt;&gt;</a>&nbsp;&nbsp;&nbsp;mystring_init
<LI><a href="#[d1]">&gt;&gt;</a>&nbsp;&nbsp;&nbsp;get_bianhao
</UL>
<BR>[Called By]<UL><LI><a href="#[90]">&gt;&gt;</a>&nbsp;&nbsp;&nbsp;func_uart3_timeout
</UL>

<P><STRONG><a name="[d9]"></a>uart_3_init</STRONG> (Thumb, 28 bytes, Stack size 8 bytes, uart_mode2.o(i.uart_3_init))
<BR><BR>[Stack]<UL><LI>Max Depth = 8<LI>Call Chain = uart_3_init
</UL>
<BR>[Called By]<UL><LI><a href="#[d6]">&gt;&gt;</a>&nbsp;&nbsp;&nbsp;my_main
</UL>

<P><STRONG><a name="[58]"></a>uart_3_printf</STRONG> (Thumb, 38 bytes, Stack size 32 bytes, mcu.o(i.uart_3_printf))
<BR><BR>[Stack]<UL><LI>Max Depth = 56<LI>Call Chain = uart_3_printf &rArr; vsprintf
</UL>
<BR>[Calls]<UL><LI><a href="#[ec]">&gt;&gt;</a>&nbsp;&nbsp;&nbsp;uart_3_put_array
<LI><a href="#[eb]">&gt;&gt;</a>&nbsp;&nbsp;&nbsp;vsprintf
</UL>
<BR>[Called By]<UL><LI><a href="#[e6]">&gt;&gt;</a>&nbsp;&nbsp;&nbsp;uart_1_rxcallback_EC20
[...]
</UL>
<BR>[Called By]<UL><LI><a href="#[83]">&gt;&gt;</a>&nbsp;&nbsp;&nbsp;HAL_TIM_ConfigClockSource
</UL>

<P><STRONG><a name="[94]"></a>UART_SetConfig</STRONG> (Thumb, 450 bytes, Stack size 24 bytes, stm32f1xx_hal_uart.o(i.UART_SetConfig))
<BR><BR>[Stack]<UL><LI>Max Depth = 28<LI>Call Chain = UART_SetConfig &rArr; HAL_RCC_GetPCLK2Freq
</UL>
<BR>[Calls]<UL><LI><a href="#[79]">&gt;&gt;</a>&nbsp;&nbsp;&nbsp;HAL_RCC_GetPCLK2Freq
<LI><a href="#[77]">&gt;&gt;</a>&nbsp;&nbsp;&nbsp;HAL_RCC_GetPCLK1Freq
</UL>
<BR>[Called By]<UL><LI><a href="#[92]">&gt;&gt;</a>&nbsp;&nbsp;&nbsp;HAL_UART_Init
</UL>

<P><STRONG><a name="[7b]"></a>RCC_Delay</STRONG> (Thumb, 36 bytes, Stack size 8 bytes, stm32f1xx_hal_rcc.o(i.RCC_Delay))
<BR><BR>[Stack]<UL><LI>Max Depth = 8<LI>Call Chain = RCC_Delay
</UL>
<BR>[Called By]<UL><LI><a href="#[7a]">&gt;&gt;</a>&nbsp;&nbsp;&nbsp;HAL_RCC_OscConfig
</UL>

<P><STRONG><a name="[73]"></a>NVIC_GetPriorityGrouping</STRONG> (Thumb, 10 bytes, Stack size 0 bytes, stm32f1xx_hal_cortex.o(i.NVIC_GetPriorityGrouping))
<BR><BR>[Called By]<UL><LI><a href="#[72]">&gt;&gt;</a>&nbsp;&nbsp;&nbsp;HAL_NVIC_SetPriority
</UL>

<P><STRONG><a name="[74]"></a>NVIC_SetPriority</STRONG> (Thumb, 32 bytes, Stack size 8 bytes, stm32f1xx_hal_cortex.o(i.NVIC_SetPriority))
<BR><BR>[Stack]<UL><LI>Max Depth = 8<LI>Call Chain = NVIC_SetPriority
</UL>
<BR>[Called By]<UL><LI><a href="#[71]">&gt;&gt;</a>&nbsp;&nbsp;&nbsp;HAL_SYSTICK_Config
<LI><a href="#[72]">&gt;&gt;</a>&nbsp;&nbsp;&nbsp;HAL_NVIC_SetPriority
</UL>

<P><STRONG><a name="[95]"></a>MX_GPIO_Init</STRONG> (Thumb, 258 bytes, Stack size 24 bytes, main.o(i.MX_GPIO_Init))
<BR><BR>[Stack]<UL><LI>Max Depth = 60<LI>Call Chain = MX_GPIO_Init &rArr; HAL_GPIO_Init
</UL>
<BR>[Calls]<UL><LI><a href="#[96]">&gt;&gt;</a>&nbsp;&nbsp;&nbsp;HAL_GPIO_WritePin
<LI><a href="#[7e]">&gt;&gt;</a>&nbsp;&nbsp;&nbsp;HAL_GPIO_Init
</UL>
<BR>[Called By]<UL><LI><a href="#[35]">&gt;&gt;</a>&nbsp;&nbsp;&nbsp;main
</UL>

<P><STRONG><a name="[99]"></a>MX_SPI1_Init</STRONG> (Thumb, 62 bytes, Stack size 8 bytes, main.o(i.MX_SPI1_Init))
<BR><BR>[Stack]<UL><LI>Max Depth = 84<LI>Call Chain = MX_SPI1_Init &rArr; HAL_SPI_Init &rArr; HAL_SPI_MspInit &rArr; HAL_GPIO_Init
</UL>
<BR>[Calls]<UL><LI><a href="#[7c]">&gt;&gt;</a>&nbsp;&nbsp;&nbsp;HAL_SPI_Init
<LI><a href="#[98]">&gt;&gt;</a>&nbsp;&nbsp;&nbsp;Error_Handler
</UL>
<BR>[Called By]<UL><LI><a href="#[35]">&gt;&gt;</a>&nbsp;&nbsp;&nbsp;main
</UL>

<P><STRONG><a name="[9a]"></a>MX_TIM1_Init</STRONG> (Thumb, 102 bytes, Stack size 32 bytes, main.o(i.MX_TIM1_Init))
<BR><BR>[Stack]<UL><LI>Max Depth = 104<LI>Call Chain = MX_TIM1_Init &rArr; HAL_TIM_Base_Init &rArr; HAL_TIM_Base_MspInit &rArr; HAL_NVIC_SetPriority &rArr; NVIC_SetPriority
</UL>
<BR>[Calls]<UL><LI><a href="#[9b]">&gt;&gt;</a>&nbsp;&nbsp;&nbsp;HAL_TIMEx_MasterConfigSynchronization
<LI><a href="#[83]">&gt;&gt;</a>&nbsp;&nbsp;&nbsp;HAL_TIM_ConfigClockSource
<LI><a href="#[7f]">&gt;&gt;</a>&nbsp;&nbsp;&nbsp;HAL_TIM_Base_Init
<LI><a href="#[98]">&gt;&gt;</a>&nbsp;&nbsp;&nbsp;Error_Handler
</UL>
<BR>[Called By]<UL><LI><a href="#[35]">&gt;&gt;</a>&nbsp;&nbsp;&nbsp;main
</UL>

<P><STRONG><a name="[9c]"></a>MX_USART1_UART_Init</STRONG> (Thumb, 46 bytes, Stack size 8 bytes, main.o(i.MX_USART1_UART_Init))
<BR><BR>[Stack]<UL><LI>Max Depth = 96<LI>Call Chain = MX_USART1_UART_Init &rArr; HAL_UART_Init &rArr; HAL_UART_MspInit &rArr; HAL_NVIC_SetPriority &rArr; NVIC_SetPriority
</UL>
<BR>[Calls]<UL><LI><a href="#[92]">&gt;&gt;</a>&nbsp;&nbsp;&nbsp;HAL_UART_Init
<LI><a href="#[98]">&gt;&gt;</a>&nbsp;&nbsp;&nbsp;Error_Handler
</UL>
<BR>[Called By]<UL><LI><a href="#[35]">&gt;&gt;</a>&nbsp;&nbsp;&nbsp;main
</UL>

<P><STRONG><a name="[9d]"></a>MX_USART2_UART_Init</STRONG> (Thumb, 54 bytes, Stack size 8 bytes, main.o(i.MX_USART2_UART_Init))
<BR><BR>[Stack]<UL><LI>Max Depth = 96<LI>Call Chain = MX_USART2_UART_Init &rArr; HAL_UART_Init &rArr; HAL_UART_MspInit &rArr; HAL_NVIC_SetPriority &rArr; NVIC_SetPriority
</UL>
<BR>[Calls]<UL><LI><a href="#[92]">&gt;&gt;</a>&nbsp;&nbsp;&nbsp;HAL_UART_Init
<LI><a href="#[98]">&gt;&gt;</a>&nbsp;&nbsp;&nbsp;Error_Handler
</UL>
<BR>[Called By]<UL><LI><a href="#[35]">&gt;&gt;</a>&nbsp;&nbsp;&nbsp;main
</UL>

<P><STRONG><a name="[9e]"></a>MX_USART3_UART_Init</STRONG> (Thumb, 46 bytes, Stack size 8 bytes, main.o(i.MX_USART3_UART_Init))
<BR><BR>[Stack]<UL><LI>Max Depth = 96<LI>Call Chain = MX_USART3_UART_Init &rArr; HAL_UART_Init &rArr; HAL_UART_MspInit &rArr; HAL_NVIC_SetPriority &rArr; NVIC_SetPriority
</UL>
<BR>[Calls]<UL><LI><a href="#[92]">&gt;&gt;</a>&nbsp;&nbsp;&nbsp;HAL_UART_Init
<LI><a href="#[98]">&gt;&gt;</a>&nbsp;&nbsp;&nbsp;Error_Handler
</UL>
<BR>[Called By]<UL><LI><a href="#[35]">&gt;&gt;</a>&nbsp;&nbsp;&nbsp;main
</UL>

<P><STRONG><a name="[9f]"></a>SCL_write</STRONG> (Thumb, 30 bytes, Stack size 8 bytes, eeprom.o(i.SCL_write))
<BR><BR>[Stack]<UL><LI>Max Depth = 8<LI>Call Chain = SCL_write
</UL>
<BR>[Calls]<UL><LI><a href="#[96]">&gt;&gt;</a>&nbsp;&nbsp;&nbsp;HAL_GPIO_WritePin
</UL>
<BR>[Called By]<UL><LI><a href="#[bd]">&gt;&gt;</a>&nbsp;&nbsp;&nbsp;stop
<LI><a href="#[b9]">&gt;&gt;</a>&nbsp;&nbsp;&nbsp;start
<LI><a href="#[b2]">&gt;&gt;</a>&nbsp;&nbsp;&nbsp;send_bit
<LI><a href="#[e0]">&gt;&gt;</a>&nbsp;&nbsp;&nbsp;read_bit
</UL>

<P><STRONG><a name="[a0]"></a>SDA_read</STRONG> (Thumb, 12 bytes, Stack size 8 bytes, eeprom.o(i.SDA_read))
<BR><BR>[Stack]<UL><LI>Max Depth = 8<LI>Call Chain = SDA_read
</UL>
<BR>[Calls]<UL><LI><a href="#[a1]">&gt;&gt;</a>&nbsp;&nbsp;&nbsp;HAL_GPIO_ReadPin
</UL>
<BR>[Called By]<UL><LI><a href="#[e0]">&gt;&gt;</a>&nbsp;&nbsp;&nbsp;read_bit
</UL>

<P><STRONG><a name="[a2]"></a>SDA_write</STRONG> (Thumb, 30 bytes, Stack size 8 bytes, eeprom.o(i.SDA_write))
<BR><BR>[Stack]<UL><LI>Max Depth = 8<LI>Call Chain = SDA_write
</UL>
<BR>[Calls]<UL><LI><a href="#[96]">&gt;&gt;</a>&nbsp;&nbsp;&nbsp;HAL_GPIO_WritePin
</UL>
<BR>[Called By]<UL><LI><a href="#[bd]">&gt;&gt;</a>&nbsp;&nbsp;&nbsp;stop
<LI><a href="#[b9]">&gt;&gt;</a>&nbsp;&nbsp;&nbsp;start
<LI><a href="#[b2]">&gt;&gt;</a>&nbsp;&nbsp;&nbsp;send_bit
<LI><a href="#[e0]">&gt;&gt;</a>&nbsp;&nbsp;&nbsp;read_bit
</UL>

<P><STRONG><a name="[b1]"></a>ack</STRONG> (Thumb, 12 bytes, Stack size 8 bytes, eeprom.o(i.ack))
<BR><BR>[Stack]<UL><LI>Max Depth = 24<LI>Call Chain = ack &rArr; send_bit &rArr; delay
</UL>
<BR>[Calls]<UL><LI><a href="#[b2]">&gt;&gt;</a>&nbsp;&nbsp;&nbsp;send_bit
</UL>
<BR>[Called By]<UL><LI><a href="#[b8]">&gt;&gt;</a>&nbsp;&nbsp;&nbsp;eeprom_read
</UL>

<P><STRONG><a name="[e1]"></a>delay</STRONG> (Thumb, 24 bytes, Stack size 8 bytes, eeprom.o(i.delay))
<BR><BR>[Stack]<UL><LI>Max Depth = 8<LI>Call Chain = delay
</UL>
<BR>[Called By]<UL><LI><a href="#[bd]">&gt;&gt;</a>&nbsp;&nbsp;&nbsp;stop
<LI><a href="#[b9]">&gt;&gt;</a>&nbsp;&nbsp;&nbsp;start
<LI><a href="#[b2]">&gt;&gt;</a>&nbsp;&nbsp;&nbsp;send_bit
<LI><a href="#[e0]">&gt;&gt;</a>&nbsp;&nbsp;&nbsp;read_bit
</UL>

<P><STRONG><a name="[bb]"></a>read_ack</STRONG> (Thumb, 12 bytes, Stack size 8 bytes, eeprom.o(i.read_ack))
<BR><BR>[Stack]<UL><LI>Max Depth = 24<LI>Call Chain = read_ack &rArr; read_bit &rArr; delay
</UL>
<BR>[Calls]<UL><LI><a href="#[e0]">&gt;&gt;</a>&nbsp;&nbsp;&nbsp;read_bit
</UL>
<BR>[Called By]<UL><LI><a href="#[b8]">&gt;&gt;</a>&nbsp;&nbsp;&nbsp;eeprom_read
</UL>

<P><STRONG><a name="[e0]"></a>read_bit</STRONG> (Thumb, 48 bytes, Stack size 8 bytes, eeprom.o(i.read_bit))
<BR><BR>[Stack]<UL><LI>Max Depth = 16<LI>Call Chain = read_bit &rArr; delay
</UL>
<BR>[Calls]<UL><LI><a href="#[e1]">&gt;&gt;</a>&nbsp;&nbsp;&nbsp;delay
<LI><a href="#[a2]">&gt;&gt;</a>&nbsp;&nbsp;&nbsp;SDA_write
<LI><a href="#[a0]">&gt;&gt;</a>&nbsp;&nbsp;&nbsp;SDA_read
<LI><a href="#[9f]">&gt;&gt;</a>&nbsp;&nbsp;&nbsp;SCL_write
</UL>
<BR>[Called By]<UL><LI><a href="#[bc]">&gt;&gt;</a>&nbsp;&nbsp;&nbsp;read_byte_H
<LI><a href="#[bb]">&gt;&gt;</a>&nbsp;&nbsp;&nbsp;read_ack
</UL>

<P><STRONG><a name="[bc]"></a>read_byte_H</STRONG> (Thumb, 30 bytes, Stack size 16 bytes, eeprom.o(i.read_byte_H))
<BR><BR>[Stack]<UL><LI>Max Depth = 32<LI>Call Chain = read_byte_H &rArr; read_bit &rArr; delay
</UL>
<BR>[Calls]<UL><LI><a href="#[e0]">&gt;&gt;</a>&nbsp;&nbsp;&nbsp;read_bit
</UL>
<BR>[Called By]<UL><LI><a href="#[b8]">&gt;&gt;</a>&nbsp;&nbsp;&nbsp;eeprom_read
</UL>

<P><STRONG><a name="[b2]"></a>send_bit</STRONG> (Thumb, 60 bytes, Stack size 8 bytes, eeprom.o(i.send_bit))
<BR><BR>[Stack]<UL><LI>Max Depth = 16<LI>Call Chain = send_bit &rArr; delay
</UL>
<BR>[Calls]<UL><LI><a href="#[e1]">&gt;&gt;</a>&nbsp;&nbsp;&nbsp;delay
<LI><a href="#[a2]">&gt;&gt;</a>&nbsp;&nbsp;&nbsp;SDA_write
<LI><a href="#[9f]">&gt;&gt;</a>&nbsp;&nbsp;&nbsp;SCL_write
</UL>
<BR>[Called By]<UL><LI><a href="#[ba]">&gt;&gt;</a>&nbsp;&nbsp;&nbsp;send_byte_H
<LI><a href="#[b1]">&gt;&gt;</a>&nbsp;&nbsp;&nbsp;ack
</UL>

<P><STRONG><a name="[ba]"></a>send_byte_H</STRONG> (Thumb, 34 bytes, Stack size 16 bytes, eeprom.o(i.send_byte_H))
<BR><BR>[Stack]<UL><LI>Max Depth = 32<LI>Call Chain = send_byte_H &rArr; send_bit &rArr; delay
</UL>
<BR>[Calls]<UL><LI><a href="#[b2]">&gt;&gt;</a>&nbsp;&nbsp;&nbsp;send_bit
</UL>
<BR>[Called By]<UL><LI><a href="#[b8]">&gt;&gt;</a>&nbsp;&nbsp;&nbsp;eeprom_read
</UL>

<P><STRONG><a name="[b9]"></a>start</STRONG> (Thumb, 44 bytes, Stack size 8 bytes, eeprom.o(i.start))
<BR><BR>[Stack]<UL><LI>Max Depth = 16<LI>Call Chain = start &rArr; delay
</UL>
<BR>[Calls]<UL><LI><a href="#[e1]">&gt;&gt;</a>&nbsp;&nbsp;&nbsp;delay
<LI><a href="#[a2]">&gt;&gt;</a>&nbsp;&nbsp;&nbsp;SDA_write
<LI><a href="#[9f]">&gt;&gt;</a>&nbsp;&nbsp;&nbsp;SCL_write
</UL>
<BR>[Called By]<UL><LI><a href="#[b8]">&gt;&gt;</a>&nbsp;&nbsp;&nbsp;eeprom_read
</UL>

<P><STRONG><a name="[bd]"></a>stop</STRONG> (Thumb, 44 bytes, Stack size 8 bytes, eeprom.o(i.stop))
<BR><BR>[Stack]<UL><LI>Max Depth = 16<LI>Call Chain = stop &rArr; delay
</UL>
<BR>[Calls]<UL><LI><a href="#[e1]">&gt;&gt;</a>&nbsp;&nbsp;&nbsp;delay
<LI><a href="#[a2]">&gt;&gt;</a>&nbsp;&nbsp;&nbsp;SDA_write
<LI><a href="#[9f]">&gt;&gt;</a>&nbsp;&nbsp;&nbsp;SCL_write
</UL>
<BR>[Called By]<UL><LI><a href="#[b8]">&gt;&gt;</a>&nbsp;&nbsp;&nbsp;eeprom_read
</UL>

<P><STRONG><a name="[51]"></a>AT_func</STRONG> (Thumb, 456 bytes, Stack size 8 bytes, m26.o(i.AT_func))
<BR><BR>[Stack]<UL><LI>Max Depth = 96<LI>Call Chain = AT_func &rArr; AT_put &rArr; uart_3_printf &rArr; vsprintf
</UL>
<BR>[Calls]<UL><LI><a href="#[54]">&gt;&gt;</a>&nbsp;&nbsp;&nbsp;timeout_restart
<LI><a href="#[57]">&gt;&gt;</a>&nbsp;&nbsp;&nbsp;timeout_read_and_clear_flag
<LI><a href="#[52]">&gt;&gt;</a>&nbsp;&nbsp;&nbsp;timeout_func
<LI><a href="#[58]">&gt;&gt;</a>&nbsp;&nbsp;&nbsp;uart_3_printf
<LI><a href="#[59]">&gt;&gt;</a>&nbsp;&nbsp;&nbsp;m26_reset
<LI><a href="#[53]">&gt;&gt;</a>&nbsp;&nbsp;&nbsp;get_AT
<LI><a href="#[5a]">&gt;&gt;</a>&nbsp;&nbsp;&nbsp;delay_ms
<LI><a href="#[56]">&gt;&gt;</a>&nbsp;&nbsp;&nbsp;AT_receive
<LI><a href="#[55]">&gt;&gt;</a>&nbsp;&nbsp;&nbsp;AT_put
</UL>
<BR>[Called By]<UL><LI><a href="#[91]">&gt;&gt;</a>&nbsp;&nbsp;&nbsp;func_m26
</UL>

<P><STRONG><a name="[5b]"></a>AT_preproccess</STRONG> (Thumb, 122 bytes, Stack size 8 bytes, m26.o(i.AT_preproccess))
<BR><BR>[Stack]<UL><LI>Max Depth = 72<LI>Call Chain = AT_preproccess &rArr; m26_reset &rArr; uart_3_printf &rArr; vsprintf
</UL>
<BR>[Calls]<UL><LI><a href="#[57]">&gt;&gt;</a>&nbsp;&nbsp;&nbsp;timeout_read_and_clear_flag
<LI><a href="#[58]">&gt;&gt;</a>&nbsp;&nbsp;&nbsp;uart_3_printf
<LI><a href="#[5f]">&gt;&gt;</a>&nbsp;&nbsp;&nbsp;mystring_reset
<LI><a href="#[5d]">&gt;&gt;</a>&nbsp;&nbsp;&nbsp;mystring_read_until
<LI><a href="#[5e]">&gt;&gt;</a>&nbsp;&nbsp;&nbsp;mystring_read_char_above
<LI><a href="#[59]">&gt;&gt;</a>&nbsp;&nbsp;&nbsp;m26_reset
<LI><a href="#[5c]">&gt;&gt;</a>&nbsp;&nbsp;&nbsp;uart_3_put_frame
</UL>
<BR>[Called By]<UL><LI><a href="#[91]">&gt;&gt;</a>&nbsp;&nbsp;&nbsp;func_m26
</UL>

<P><STRONG><a name="[55]"></a>AT_put</STRONG> (Thumb, 712 bytes, Stack size 32 bytes, m26.o(i.AT_put))
<BR><BR>[Stack]<UL><LI>Max Depth = 88<LI>Call Chain = AT_put &rArr; uart_3_printf &rArr; vsprintf
</UL>
<BR>[Calls]<UL><LI><a href="#[58]">&gt;&gt;</a>&nbsp;&nbsp;&nbsp;uart_3_printf
<LI><a href="#[61]">&gt;&gt;</a>&nbsp;&nbsp;&nbsp;add_at_to_ATfifo
<LI><a href="#[60]">&gt;&gt;</a>&nbsp;&nbsp;&nbsp;__2printf
</UL>
<BR>[Called By]<UL><LI><a href="#[51]">&gt;&gt;</a>&nbsp;&nbsp;&nbsp;AT_func
</UL>

<P><STRONG><a name="[56]"></a>AT_receive</STRONG> (Thumb, 1644 bytes, Stack size 8 bytes, m26.o(i.AT_receive))
<BR><BR>[Stack]<UL><LI>Max Depth = 72<LI>Call Chain = AT_receive &rArr; m26_reset &rArr; uart_3_printf &rArr; vsprintf
</UL>
<BR>[Calls]<UL><LI><a href="#[54]">&gt;&gt;</a>&nbsp;&nbsp;&nbsp;timeout_restart
<LI><a href="#[58]">&gt;&gt;</a>&nbsp;&nbsp;&nbsp;uart_3_printf
<LI><a href="#[6a]">&gt;&gt;</a>&nbsp;&nbsp;&nbsp;socket_enable_write
<LI><a href="#[62]">&gt;&gt;</a>&nbsp;&nbsp;&nbsp;mystring_read_until_number_10
<LI><a href="#[5d]">&gt;&gt;</a>&nbsp;&nbsp;&nbsp;mystring_read_until
<LI><a href="#[65]">&gt;&gt;</a>&nbsp;&nbsp;&nbsp;mystring_read_over
<LI><a href="#[63]">&gt;&gt;</a>&nbsp;&nbsp;&nbsp;mystring_read_number
<LI><a href="#[69]">&gt;&gt;</a>&nbsp;&nbsp;&nbsp;mystring_read_char
<LI><a href="#[66]">&gt;&gt;</a>&nbsp;&nbsp;&nbsp;fifo_reset
<LI><a href="#[64]">&gt;&gt;</a>&nbsp;&nbsp;&nbsp;ascii_bcd_to_uint32
<LI><a href="#[59]">&gt;&gt;</a>&nbsp;&nbsp;&nbsp;m26_reset
<LI><a href="#[67]">&gt;&gt;</a>&nbsp;&nbsp;&nbsp;insert_at_to_ATfifo
<LI><a href="#[61]">&gt;&gt;</a>&nbsp;&nbsp;&nbsp;add_at_to_ATfifo
<LI><a href="#[68]">&gt;&gt;</a>&nbsp;&nbsp;&nbsp;uart_1_put_frame
</UL>
<BR>[Called By]<UL><LI><a href="#[51]">&gt;&gt;</a>&nbsp;&nbsp;&nbsp;AT_func
</UL>

<P><STRONG><a name="[61]"></a>add_at_to_ATfifo</STRONG> (Thumb, 44 bytes, Stack size 16 bytes, m26.o(i.add_at_to_ATfifo))
<BR><BR>[Stack]<UL><LI>Max Depth = 16<LI>Call Chain = add_at_to_ATfifo
</UL>
<BR>[Calls]<UL><LI><a href="#[b3]">&gt;&gt;</a>&nbsp;&nbsp;&nbsp;fifo_add_to_bottom
</UL>
<BR>[Called By]<UL><LI><a href="#[91]">&gt;&gt;</a>&nbsp;&nbsp;&nbsp;func_m26
<LI><a href="#[ce]">&gt;&gt;</a>&nbsp;&nbsp;&nbsp;socket_template
<LI><a href="#[56]">&gt;&gt;</a>&nbsp;&nbsp;&nbsp;AT_receive
<LI><a href="#[55]">&gt;&gt;</a>&nbsp;&nbsp;&nbsp;AT_put
</UL>

<P><STRONG><a name="[cf]"></a>delay_init</STRONG> (Thumb, 8 bytes, Stack size 0 bytes, m26.o(i.delay_init))
<BR><BR>[Called By]<UL><LI><a href="#[cd]">&gt;&gt;</a>&nbsp;&nbsp;&nbsp;func_power_reset
</UL>

<P><STRONG><a name="[5a]"></a>delay_ms</STRONG> (Thumb, 32 bytes, Stack size 0 bytes, m26.o(i.delay_ms))
<BR><BR>[Called By]<UL><LI><a href="#[cd]">&gt;&gt;</a>&nbsp;&nbsp;&nbsp;func_power_reset
<LI><a href="#[51]">&gt;&gt;</a>&nbsp;&nbsp;&nbsp;AT_func
</UL>

<P><STRONG><a name="[3a]"></a>func_none</STRONG> (Thumb, 2 bytes, Stack size 0 bytes, m26.o(i.func_none))
<BR>[Address Reference Count : 1]<UL><LI> m26.o(i.m26_init)
</UL>
<P><STRONG><a name="[cd]"></a>func_power_reset</STRONG> (Thumb, 130 bytes, Stack size 8 bytes, m26.o(i.func_power_reset))
<BR><BR>[Stack]<UL><LI>Max Depth = 64<LI>Call Chain = func_power_reset &rArr; uart_3_printf &rArr; vsprintf
</UL>
<BR>[Calls]<UL><LI><a href="#[96]">&gt;&gt;</a>&nbsp;&nbsp;&nbsp;HAL_GPIO_WritePin
<LI><a href="#[58]">&gt;&gt;</a>&nbsp;&nbsp;&nbsp;uart_3_printf
<LI><a href="#[5a]">&gt;&gt;</a>&nbsp;&nbsp;&nbsp;delay_ms
<LI><a href="#[cf]">&gt;&gt;</a>&nbsp;&nbsp;&nbsp;delay_init
</UL>
<BR>[Called By]<UL><LI><a href="#[91]">&gt;&gt;</a>&nbsp;&nbsp;&nbsp;func_m26
</UL>

<P><STRONG><a name="[53]"></a>get_AT</STRONG> (Thumb, 40 bytes, Stack size 8 bytes, m26.o(i.get_AT))
<BR><BR>[Stack]<UL><LI>Max Depth = 8<LI>Call Chain = get_AT
</UL>
<BR>[Calls]<UL><LI><a href="#[c8]">&gt;&gt;</a>&nbsp;&nbsp;&nbsp;fifo_sub
</UL>
<BR>[Called By]<UL><LI><a href="#[51]">&gt;&gt;</a>&nbsp;&nbsp;&nbsp;AT_func
</UL>

<P><STRONG><a name="[67]"></a>insert_at_to_ATfifo</STRONG> (Thumb, 24 bytes, Stack size 16 bytes, m26.o(i.insert_at_to_ATfifo))
<BR><BR>[Stack]<UL><LI>Max Depth = 16<LI>Call Chain = insert_at_to_ATfifo
</UL>
<BR>[Calls]<UL><LI><a href="#[d4]">&gt;&gt;</a>&nbsp;&nbsp;&nbsp;fifo_add_to_top
</UL>
<BR>[Called By]<UL><LI><a href="#[56]">&gt;&gt;</a>&nbsp;&nbsp;&nbsp;AT_receive
</UL>

<P><STRONG><a name="[ce]"></a>socket_template</STRONG> (Thumb, 308 bytes, Stack size 8 bytes, m26.o(i.socket_template))
<BR><BR>[Stack]<UL><LI>Max Depth = 64<LI>Call Chain = socket_template &rArr; uart_3_printf &rArr; vsprintf
</UL>
<BR>[Calls]<UL><LI><a href="#[54]">&gt;&gt;</a>&nbsp;&nbsp;&nbsp;timeout_restart
<LI><a href="#[57]">&gt;&gt;</a>&nbsp;&nbsp;&nbsp;timeout_read_and_clear_flag
<LI><a href="#[52]">&gt;&gt;</a>&nbsp;&nbsp;&nbsp;timeout_func
<LI><a href="#[58]">&gt;&gt;</a>&nbsp;&nbsp;&nbsp;uart_3_printf
<LI><a href="#[e4]">&gt;&gt;</a>&nbsp;&nbsp;&nbsp;socket_if_can_put
<LI><a href="#[61]">&gt;&gt;</a>&nbsp;&nbsp;&nbsp;add_at_to_ATfifo
</UL>
<BR>[Called By]<UL><LI><a href="#[91]">&gt;&gt;</a>&nbsp;&nbsp;&nbsp;func_m26
</UL>

<P><STRONG><a name="[c4]"></a>__set_PRIMASK</STRONG> (Thumb, 6 bytes, Stack size 0 bytes, caijiqi.o(i.__set_PRIMASK))
<BR><BR>[Called By]<UL><LI><a href="#[b7]">&gt;&gt;</a>&nbsp;&nbsp;&nbsp;func_M26_tx1
<LI><a href="#[b6]">&gt;&gt;</a>&nbsp;&nbsp;&nbsp;func_M26_tx0
<LI><a href="#[c2]">&gt;&gt;</a>&nbsp;&nbsp;&nbsp;frame_check
</UL>

<P><STRONG><a name="[c2]"></a>frame_check</STRONG> (Thumb, 286 bytes, Stack size 48 bytes, caijiqi.o(i.frame_check))
<BR><BR>[Stack]<UL><LI>Max Depth = 84<LI>Call Chain = frame_check &rArr; frame_add_to_fifo &rArr; fifo_add_multi_to_bottom
</UL>
<BR>[Calls]<UL><LI><a href="#[c4]">&gt;&gt;</a>&nbsp;&nbsp;&nbsp;__set_PRIMASK
<LI><a href="#[c3]">&gt;&gt;</a>&nbsp;&nbsp;&nbsp;sum_uint8
<LI><a href="#[c1]">&gt;&gt;</a>&nbsp;&nbsp;&nbsp;frame_add_to_fifo
<LI><a href="#[bf]">&gt;&gt;</a>&nbsp;&nbsp;&nbsp;frame_add_table_to_fifo
</UL>
<BR>[Called By]<UL><LI><a href="#[3c]">&gt;&gt;</a>&nbsp;&nbsp;&nbsp;socket_45789_call_back
<LI><a href="#[3b]">&gt;&gt;</a>&nbsp;&nbsp;&nbsp;socket_15646_call_back
</UL>

<P><STRONG><a name="[ac]"></a>_fp_digits</STRONG> (Thumb, 366 bytes, Stack size 64 bytes, printfa.o(i._fp_digits), UNUSED)
<BR><BR>[Calls]<UL><LI><a href="#[44]">&gt;&gt;</a>&nbsp;&nbsp;&nbsp;__aeabi_uldivmod
<LI><a href="#[4d]">&gt;&gt;</a>&nbsp;&nbsp;&nbsp;__aeabi_dmul
<LI><a href="#[4e]">&gt;&gt;</a>&nbsp;&nbsp;&nbsp;__aeabi_ddiv
<LI><a href="#[47]">&gt;&gt;</a>&nbsp;&nbsp;&nbsp;__aeabi_dadd
<LI><a href="#[4f]">&gt;&gt;</a>&nbsp;&nbsp;&nbsp;__aeabi_d2ulz
<LI><a href="#[ad]">&gt;&gt;</a>&nbsp;&nbsp;&nbsp;__aeabi_cdrcmple
</UL>
<BR>[Called By]<UL><LI><a href="#[aa]">&gt;&gt;</a>&nbsp;&nbsp;&nbsp;_printf_core
</UL>

<P><STRONG><a name="[aa]"></a>_printf_core</STRONG> (Thumb, 1744 bytes, Stack size 136 bytes, printfa.o(i._printf_core), UNUSED)
<BR><BR>[Calls]<UL><LI><a href="#[44]">&gt;&gt;</a>&nbsp;&nbsp;&nbsp;__aeabi_uldivmod
<LI><a href="#[b0]">&gt;&gt;</a>&nbsp;&nbsp;&nbsp;__aeabi_uidivmod
<LI><a href="#[ae]">&gt;&gt;</a>&nbsp;&nbsp;&nbsp;_printf_pre_padding
<LI><a href="#[af]">&gt;&gt;</a>&nbsp;&nbsp;&nbsp;_printf_post_padding
<LI><a href="#[ac]">&gt;&gt;</a>&nbsp;&nbsp;&nbsp;_fp_digits
</UL>
<BR>[Called By]<UL><LI><a href="#[ab]">&gt;&gt;</a>&nbsp;&nbsp;&nbsp;__0vsprintf
<LI><a href="#[a9]">&gt;&gt;</a>&nbsp;&nbsp;&nbsp;__0printf
</UL>

<P><STRONG><a name="[af]"></a>_printf_post_padding</STRONG> (Thumb, 36 bytes, Stack size 24 bytes, printfa.o(i._printf_post_padding), UNUSED)
<BR><BR>[Called By]<UL><LI><a href="#[aa]">&gt;&gt;</a>&nbsp;&nbsp;&nbsp;_printf_core
</UL>

<P><STRONG><a name="[ae]"></a>_printf_pre_padding</STRONG> (Thumb, 46 bytes, Stack size 24 bytes, printfa.o(i._printf_pre_padding), UNUSED)
<BR><BR>[Called By]<UL><LI><a href="#[aa]">&gt;&gt;</a>&nbsp;&nbsp;&nbsp;_printf_core
</UL>

<P><STRONG><a name="[39]"></a>_sputc</STRONG> (Thumb, 10 bytes, Stack size 0 bytes, printfa.o(i._sputc))
<BR><BR>[Called By]<UL><LI><a href="#[ab]">&gt;&gt;</a>&nbsp;&nbsp;&nbsp;__0vsprintf
</UL>
<BR>[Address Reference Count : 1]<UL><LI> printfa.o(i.__0vsprintf)
</UL><P>
<H3>
Undefined Global Symbols
</H3><HR></body></html>
