Component: ARM Compiler 5.06 update 6 (build 750) Tool: armlink [4d35ed]

==============================================================================

Section Cross References

    startup_stm32f103xb.o(RESET) refers to startup_stm32f103xb.o(STACK) for __initial_sp
    startup_stm32f103xb.o(RESET) refers to startup_stm32f103xb.o(.text) for Reset_Handler
    startup_stm32f103xb.o(RESET) refers to stm32f1xx_it.o(i.NMI_Handler) for NMI_Handler
    startup_stm32f103xb.o(RESET) refers to stm32f1xx_it.o(i.HardFault_Handler) for HardFault_Handler
    startup_stm32f103xb.o(RESET) refers to stm32f1xx_it.o(i.MemManage_Handler) for MemManage_Handler
    startup_stm32f103xb.o(RESET) refers to stm32f1xx_it.o(i.BusFault_Handler) for BusFault_Handler
    startup_stm32f103xb.o(RESET) refers to stm32f1xx_it.o(i.UsageFault_Handler) for UsageFault_Handler
    startup_stm32f103xb.o(RESET) refers to stm32f1xx_it.o(i.SVC_Handler) for SVC_Handler
    startup_stm32f103xb.o(RESET) refers to stm32f1xx_it.o(i.DebugMon_Handler) for DebugMon_Handler
    startup_stm32f103xb.o(RESET) refers to stm32f1xx_it.o(i.PendSV_Handler) for PendSV_Handler
    startup_stm32f103xb.o(RESET) refers to stm32f1xx_it.o(i.SysTick_Handler) for SysTick_Handler
    startup_stm32f103xb.o(RESET) refers to stm32f1xx_it.o(i.TIM1_UP_IRQHandler) for TIM1_UP_IRQHandler
    startup_stm32f103xb.o(RESET) refers to uart_mode2.o(i.USART1_IRQHandler) for USART1_IRQHandler
    startup_stm32f103xb.o(RESET) refers to uart_mode2.o(i.USART2_IRQHandler) for USART2_IRQHandler
    startup_stm32f103xb.o(RESET) refers to uart_mode2.o(i.USART3_IRQHandler) for USART3_IRQHandler
    startup_stm32f103xb.o(.text) refers to system_stm32f1xx.o(i.SystemInit) for SystemInit
    startup_stm32f103xb.o(.text) refers to entry.o(.ARM.Collect$$$$00000000) for __main
    system_stm32f1xx.o(i.SystemCoreClockUpdate) refers to system_stm32f1xx.o(.data) for SystemCoreClock
    system_stm32f1xx.o(i.SystemCoreClockUpdate) refers to system_stm32f1xx.o(.constdata) for AHBPrescTable
    stm32f1xx_hal_iwdg.o(i.HAL_IWDG_Init) refers to stm32f1xx_hal.o(i.HAL_GetTick) for HAL_GetTick
    stm32f1xx_hal_spi.o(i.HAL_SPI_Abort) refers to stm32f1xx_hal_dma.o(i.HAL_DMA_Abort) for HAL_DMA_Abort
    stm32f1xx_hal_spi.o(i.HAL_SPI_Abort) refers to system_stm32f1xx.o(.data) for SystemCoreClock
    stm32f1xx_hal_spi.o(i.HAL_SPI_Abort) refers to stm32f1xx_hal_spi.o(i.SPI_AbortTx_ISR) for SPI_AbortTx_ISR
    stm32f1xx_hal_spi.o(i.HAL_SPI_Abort) refers to stm32f1xx_hal_spi.o(i.SPI_AbortRx_ISR) for SPI_AbortRx_ISR
    stm32f1xx_hal_spi.o(i.HAL_SPI_Abort_IT) refers to stm32f1xx_hal_dma.o(i.HAL_DMA_Abort_IT) for HAL_DMA_Abort_IT
    stm32f1xx_hal_spi.o(i.HAL_SPI_Abort_IT) refers to stm32f1xx_hal_spi.o(i.HAL_SPI_AbortCpltCallback) for HAL_SPI_AbortCpltCallback
    stm32f1xx_hal_spi.o(i.HAL_SPI_Abort_IT) refers to stm32f1xx_hal_spi.o(i.SPI_AbortTx_ISR) for SPI_AbortTx_ISR
    stm32f1xx_hal_spi.o(i.HAL_SPI_Abort_IT) refers to stm32f1xx_hal_spi.o(i.SPI_AbortRx_ISR) for SPI_AbortRx_ISR
    stm32f1xx_hal_spi.o(i.HAL_SPI_Abort_IT) refers to stm32f1xx_hal_spi.o(i.SPI_DMATxAbortCallback) for SPI_DMATxAbortCallback
    stm32f1xx_hal_spi.o(i.HAL_SPI_Abort_IT) refers to stm32f1xx_hal_spi.o(i.SPI_DMARxAbortCallback) for SPI_DMARxAbortCallback
    stm32f1xx_hal_spi.o(i.HAL_SPI_DMAStop) refers to stm32f1xx_hal_dma.o(i.HAL_DMA_Abort) for HAL_DMA_Abort
    stm32f1xx_hal_spi.o(i.HAL_SPI_DeInit) refers to stm32f1xx_hal_msp.o(i.HAL_SPI_MspDeInit) for HAL_SPI_MspDeInit
    stm32f1xx_hal_spi.o(i.HAL_SPI_IRQHandler) refers to stm32f1xx_hal_dma.o(i.HAL_DMA_Abort_IT) for HAL_DMA_Abort_IT
    stm32f1xx_hal_spi.o(i.HAL_SPI_IRQHandler) refers to stm32f1xx_hal_spi.o(i.HAL_SPI_ErrorCallback) for HAL_SPI_ErrorCallback
    stm32f1xx_hal_spi.o(i.HAL_SPI_IRQHandler) refers to stm32f1xx_hal_spi.o(i.SPI_DMAAbortOnError) for SPI_DMAAbortOnError
    stm32f1xx_hal_spi.o(i.HAL_SPI_Init) refers to stm32f1xx_hal_msp.o(i.HAL_SPI_MspInit) for HAL_SPI_MspInit
    stm32f1xx_hal_spi.o(i.HAL_SPI_Receive) refers to stm32f1xx_hal_spi.o(i.HAL_SPI_TransmitReceive) for HAL_SPI_TransmitReceive
    stm32f1xx_hal_spi.o(i.HAL_SPI_Receive) refers to stm32f1xx_hal.o(i.HAL_GetTick) for HAL_GetTick
    stm32f1xx_hal_spi.o(i.HAL_SPI_Receive_DMA) refers to stm32f1xx_hal_spi.o(i.HAL_SPI_TransmitReceive_DMA) for HAL_SPI_TransmitReceive_DMA
    stm32f1xx_hal_spi.o(i.HAL_SPI_Receive_DMA) refers to stm32f1xx_hal_dma.o(i.HAL_DMA_Start_IT) for HAL_DMA_Start_IT
    stm32f1xx_hal_spi.o(i.HAL_SPI_Receive_DMA) refers to stm32f1xx_hal_spi.o(i.SPI_DMAHalfReceiveCplt) for SPI_DMAHalfReceiveCplt
    stm32f1xx_hal_spi.o(i.HAL_SPI_Receive_DMA) refers to stm32f1xx_hal_spi.o(i.SPI_DMAReceiveCplt) for SPI_DMAReceiveCplt
    stm32f1xx_hal_spi.o(i.HAL_SPI_Receive_DMA) refers to stm32f1xx_hal_spi.o(i.SPI_DMAError) for SPI_DMAError
    stm32f1xx_hal_spi.o(i.HAL_SPI_Receive_IT) refers to stm32f1xx_hal_spi.o(i.HAL_SPI_TransmitReceive_IT) for HAL_SPI_TransmitReceive_IT
[...]
    NVIC_SetPriority                         0x08002c21   Thumb Code    32  stm32f1xx_hal_cortex.o(i.NVIC_SetPriority)
    i.PendSV_Handler                         0x08002c48   Section        0  stm32f1xx_it.o(i.PendSV_Handler)
    i.RCC_Delay                              0x08002c4c   Section        0  stm32f1xx_hal_rcc.o(i.RCC_Delay)
    RCC_Delay                                0x08002c4d   Thumb Code    36  stm32f1xx_hal_rcc.o(i.RCC_Delay)
    i.SCL_write                              0x08002c74   Section        0  eeprom.o(i.SCL_write)
    SCL_write                                0x08002c75   Thumb Code    30  eeprom.o(i.SCL_write)
    i.SDA_read                               0x08002c98   Section        0  eeprom.o(i.SDA_read)
    SDA_read                                 0x08002c99   Thumb Code    12  eeprom.o(i.SDA_read)
    i.SDA_write                              0x08002ca8   Section        0  eeprom.o(i.SDA_write)
    SDA_write                                0x08002ca9   Thumb Code    30  eeprom.o(i.SDA_write)
    i.SVC_Handler                            0x08002ccc   Section        0  stm32f1xx_it.o(i.SVC_Handler)
    i.SysTick_Handler                        0x08002cce   Section        0  stm32f1xx_it.o(i.SysTick_Handler)
    i.SystemClock_Config                     0x08002cd6   Section        0  main.o(i.SystemClock_Config)
    i.SystemInit                             0x08002d40   Section        0  system_stm32f1xx.o(i.SystemInit)
    i.TCPclient_config                       0x08002d98   Section        0  socket.o(i.TCPclient_config)
    i.TCPclient_init_space                   0x08002db4   Section        0  socket.o(i.TCPclient_init_space)
    i.TIM1_UP_IRQHandler                     0x08002dcc   Section        0  stm32f1xx_it.o(i.TIM1_UP_IRQHandler)
    i.TIM_Base_SetConfig                     0x08002ddc   Section        0  stm32f1xx_hal_tim.o(i.TIM_Base_SetConfig)
    i.TIM_ETR_SetConfig                      0x08002e50   Section        0  stm32f1xx_hal_tim.o(i.TIM_ETR_SetConfig)
    TIM_ETR_SetConfig                        0x08002e51   Thumb Code    24  stm32f1xx_hal_tim.o(i.TIM_ETR_SetConfig)
    i.TIM_ITRx_SetConfig                     0x08002e68   Section        0  stm32f1xx_hal_tim.o(i.TIM_ITRx_SetConfig)
    TIM_ITRx_SetConfig                       0x08002e69   Thumb Code    20  stm32f1xx_hal_tim.o(i.TIM_ITRx_SetConfig)
    i.TIM_TI1_ConfigInputStage               0x08002e7c   Section        0  stm32f1xx_hal_tim.o(i.TIM_TI1_ConfigInputStage)
    TIM_TI1_ConfigInputStage                 0x08002e7d   Thumb Code    42  stm32f1xx_hal_tim.o(i.TIM_TI1_ConfigInputStage)
    i.TIM_TI2_ConfigInputStage               0x08002ea6   Section        0  stm32f1xx_hal_tim.o(i.TIM_TI2_ConfigInputStage)
    TIM_TI2_ConfigInputStage                 0x08002ea7   Thumb Code    44  stm32f1xx_hal_tim.o(i.TIM_TI2_ConfigInputStage)
    i.UART_SetConfig                         0x08002ed4   Section        0  stm32f1xx_hal_uart.o(i.UART_SetConfig)
    UART_SetConfig                           0x08002ed5   Thumb Code   450  stm32f1xx_hal_uart.o(i.UART_SetConfig)
    i.USART1_IRQHandler                      0x0800309c   Section        0  uart_mode2.o(i.USART1_IRQHandler)
    i.USART2_IRQHandler                      0x080030d4   Section        0  uart_mode2.o(i.USART2_IRQHandler)
    i.USART3_IRQHandler                      0x0800310c   Section        0  uart_mode2.o(i.USART3_IRQHandler)
    i.UsageFault_Handler                     0x08003144   Section        0  stm32f1xx_it.o(i.UsageFault_Handler)
    i.__0printf                              0x08003148   Section        0  printfa.o(i.__0printf)
    i.__0vsprintf                            0x08003168   Section        0  printfa.o(i.__0vsprintf)
    i.__scatterload_copy                     0x0800318c   Section       14  handlers.o(i.__scatterload_copy)
    i.__scatterload_null                     0x0800319a   Section        2  handlers.o(i.__scatterload_null)
    i.__scatterload_zeroinit                 0x0800319c   Section       14  handlers.o(i.__scatterload_zeroinit)
    i.__set_PRIMASK                          0x080031aa   Section        0  caijiqi.o(i.__set_PRIMASK)
    __set_PRIMASK                            0x080031ab   Thumb Code     6  caijiqi.o(i.__set_PRIMASK)
    i._fp_digits                             0x080031b0   Section        0  printfa.o(i._fp_digits)
    _fp_digits                               0x080031b1   Thumb Code   366  printfa.o(i._fp_digits)
    i._printf_core                           0x08003334   Section        0  printfa.o(i._printf_core)
    _printf_core                             0x08003335   Thumb Code  1744  printfa.o(i._printf_core)
    i._printf_post_padding                   0x08003a10   Section        0  printfa.o(i._printf_post_padding)
    _printf_post_padding                     0x08003a11   Thumb Code    36  printfa.o(i._printf_post_padding)
    i._printf_pre_padding                    0x08003a34   Section        0  printfa.o(i._printf_pre_padding)
    _printf_pre_padding                      0x08003a35   Thumb Code    46  printfa.o(i._printf_pre_padding)
    i._sputc                                 0x08003a62   Section        0  printfa.o(i._sputc)
    _sputc                                   0x08003a63   Thumb Code    10  printfa.o(i._sputc)
    i.ack                                    0x08003a6c   Section        0  eeprom.o(i.ack)
    ack                                      0x08003a6d   Thumb Code    12  eeprom.o(i.ack)
    i.add_at_to_ATfifo                       0x08003a78   Section        0  m26.o(i.add_at_to_ATfifo)
    add_at_to_ATfifo                         0x08003a79   Thumb Code    44  m26.o(i.add_at_to_ATfifo)
    i.ascii_bcd_to_uint32                    0x08003aa8   Section        0  data_transform.o(i.ascii_bcd_to_uint32)
    i.ascii_to_hex4                          0x08003ace   Section        0  data_transform.o(i.ascii_to_hex4)
    i.caijiqi                                0x08003af8   Section        0  caijiqi.o(i.caijiqi)
    i.delay                                  0x08003b04   Section        0  eeprom.o(i.delay)
    delay                                    0x08003b05   Thumb Code    24  eeprom.o(i.delay)
    i.delay_init                             0x08003b1c   Section        0  m26.o(i.delay_init)
    delay_init                               0x08003b1d   Thumb Code     8  m26.o(i.delay_init)
    i.delay_ms                               0x08003b28   Section        0  m26.o(i.delay_ms)
    delay_ms                                 0x08003b29   Thumb Code    32  m26.o(i.delay_ms)
    i.eeprom_read                            0x08003b4c   Section        0  eeprom.o(i.eeprom_read)
    i.fifo_add_multi_to_bottom               0x08003bc2   Section        0  fifo.o(i.fifo_add_multi_to_bottom)
    i.fifo_add_to_bottom                     0x08003c3e   Section        0  fifo.o(i.fifo_add_to_bottom)
    i.fifo_add_to_top                        0x08003c7a   Section        0  fifo.o(i.fifo_add_to_top)
    i.fifo_reset                             0x08003cd0   Section        0  fifo.o(i.fifo_reset)
    i.fifo_sub                               0x08003cde   Section        0  fifo.o(i.fifo_sub)
    i.fifo_sub_multi                         0x08003d10   Section        0  fifo.o(i.fifo_sub_multi)
    i.fputc                                  0x08003d84   Section        0  mcu.o(i.fputc)
    i.frame_add_array                        0x08003d94   Section        0  frame.o(i.frame_add_array)
    i.frame_add_byte                         0x08003dcc   Section        0  frame.o(i.frame_add_byte)
    i.frame_add_table_to_fifo                0x08003dee   Section        0  frame.o(i.frame_add_table_to_fifo)
    i.frame_add_to_fifo                      0x08003e20   Section        0  frame.o(i.frame_add_to_fifo)
    i.frame_check                            0x08003e5c   Section        0  caijiqi.o(i.frame_check)
    frame_check                              0x08003e5d   Thumb Code   286  caijiqi.o(i.frame_check)
    i.frame_copy                             0x08003f7a   Section        0  frame.o(i.frame_copy)
    i.frame_get_frome_fifo                   0x08003fae   Section        0  frame.o(i.frame_get_frome_fifo)
    i.frame_reset                            0x08003ff8   Section        0  frame.o(i.frame_reset)
    i.func_M26_tx0                           0x08004004   Section        0  caijiqi.o(i.func_M26_tx0)
    i.func_M26_tx1                           0x080040b8   Section        0  caijiqi.o(i.func_M26_tx1)
    i.func_m26                               0x0800416c   Section        0  m26.o(i.func_m26)
    i.func_none                              0x08004314   Section        0  m26.o(i.func_none)
    func_none                                0x08004315   Thumb Code     2  m26.o(i.func_none)
    i.func_power_reset                       0x08004318   Section        0  m26.o(i.func_power_reset)
    func_power_reset                         0x08004319   Thumb Code   130  m26.o(i.func_power_reset)
    i.func_uart3_timeout                     0x080043c0   Section        0  com.o(i.func_uart3_timeout)
    i.get_AT                                 0x08004404   Section        0  m26.o(i.get_AT)
    get_AT                                   0x08004405   Thumb Code    40  m26.o(i.get_AT)
    i.get_bianhao                            0x08004438   Section        0  local_debug.o(i.get_bianhao)
    i.get_length_string                      0x080044b8   Section        0  mystring.o(i.get_length_string)
    i.get_length_string_without_end          0x080044c8   Section        0  mystring.o(i.get_length_string_without_end)
    i.if_contain_and_same_begin              0x080044e2   Section        0  mystring.o(i.if_contain_and_same_begin)
    i.insert_at_to_ATfifo                    0x08004508   Section        0  m26.o(i.insert_at_to_ATfifo)
    insert_at_to_ATfifo                      0x08004509   Thumb Code    24  m26.o(i.insert_at_to_ATfifo)
    i.m26_init                               0x08004524   Section        0  m26.o(i.m26_init)
    i.m26_reset                              0x08004574   Section        0  m26.o(i.m26_reset)
    i.main                                   0x080045e4   Section        0  main.o(i.main)
    i.my_main                                0x0800460c   Section        0  mymain.o(i.my_main)
    i.mystring_init                          0x080046ac   Section        0  mystring.o(i.mystring_init)
    i.mystring_read_char                     0x080046b8   Section        0  mystring.o(i.mystring_read_char)
    i.mystring_read_char_above               0x080046d2   Section        0  mystring.o(i.mystring_read_char_above)
    i.mystring_read_number                   0x080046ea   Section        0  mystring.o(i.mystring_read_number)
    i.mystring_read_over                     0x0800477c   Section        0  mystring.o(i.mystring_read_over)
    i.mystring_read_until                    0x080047d6   Section        0  mystring.o(i.mystring_read_until)
    i.mystring_read_until_number_10          0x08004828   Section        0  mystring.o(i.mystring_read_until_number_10)
    i.mystring_reset                         0x0800485a   Section        0  mystring.o(i.mystring_reset)
    i.read_ack                               0x08004860   Section        0  eeprom.o(i.read_ack)
    read_ack                                 0x08004861   Thumb Code    12  eeprom.o(i.read_ack)
    i.read_bit                               0x0800486c   Section        0  eeprom.o(i.read_bit)
    read_bit                                 0x0800486d   Thumb Code    48  eeprom.o(i.read_bit)
    i.read_byte_H                            0x0800489c   Section        0  eeprom.o(i.read_byte_H)
    read_byte_H                              0x0800489d   Thumb Code    30  eeprom.o(i.read_byte_H)
    i.rs485_put_string                       0x080048bc   Section        0  rs485.o(i.rs485_put_string)
    i.send_bit                               0x080048e4   Section        0  eeprom.o(i.send_bit)
    send_bit                                 0x080048e5   Thumb Code    60  eeprom.o(i.send_bit)
    i.send_byte_H                            0x08004920   Section        0  eeprom.o(i.send_byte_H)
    send_byte_H                              0x08004921   Thumb Code    34  eeprom.o(i.send_byte_H)
    i.sockeet_init                           0x08004944   Section        0  tcp.o(i.sockeet_init)
    i.socket_15646_call_back                 0x08004aa8   Section        0  caijiqi.o(i.socket_15646_call_back)
    i.socket_45789_call_back                 0x08004ac0   Section        0  caijiqi.o(i.socket_45789_call_back)
    i.socket_6300_call_back                  0x08004ad8   Section        0  tcp.o(i.socket_6300_call_back)
    i.socket_6310_call_back                  0x08004ada   Section        0  tcp.o(i.socket_6310_call_back)
    i.socket_enable_put                      0x08004adc   Section        0  socket.o(i.socket_enable_put)
    i.socket_enable_write                    0x08004ae4   Section        0  socket.o(i.socket_enable_write)
    i.socket_if_can_put                      0x08004af0   Section        0  socket.o(i.socket_if_can_put)
    i.socket_if_can_write                    0x08004b06   Section        0  socket.o(i.socket_if_can_write)
    i.socket_template                        0x08004b18   Section        0  m26.o(i.socket_template)
    socket_template                          0x08004b19   Thumb Code   308  m26.o(i.socket_template)
    i.start                                  0x08004c78   Section        0  eeprom.o(i.start)
    start                                    0x08004c79   Thumb Code    44  eeprom.o(i.start)
    i.stop                                   0x08004ca4   Section        0  eeprom.o(i.stop)
    stop                                     0x08004ca5   Thumb Code    44  eeprom.o(i.stop)
    i.sum_uint8                              0x08004cd0   Section        0  mymath.o(i.sum_uint8)
    i.timeout_func                           0x08004cea   Section        0  timeout.o(i.timeout_func)
    i.timeout_pause                          0x08004d0a   Section        0  timeout.o(i.timeout_pause)
    i.timeout_read_and_clear_flag            0x08004d10   Section        0  timeout.o(i.timeout_read_and_clear_flag)
    i.timeout_restart                        0x08004d1e   Section        0  timeout.o(i.timeout_restart)
    i.uart_1_init                            0x08004d2c   Section        0  uart_mode2.o(i.uart_1_init)
    i.uart_1_put_char                        0x08004d4c   Section        0  uart_mode2.o(i.uart_1_put_char)
    i.uart_1_put_frame                       0x08004d78   Section        0  uart_mode2.o(i.uart_1_put_frame)
    i.uart_1_rxcallback                      0x08004db8   Section        0  uart_mode2.o(i.uart_1_rxcallback)
    i.uart_1_rxcallback_EC20                 0x08004dd4   Section        0  ec20.o(i.uart_1_rxcallback_EC20)
    i.uart_1_rxcallback_m26                  0x08005044   Section        0  m26.o(i.uart_1_rxcallback_m26)
    i.uart_2_init                            0x08005274   Section        0  uart_mode2.o(i.uart_2_init)
    i.uart_2_put_string                      0x08005294   Section        0  uart_mode2.o(i.uart_2_put_string)
    i.uart_2_rxcallback                      0x080052c8   Section        0  com.o(i.uart_2_rxcallback)
    i.uart_3_frame_callback                  0x080052fc   Section        0  local_debug.o(i.uart_3_frame_callback)
    i.uart_3_init                            0x080053f0   Section        0  uart_mode2.o(i.uart_3_init)
    i.uart_3_printf                          0x08005410   Section        0  mcu.o(i.uart_3_printf)
    i.uart_3_put_array                       0x0800543c   Section        0  uart_mode2.o(i.uart_3_put_array)
    i.uart_3_put_char                        0x08005478   Section        0  uart_mode2.o(i.uart_3_put_char)
    i.uart_3_put_frame                       0x080054a4   Section        0  uart_mode2.o(i.uart_3_put_frame)
    i.uart_3_rxcallback                      0x080054e4   Section        0  caijiqi.o(i.uart_3_rxcallback)
    .constdata                               0x0800563c   Section       24  system_stm32f1xx.o(.constdata)
    .conststring                             0x08005654   Section       13  local_debug.o(.conststring)
    .data                                    0x20000000   Section        4  system_stm32f1xx.o(.data)
    .data                                    0x20000004   Section        9  stm32f1xx_hal.o(.data)
    .data                                    0x20000010   Section       72  com.o(.data)
    F_timeout2                               0x20000010   Data           1  com.o(.data)
    F_timeout3                               0x20000034   Data           1  com.o(.data)
    .data                                    0x20000058   Section        3  uart_mode2.o(.data)
    .data                                    0x2000005c   Section      176  m26.o(.data)
    state_m26                                0x2000005c   Data           1  m26.o(.data)
    state_reset                              0x2000005d   Data           1  m26.o(.data)
    State_AT                                 0x2000005e   Data           1  m26.o(.data)
    timeout_uart_socket                      0x20000060   Data          12  m26.o(.data)
    timeout_uart_AT                          0x2000006c   Data          12  m26.o(.data)
    timeout_AT                               0x20000078   Data          12  m26.o(.data)
    timeout_ping                             0x20000084   Data          12  m26.o(.data)
    T_reput                                  0x20000090   Data           2  m26.o(.data)
    F_sack                                   0x20000092   Data           6  m26.o(.data)
    F_get_AT                                 0x20000098   Data           1  m26.o(.data)
    F_uart_rx                                0x20000099   Data           1  m26.o(.data)
    AT_line1                                 0x2000009a   Data          46  m26.o(.data)
    AT_none                                  0x200000c8   Data           2  m26.o(.data)
    ATfifo                                   0x200000cc   Data          16  m26.o(.data)
    AT_run                                   0x200000dc   Data           2  m26.o(.data)
    count                                    0x200000e0   Data           4  m26.o(.data)
    state_rx                                 0x200000ec   Data           1  m26.o(.data)
    c_reput                                  0x200000ed   Data           1  m26.o(.data)
    C_qiact_fail                             0x200000ee   Data           1  m26.o(.data)
    AT_delay                                 0x200000f0   Data           2  m26.o(.data)
    table_frame_none                         0x200000f2   Data           1  m26.o(.data)
    frame_none                               0x200000f4   Data           8  m26.o(.data)
    F_init                                   0x200000fc   Data           1  m26.o(.data)
    n                                        0x200000fd   Data           1  m26.o(.data)
    p                                        0x200000fe   Data           1  m26.o(.data)
    length                                   0x20000100   Data           4  m26.o(.data)
    count_reset                              0x20000104   Data           4  m26.o(.data)
    count                                    0x20000108   Data           4  m26.o(.data)
    .data                                    0x2000010c   Section      204  ec20.o(.data)
    state_EC20                               0x2000010c   Data           1  ec20.o(.data)
    state_reset                              0x2000010d   Data           1  ec20.o(.data)
    State_AT                                 0x2000010e   Data           1  ec20.o(.data)
    timeout_uart_socket                      0x20000110   Data          12  ec20.o(.data)
    timeout_uart_AT                          0x2000011c   Data          12  ec20.o(.data)
    timeout_AT                               0x20000128   Data          12  ec20.o(.data)
    timeout_ping                             0x20000134   Data          12  ec20.o(.data)
    T_reput                                  0x20000140   Data           2  ec20.o(.data)
    F_sack                                   0x20000142   Data           6  ec20.o(.data)
    F_get_AT                                 0x20000148   Data           1  ec20.o(.data)
    F_uart_rx                                0x20000149   Data           1  ec20.o(.data)
    AT_line1                                 0x2000014a   Data          48  ec20.o(.data)
    AT_none                                  0x2000017a   Data           2  ec20.o(.data)
    ATfifo                                   0x2000017c   Data          16  ec20.o(.data)
    AT_run                                   0x2000018c   Data           2  ec20.o(.data)
    ATframe                                  0x20000190   Data           8  ec20.o(.data)
    state_rx                                 0x20000198   Data           1  ec20.o(.data)
    c_reput                                  0x20000199   Data           1  ec20.o(.data)
    C_qiact_fail                             0x2000019a   Data           1  ec20.o(.data)
    AT_delay                                 0x2000019c   Data           2  ec20.o(.data)
    local_port                               0x2000019e   Data          22  ec20.o(.data)
    table_frame_none                         0x200001b4   Data           1  ec20.o(.data)
    frame_none                               0x200001b8   Data           8  ec20.o(.data)
    F_init                                   0x200001c0   Data           1  ec20.o(.data)
    count                                    0x200001c4   Data           4  ec20.o(.data)
    n                                        0x200001c8   Data           1  ec20.o(.data)
    p                                        0x200001c9   Data           1  ec20.o(.data)
    length                                   0x200001cc   Data           4  ec20.o(.data)
    count_reset                              0x200001d0   Data           4  ec20.o(.data)
    count                                    0x200001d4   Data           4  ec20.o(.data)
    .data                                    0x200001d8   Section       14  mymain.o(.data)
    count1                                   0x200001e0   Data           2  mymain.o(.data)
    count2                                   0x200001e2   Data           2  mymain.o(.data)
    count3                                   0x200001e4   Data           2  mymain.o(.data)
    .data                                    0x200001e8   Section       82  caijiqi.o(.data)
    Orign_RX_NRF                             0x2000022a   Data           8  caijiqi.o(.data)
    i                                        0x20000232   Data           1  caijiqi.o(.data)
    s_tx                                     0x20000233   Data           1  caijiqi.o(.data)
    count                                    0x20000234   Data           2  caijiqi.o(.data)
    s_tx                                     0x20000236   Data           1  caijiqi.o(.data)
    count                                    0x20000238   Data           2  caijiqi.o(.data)
    .data                                    0x2000023c   Section      122  tcp.o(.data)
    Txframe_0                                0x2000023c   Data           8  tcp.o(.data)
    Rxframe_0                                0x20000244   Data           8  tcp.o(.data)
    Heartframe_0                             0x2000024c   Data           8  tcp.o(.data)
    Txframe_1                                0x20000254   Data           8  tcp.o(.data)
    Rxframe_1                                0x2000025c   Data           8  tcp.o(.data)
    Heartframe_1                             0x20000264   Data           8  tcp.o(.data)
    Txframe_2                                0x2000026c   Data           8  tcp.o(.data)
    Rxframe_2                                0x20000274   Data           8  tcp.o(.data)
    Heartframe_2                             0x2000027c   Data           8  tcp.o(.data)
    Txframe_3                                0x20000284   Data           8  tcp.o(.data)
    Rxframe_3                                0x2000028c   Data           8  tcp.o(.data)
    Heartframe_3                             0x20000294   Data           8  tcp.o(.data)
    HeartBeat                                0x200002a8   Data          14  tcp.o(.data)
    .data                                    0x200002b8   Section       28  local_debug.o(.data)
    E_change                                 0x200002b8   Data           1  local_debug.o(.data)
    length                                   0x200002c5   Data           1  local_debug.o(.data)
    i                                        0x200002cc   Data           1  local_debug.o(.data)
    F                                        0x200002cd   Data           1  local_debug.o(.data)
    count                                    0x200002d0   Data           4  local_debug.o(.data)
    .data                                    0x200002d4   Section        4  stdout.o(.data)
    .bss                                     0x200002d8   Section      356  main.o(.bss)
    .bss                                     0x2000043c   Section       23  sys.o(.bss)
    .bss                                     0x20000453   Section      100  mcu.o(.bss)
    .bss                                     0x200004b7   Section      800  com.o(.bss)
    table_frame1_uart2rx                     0x200004b7   Data         200  com.o(.bss)
    table_frame2_uart2rx                     0x2000057f   Data         200  com.o(.bss)
    table_frame1_uart3rx                     0x20000647   Data         200  com.o(.bss)
    table_frame2_uart3rx                     0x2000070f   Data         200  com.o(.bss)
    .bss                                     0x200007d8   Section      344  m26.o(.bss)
    num_sack                                 0x200007f4   Data          12  m26.o(.bss)
    table_ATfifo                             0x20000800   Data         100  m26.o(.bss)
    table_ATframe                            0x20000864   Data         100  m26.o(.bss)
    ATstring                                 0x200008c8   Data          16  m26.o(.bss)
    table                                    0x200008d8   Data          10  m26.o(.bss)
    count1                                   0x200008e4   Data          24  m26.o(.bss)
    socket_none                              0x200008fc   Data          52  m26.o(.bss)
    .bss                                     0x20000930   Section      392  ec20.o(.bss)
    num_sack                                 0x2000094c   Data          12  ec20.o(.bss)
    table_ATfifo                             0x20000958   Data         100  ec20.o(.bss)
    table_ATframe                            0x200009bc   Data         100  ec20.o(.bss)
    ATstring                                 0x20000a20   Data          16  ec20.o(.bss)
    timeout_socket_link                      0x20000a30   Data          72  ec20.o(.bss)
    table                                    0x20000a78   Data          10  ec20.o(.bss)
    socket_none                              0x20000a84   Data          52  ec20.o(.bss)
    .bss                                     0x20000ab8   Section     3214  caijiqi.o(.bss)
    table_Frame_TX_NRF                       0x20001670   Data         200  caijiqi.o(.bss)
    .bss                                     0x20001748   Section     4288  tcp.o(.bss)
    table_Txframe_0                          0x20001748   Data         500  tcp.o(.bss)
    table_Rxframe_0                          0x2000193c   Data         500  tcp.o(.bss)
    table_Heartframe_0                       0x20001b30   Data          20  tcp.o(.bss)
    table_Txframe_1                          0x20001b44   Data         500  tcp.o(.bss)
    table_Rxframe_1                          0x20001d38   Data         500  tcp.o(.bss)
    table_Heartframe_1                       0x20001f2c   Data          20  tcp.o(.bss)
    table_Txframe_2                          0x20001f40   Data         500  tcp.o(.bss)
    table_Rxframe_2                          0x20002134   Data         500  tcp.o(.bss)
    table_Heartframe_2                       0x20002328   Data          20  tcp.o(.bss)
    table_Txframe_3                          0x2000233c   Data         500  tcp.o(.bss)
    table_Rxframe_3                          0x20002530   Data         500  tcp.o(.bss)
    table_Heartframe_3                       0x20002724   Data          20  tcp.o(.bss)
    .bss                                     0x20002808   Section      128  local_debug.o(.bss)
    str                                      0x20002808   Data          16  local_debug.o(.bss)
    addr                                     0x20002824   Data         100  local_debug.o(.bss)
    STACK                                    0x20002888   Section     1024  startup_stm32f103xb.o(STACK)

    Global Symbols

    Symbol Name                              Value     Ov Type        Size  Object(Section)

    BuildAttributes$$THM_ISAv4$P$D$K$B$S$PE$A:L22UL41UL21$X:L11$S22US41US21$IEEE1$IW$USESV6$~STKCKD$USESV7$~SHL$OSPACE$ROPI$EBA8$MICROLIB$REQ8$PRES8$EABIv2 0x00000000   Number         0  anon$$obj.o ABSOLUTE
    __ARM_use_no_argv                        0x00000000   Number         0  main.o ABSOLUTE
    _printf_a                                0x00000000   Number         0  stubs.o ABSOLUTE
    _printf_c                                0x00000000   Number         0  stubs.o ABSOLUTE
    _printf_charcount                        0x00000000   Number         0  stubs.o ABSOLUTE
    _printf_d                                0x00000000   Number         0  stubs.o ABSOLUTE
    _printf_e                                0x00000000   Number         0  stubs.o ABSOLUTE
    _printf_f                                0x00000000   Number         0  stubs.o ABSOLUTE
    _printf_flags                            0x00000000   Number         0  stubs.o ABSOLUTE
    _printf_fp_dec                           0x00000000   Number         0  stubs.o ABSOLUTE
    _printf_fp_hex                           0x00000000   Number         0  stubs.o ABSOLUTE
    _printf_g                                0x00000000   Number         0  stubs.o ABSOLUTE
    _printf_i                                0x00000000   Number         0  stubs.o ABSOLUTE
    _printf_int_dec                          0x00000000   Number         0  stubs.o ABSOLUTE
    _printf_l                                0x00000000   Number         0  stubs.o ABSOLUTE
    _printf_lc                               0x00000000   Number         0  stubs.o ABSOLUTE
    _printf_ll                               0x00000000   Number         0  stubs.o ABSOLUTE
    _printf_lld                              0x00000000   Number         0  stubs.o ABSOLUTE
    _printf_lli                              0x00000000   Number         0  stubs.o ABSOLUTE
    _printf_llo                              0x00000000   Number         0  stubs.o ABSOLUTE
    _printf_llu                              0x00000000   Number         0  stubs.o ABSOLUTE
    _printf_llx                              0x00000000   Number         0  stubs.o ABSOLUTE
    _printf_longlong_dec                     0x00000000   Number         0  stubs.o ABSOLUTE
    _printf_longlong_hex                     0x00000000   Number         0  stubs.o ABSOLUTE
    _printf_longlong_oct                     0x00000000   Number         0  stubs.o ABSOLUTE
    _printf_ls                               0x00000000   Number         0  stubs.o ABSOLUTE
    _printf_mbtowc                           0x00000000   Number         0  stubs.o ABSOLUTE
    _printf_n                                0x00000000   Number         0  stubs.o ABSOLUTE
    _printf_o                                0x00000000   Number         0  stubs.o ABSOLUTE
    _printf_p                                0x00000000   Number         0  stubs.o ABSOLUTE
    _printf_percent                          0x00000000   Number         0  stubs.o ABSOLUTE
    _printf_pre_padding                      0x00000000   Number         0  stubs.o ABSOLUTE
    _printf_return_value                     0x00000000   Number         0  stubs.o ABSOLUTE
    _printf_s                                0x00000000   Number         0  stubs.o ABSOLUTE
    _printf_sizespec                         0x00000000   Number         0  stubs.o ABSOLUTE
    _printf_str                              0x00000000   Number         0  stubs.o ABSOLUTE
    _printf_truncate_signed                  0x00000000   Number         0  stubs.o ABSOLUTE
    _printf_truncate_unsigned                0x00000000   Number         0  stubs.o ABSOLUTE
    _printf_u                                0x00000000   Number         0  stubs.o ABSOLUTE
    _printf_wc                               0x00000000   Number         0  stubs.o ABSOLUTE
    _printf_wctomb                           0x00000000   Number         0  stubs.o ABSOLUTE
    _printf_widthprec                        0x00000000   Number         0  stubs.o ABSOLUTE
    _printf_x                                0x00000000   Number         0  stubs.o ABSOLUTE
    __cpp_initialize__aeabi_                  - Undefined Weak Reference
    __cxa_finalize                            - Undefined Weak Reference
    _clock_init                               - Undefined Weak Reference
    _microlib_exit                            - Undefined Weak Reference
    __Vectors_Size                           0x000000ec   Number         0  startup_stm32f103xb.o ABSOLUTE
    __Vectors                                0x08000000   Data           4  startup_stm32f103xb.o(RESET)
    __Vectors_End                            0x080000ec   Data           0  startup_stm32f103xb.o(RESET)
    __main                                   0x080000ed   Thumb Code     0  entry.o(.ARM.Collect$$$$00000000)
    _main_stk                                0x080000ed   Thumb Code     0  entry2.o(.ARM.Collect$$$$00000001)
    _main_scatterload                        0x080000f1   Thumb Code     0  entry5.o(.ARM.Collect$$$$00000004)
    __main_after_scatterload                 0x080000f5   Thumb Code     0  entry5.o(.ARM.Collect$$$$00000004)
    _main_clock                              0x080000f5   Thumb Code     0  entry7b.o(.ARM.Collect$$$$00000008)
    _main_cpp_init                           0x080000f5   Thumb Code     0  entry8b.o(.ARM.Collect$$$$0000000A)
    _main_init                               0x080000f5   Thumb Code     0  entry9a.o(.ARM.Collect$$$$0000000B)
    __rt_final_cpp                           0x080000fd   Thumb Code     0  entry10a.o(.ARM.Collect$$$$0000000D)
    __rt_final_exit                          0x080000fd   Thumb Code     0  entry11a.o(.ARM.Collect$$$$0000000F)
    Reset_Handler                            0x08000101   Thumb Code     8  startup_stm32f103xb.o(.text)
    ADC1_2_IRQHandler                        0x0800011b   Thumb Code     0  startup_stm32f103xb.o(.text)
    CAN1_RX1_IRQHandler                      0x0800011b   Thumb Code     0  startup_stm32f103xb.o(.text)
    CAN1_SCE_IRQHandler                      0x0800011b   Thumb Code     0  startup_stm32f103xb.o(.text)
    DMA1_Channel1_IRQHandler                 0x0800011b   Thumb Code     0  startup_stm32f103xb.o(.text)
    DMA1_Channel2_IRQHandler                 0x0800011b   Thumb Code     0  startup_stm32f103xb.o(.text)
    DMA1_Channel3_IRQHandler                 0x0800011b   Thumb Code     0  startup_stm32f103xb.o(.text)
    DMA1_Channel4_IRQHandler                 0x0800011b   Thumb Code     0  startup_stm32f103xb.o(.text)
    DMA1_Channel5_IRQHandler                 0x0800011b   Thumb Code     0  startup_stm32f103xb.o(.text)
    DMA1_Channel6_IRQHandler                 0x0800011b   Thumb Code     0  startup_stm32f103xb.o(.text)
    DMA1_Channel7_IRQHandler                 0x0800011b   Thumb Code     0  startup_stm32f103xb.o(.text)
    EXTI0_IRQHandler                         0x0800011b   Thumb Code     0  startup_stm32f103xb.o(.text)
    EXTI15_10_IRQHandler                     0x0800011b   Thumb Code     0  startup_stm32f103xb.o(.text)
    EXTI1_IRQHandler                         0x0800011b   Thumb Code     0  startup_stm32f103xb.o(.text)
    EXTI2_IRQHandler                         0x0800011b   Thumb Code     0  startup_stm32f103xb.o(.text)
    EXTI3_IRQHandler                         0x0800011b   Thumb Code     0  startup_stm32f103xb.o(.text)
    EXTI4_IRQHandler                         0x0800011b   Thumb Code     0  startup_stm32f103xb.o(.text)
    EXTI9_5_IRQHandler                       0x0800011b   Thumb Code     0  startup_stm32f103xb.o(.text)
    FLASH_IRQHandler                         0x0800011b   Thumb Code     0  startup_stm32f103xb.o(.text)
    I2C1_ER_IRQHandler                       0x0800011b   Thumb Code     0  startup_stm32f103xb.o(.text)
    I2C1_EV_IRQHandler                       0x0800011b   Thumb Code     0  startup_stm32f103xb.o(.text)
    I2C2_ER_IRQHandler                       0x0800011b   Thumb Code     0  startup_stm32f103xb.o(.text)
    I2C2_EV_IRQHandler                       0x0800011b   Thumb Code     0  startup_stm32f103xb.o(.text)
    PVD_IRQHandler                           0x0800011b   Thumb Code     0  startup_stm32f103xb.o(.text)
    RCC_IRQHandler                           0x0800011b   Thumb Code     0  startup_stm32f103xb.o(.text)
    RTC_Alarm_IRQHandler                     0x0800011b   Thumb Code     0  startup_stm32f103xb.o(.text)
    RTC_IRQHandler                           0x0800011b   Thumb Code     0  startup_stm32f103xb.o(.text)
    SPI1_IRQHandler                          0x0800011b   Thumb Code     0  startup_stm32f103xb.o(.text)
    SPI2_IRQHandler                          0x0800011b   Thumb Code     0  startup_stm32f103xb.o(.text)
    TAMPER_IRQHandler                        0x0800011b   Thumb Code     0  startup_stm32f103xb.o(.text)
    TIM1_BRK_IRQHandler                      0x0800011b   Thumb Code     0  startup_stm32f103xb.o(.text)
    TIM1_CC_IRQHandler                       0x0800011b   Thumb Code     0  startup_stm32f103xb.o(.text)
    TIM1_TRG_COM_IRQHandler                  0x0800011b   Thumb Code     0  startup_stm32f103xb.o(.text)
    TIM2_IRQHandler                          0x0800011b   Thumb Code     0  startup_stm32f103xb.o(.text)
    TIM3_IRQHandler                          0x0800011b   Thumb Code     0  startup_stm32f103xb.o(.text)
    TIM4_IRQHandler                          0x0800011b   Thumb Code     0  startup_stm32f103xb.o(.text)
    USBWakeUp_IRQHandler                     0x0800011b   Thumb Code     0  startup_stm32f103xb.o(.text)
    USB_HP_CAN1_TX_IRQHandler                0x0800011b   Thumb Code     0  startup_stm32f103xb.o(.text)
    USB_LP_CAN1_RX0_IRQHandler               0x0800011b   Thumb Code     0  startup_stm32f103xb.o(.text)
    WWDG_IRQHandler                          0x0800011b   Thumb Code     0  startup_stm32f103xb.o(.text)
    __aeabi_llsr                             0x08000125   Thumb Code    32  llushr.o(.text)
    _ll_ushift_r                             0x08000125   Thumb Code     0  llushr.o(.text)
    __aeabi_memset                           0x08000145   Thumb Code    14  memseta.o(.text)
    __aeabi_memset4                          0x08000145   Thumb Code     0  memseta.o(.text)
    __aeabi_memset8                          0x08000145   Thumb Code     0  memseta.o(.text)
    __aeabi_memclr                           0x08000153   Thumb Code     4  memseta.o(.text)
    __aeabi_memclr4                          0x08000153   Thumb Code     0  memseta.o(.text)
    __aeabi_memclr8                          0x08000153   Thumb Code     0  memseta.o(.text)
    _memset$wrapper                          0x08000157   Thumb Code    18  memseta.o(.text)
    __aeabi_uidiv                            0x08000169   Thumb Code     0  uidiv.o(.text)
    __aeabi_uidivmod                         0x08000169   Thumb Code    44  uidiv.o(.text)
    __aeabi_uldivmod                         0x08000195   Thumb Code    98  uldiv.o(.text)
    __I$use$fp                               0x080001f7   Thumb Code     0  iusefp.o(.text)
    __aeabi_dadd                             0x080001f7   Thumb Code   322  dadd.o(.text)
    __aeabi_dsub                             0x08000339   Thumb Code     6  dadd.o(.text)
    __aeabi_drsub                            0x0800033f   Thumb Code     6  dadd.o(.text)
    __aeabi_dmul                             0x08000345   Thumb Code   228  dmul.o(.text)
    __aeabi_ddiv                             0x08000429   Thumb Code   222  ddiv.o(.text)
    __aeabi_d2ulz                            0x08000507   Thumb Code    48  dfixul.o(.text)
    __aeabi_cdrcmple                         0x08000539   Thumb Code    48  cdrcmple.o(.text)
    __scatterload                            0x08000569   Thumb Code    28  init.o(.text)
    __scatterload_rt2                        0x08000569   Thumb Code     0  init.o(.text)
    __aeabi_llsl                             0x0800058d   Thumb Code    30  llshl.o(.text)
    _ll_shift_l                              0x0800058d   Thumb Code     0  llshl.o(.text)
    __aeabi_lasr                             0x080005ab   Thumb Code    36  llsshr.o(.text)
    _ll_sshift_r                             0x080005ab   Thumb Code     0  llsshr.o(.text)
    _double_round                            0x080005cf   Thumb Code    30  depilogue.o(.text)
    _double_epilogue                         0x080005ed   Thumb Code   156  depilogue.o(.text)
    __decompress                             0x08000689   Thumb Code     0  __dczerorl2.o(.text)
    __decompress1                            0x08000689   Thumb Code    86  __dczerorl2.o(.text)
    BusFault_Handler                         0x0800153d   Thumb Code     4  stm32f1xx_it.o(i.BusFault_Handler)
    Check_Sum                                0x08001541   Thumb Code    28  caijiqi.o(i.Check_Sum)
    DebugMon_Handler                         0x0800155d   Thumb Code     2  stm32f1xx_it.o(i.DebugMon_Handler)
    Error_Handler                            0x0800155f   Thumb Code     2  main.o(i.Error_Handler)
    HAL_GPIO_Init                            0x08001561   Thumb Code   764  stm32f1xx_hal_gpio.o(i.HAL_GPIO_Init)
    HAL_GPIO_ReadPin                         0x0800187d   Thumb Code    16  stm32f1xx_hal_gpio.o(i.HAL_GPIO_ReadPin)
    HAL_GPIO_WritePin                        0x0800188d   Thumb Code    12  stm32f1xx_hal_gpio.o(i.HAL_GPIO_WritePin)
    HAL_GetTick                              0x08001899   Thumb Code     6  stm32f1xx_hal.o(i.HAL_GetTick)
    HAL_IWDG_Init                            0x080018a5   Thumb Code    80  stm32f1xx_hal_iwdg.o(i.HAL_IWDG_Init)
    HAL_IWDG_Refresh                         0x080018f5   Thumb Code    14  stm32f1xx_hal_iwdg.o(i.HAL_IWDG_Refresh)
    HAL_IncTick                              0x08001905   Thumb Code    16  stm32f1xx_hal.o(i.HAL_IncTick)
    HAL_Init                                 0x0800191d   Thumb Code    34  stm32f1xx_hal.o(i.HAL_Init)
    HAL_InitTick                             0x08001945   Thumb Code    64  stm32f1xx_hal.o(i.HAL_InitTick)
    HAL_MspInit                              0x08001991   Thumb Code    82  stm32f1xx_hal_msp.o(i.HAL_MspInit)
    HAL_NVIC_EnableIRQ                       0x080019ed   Thumb Code    26  stm32f1xx_hal_cortex.o(i.HAL_NVIC_EnableIRQ)
    HAL_NVIC_SetPriority                     0x08001a07   Thumb Code   124  stm32f1xx_hal_cortex.o(i.HAL_NVIC_SetPriority)
    HAL_NVIC_SetPriorityGrouping             0x08001a85   Thumb Code    32  stm32f1xx_hal_cortex.o(i.HAL_NVIC_SetPriorityGrouping)
    HAL_RCC_ClockConfig                      0x08001aad   Thumb Code   446  stm32f1xx_hal_rcc.o(i.HAL_RCC_ClockConfig)
    HAL_RCC_GetHCLKFreq                      0x08001c7d   Thumb Code     6  stm32f1xx_hal_rcc.o(i.HAL_RCC_GetHCLKFreq)
    HAL_RCC_GetPCLK1Freq                     0x08001c89   Thumb Code    22  stm32f1xx_hal_rcc.o(i.HAL_RCC_GetPCLK1Freq)
    HAL_RCC_GetPCLK2Freq                     0x08001ca9   Thumb Code    22  stm32f1xx_hal_rcc.o(i.HAL_RCC_GetPCLK2Freq)
    HAL_RCC_GetSysClockFreq                  0x08001cc9   Thumb Code   116  stm32f1xx_hal_rcc.o(i.HAL_RCC_GetSysClockFreq)
    HAL_RCC_OscConfig                        0x08001d5d   Thumb Code  1078  stm32f1xx_hal_rcc.o(i.HAL_RCC_OscConfig)
    HAL_SPI_Init                             0x0800219d   Thumb Code   134  stm32f1xx_hal_spi_ex.o(i.HAL_SPI_Init)
    HAL_SPI_MspInit                          0x08002225   Thumb Code   138  stm32f1xx_hal_msp.o(i.HAL_SPI_MspInit)
    HAL_SYSTICK_Config                       0x080022c1   Thumb Code    52  stm32f1xx_hal_cortex.o(i.HAL_SYSTICK_Config)
    HAL_TIMEx_BreakCallback                  0x080022f5   Thumb Code     2  stm32f1xx_hal_tim_ex.o(i.HAL_TIMEx_BreakCallback)
    HAL_TIMEx_CommutationCallback            0x080022f7   Thumb Code     2  stm32f1xx_hal_tim_ex.o(i.HAL_TIMEx_CommutationCallback)
    HAL_TIMEx_MasterConfigSynchronization    0x080022f9   Thumb Code    98  stm32f1xx_hal_tim_ex.o(i.HAL_TIMEx_MasterConfigSynchronization)
    HAL_TIM_Base_Init                        0x0800235b   Thumb Code    52  stm32f1xx_hal_tim.o(i.HAL_TIM_Base_Init)
    HAL_TIM_Base_MspInit                     0x08002391   Thumb Code    58  stm32f1xx_hal_msp.o(i.HAL_TIM_Base_MspInit)
    HAL_TIM_Base_Start_IT                    0x080023d5   Thumb Code    30  stm32f1xx_hal_tim.o(i.HAL_TIM_Base_Start_IT)
    HAL_TIM_ConfigClockSource                0x080023f3   Thumb Code   306  stm32f1xx_hal_tim.o(i.HAL_TIM_ConfigClockSource)
    HAL_TIM_IC_CaptureCallback               0x08002525   Thumb Code     2  stm32f1xx_hal_tim.o(i.HAL_TIM_IC_CaptureCallback)
    HAL_TIM_IRQHandler                       0x08002527   Thumb Code   406  stm32f1xx_hal_tim.o(i.HAL_TIM_IRQHandler)
    HAL_TIM_OC_DelayElapsedCallback          0x080026bd   Thumb Code     2  stm32f1xx_hal_tim.o(i.HAL_TIM_OC_DelayElapsedCallback)
    HAL_TIM_PWM_PulseFinishedCallback        0x080026bf   Thumb Code     2  stm32f1xx_hal_tim.o(i.HAL_TIM_PWM_PulseFinishedCallback)
    HAL_TIM_PeriodElapsedCallback            0x080026c1   Thumb Code   130  mymain.o(i.HAL_TIM_PeriodElapsedCallback)
    HAL_TIM_TriggerCallback                  0x08002761   Thumb Code     2  stm32f1xx_hal_tim.o(i.HAL_TIM_TriggerCallback)
    HAL_UART_Init                            0x08002763   Thumb Code   114  stm32f1xx_hal_uart.o(i.HAL_UART_Init)
    HAL_UART_MspInit                         0x080027d5   Thumb Code   376  stm32f1xx_hal_msp.o(i.HAL_UART_MspInit)
    HardFault_Handler                        0x08002965   Thumb Code     4  stm32f1xx_it.o(i.HardFault_Handler)
    MX_IWDG_Init                             0x08002a79   Thumb Code    32  mymain.o(i.MX_IWDG_Init)
    MemManage_Handler                        0x08002c09   Thumb Code     4  stm32f1xx_it.o(i.MemManage_Handler)
    NMI_Handler                              0x08002c0d   Thumb Code     2  stm32f1xx_it.o(i.NMI_Handler)
    PendSV_Handler                           0x08002c49   Thumb Code     2  stm32f1xx_it.o(i.PendSV_Handler)
    SVC_Handler                              0x08002ccd   Thumb Code     2  stm32f1xx_it.o(i.SVC_Handler)
    SysTick_Handler                          0x08002ccf   Thumb Code     8  stm32f1xx_it.o(i.SysTick_Handler)
    SystemClock_Config                       0x08002cd7   Thumb Code   106  main.o(i.SystemClock_Config)
    SystemInit                               0x08002d41   Thumb Code    70  system_stm32f1xx.o(i.SystemInit)
    TCPclient_config                         0x08002d99   Thumb Code    28  socket.o(i.TCPclient_config)
    TCPclient_init_space                     0x08002db5   Thumb Code    24  socket.o(i.TCPclient_init_space)
    TIM1_UP_IRQHandler                       0x08002dcd   Thumb Code    10  stm32f1xx_it.o(i.TIM1_UP_IRQHandler)
    TIM_Base_SetConfig                       0x08002ddd   Thumb Code   102  stm32f1xx_hal_tim.o(i.TIM_Base_SetConfig)
    USART1_IRQHandler                        0x0800309d   Thumb Code    50  uart_mode2.o(i.USART1_IRQHandler)
    USART2_IRQHandler                        0x080030d5   Thumb Code    50  uart_mode2.o(i.USART2_IRQHandler)
    USART3_IRQHandler                        0x0800310d   Thumb Code    50  uart_mode2.o(i.USART3_IRQHandler)
    UsageFault_Handler                       0x08003145   Thumb Code     4  stm32f1xx_it.o(i.UsageFault_Handler)
    __0printf                                0x08003149   Thumb Code    22  printfa.o(i.__0printf)
    __1printf                                0x08003149   Thumb Code     0  printfa.o(i.__0printf)
    __2printf                                0x08003149   Thumb Code     0  printfa.o(i.__0printf)
    __c89printf                              0x08003149   Thumb Code     0  printfa.o(i.__0printf)
    printf                                   0x08003149   Thumb Code     0  printfa.o(i.__0printf)
    __0vsprintf                              0x08003169   Thumb Code    30  printfa.o(i.__0vsprintf)
    __1vsprintf                              0x08003169   Thumb Code     0  printfa.o(i.__0vsprintf)
    __2vsprintf                              0x08003169   Thumb Code     0  printfa.o(i.__0vsprintf)
    __c89vsprintf                            0x08003169   Thumb Code     0  printfa.o(i.__0vsprintf)
    vsprintf                                 0x08003169   Thumb Code     0  printfa.o(i.__0vsprintf)
    __scatterload_copy                       0x0800318d   Thumb Code    14  handlers.o(i.__scatterload_copy)
    __scatterload_null                       0x0800319b   Thumb Code     2  handlers.o(i.__scatterload_null)
    __scatterload_zeroinit                   0x0800319d   Thumb Code    14  handlers.o(i.__scatterload_zeroinit)
    ascii_bcd_to_uint32                      0x08003aa9   Thumb Code    38  data_transform.o(i.ascii_bcd_to_uint32)
    ascii_to_hex4                            0x08003acf   Thumb Code    42  data_transform.o(i.ascii_to_hex4)
    caijiqi                                  0x08003af9   Thumb Code    12  caijiqi.o(i.caijiqi)
    eeprom_read                              0x08003b4d   Thumb Code   118  eeprom.o(i.eeprom_read)
    fifo_add_multi_to_bottom                 0x08003bc3   Thumb Code   124  fifo.o(i.fifo_add_multi_to_bottom)
    fifo_add_to_bottom                       0x08003c3f   Thumb Code    60  fifo.o(i.fifo_add_to_bottom)
    fifo_add_to_top                          0x08003c7b   Thumb Code    86  fifo.o(i.fifo_add_to_top)
    fifo_reset                               0x08003cd1   Thumb Code    14  fifo.o(i.fifo_reset)
    fifo_sub                                 0x08003cdf   Thumb Code    50  fifo.o(i.fifo_sub)
    fifo_sub_multi                           0x08003d11   Thumb Code   116  fifo.o(i.fifo_sub_multi)
    fputc                                    0x08003d85   Thumb Code    16  mcu.o(i.fputc)
    frame_add_array                          0x08003d95   Thumb Code    56  frame.o(i.frame_add_array)
    frame_add_byte                           0x08003dcd   Thumb Code    34  frame.o(i.frame_add_byte)
    frame_add_table_to_fifo                  0x08003def   Thumb Code    50  frame.o(i.frame_add_table_to_fifo)
    frame_add_to_fifo                        0x08003e21   Thumb Code    60  frame.o(i.frame_add_to_fifo)
    frame_copy                               0x08003f7b   Thumb Code    52  frame.o(i.frame_copy)
    frame_get_frome_fifo                     0x08003faf   Thumb Code    74  frame.o(i.frame_get_frome_fifo)
    frame_reset                              0x08003ff9   Thumb Code    10  frame.o(i.frame_reset)
    func_M26_tx0                             0x08004005   Thumb Code   112  caijiqi.o(i.func_M26_tx0)
    func_M26_tx1                             0x080040b9   Thumb Code   112  caijiqi.o(i.func_M26_tx1)
    func_m26                                 0x0800416d   Thumb Code   332  m26.o(i.func_m26)
    func_uart3_timeout                       0x080043c1   Thumb Code    44  com.o(i.func_uart3_timeout)
    get_bianhao                              0x08004439   Thumb Code    94  local_debug.o(i.get_bianhao)
    get_length_string                        0x080044b9   Thumb Code    16  mystring.o(i.get_length_string)
    get_length_string_without_end            0x080044c9   Thumb Code    26  mystring.o(i.get_length_string_without_end)
    if_contain_and_same_begin                0x080044e3   Thumb Code    36  mystring.o(i.if_contain_and_same_begin)
    m26_init                                 0x08004525   Thumb Code    60  m26.o(i.m26_init)
    m26_reset                                0x08004575   Thumb Code    64  m26.o(i.m26_reset)
    main                                     0x080045e5   Thumb Code    40  main.o(i.main)
    my_main                                  0x0800460d   Thumb Code   108  mymain.o(i.my_main)
    mystring_init                            0x080046ad   Thumb Code    12  mystring.o(i.mystring_init)
    mystring_read_char                       0x080046b9   Thumb Code    26  mystring.o(i.mystring_read_char)
    mystring_read_char_above                 0x080046d3   Thumb Code    24  mystring.o(i.mystring_read_char_above)
    mystring_read_number                     0x080046eb   Thumb Code   146  mystring.o(i.mystring_read_number)
    mystring_read_over                       0x0800477d   Thumb Code    90  mystring.o(i.mystring_read_over)
    mystring_read_until                      0x080047d7   Thumb Code    82  mystring.o(i.mystring_read_until)
    mystring_read_until_number_10            0x08004829   Thumb Code    50  mystring.o(i.mystring_read_until_number_10)
    mystring_reset                           0x0800485b   Thumb Code     6  mystring.o(i.mystring_reset)
    rs485_put_string                         0x080048bd   Thumb Code    34  rs485.o(i.rs485_put_string)
    sockeet_init                             0x08004945   Thumb Code   250  tcp.o(i.sockeet_init)
    socket_15646_call_back                   0x08004aa9   Thumb Code    16  caijiqi.o(i.socket_15646_call_back)
    socket_45789_call_back                   0x08004ac1   Thumb Code    16  caijiqi.o(i.socket_45789_call_back)
    socket_6300_call_back                    0x08004ad9   Thumb Code     2  tcp.o(i.socket_6300_call_back)
    socket_6310_call_back                    0x08004adb   Thumb Code     2  tcp.o(i.socket_6310_call_back)
    socket_enable_put                        0x08004add   Thumb Code     8  socket.o(i.socket_enable_put)
    socket_enable_write                      0x08004ae5   Thumb Code    12  socket.o(i.socket_enable_write)
    socket_if_can_put                        0x08004af1   Thumb Code    22  socket.o(i.socket_if_can_put)
    socket_if_can_write                      0x08004b07   Thumb Code    16  socket.o(i.socket_if_can_write)
    sum_uint8                                0x08004cd1   Thumb Code    26  mymath.o(i.sum_uint8)
    timeout_func                             0x08004ceb   Thumb Code    32  timeout.o(i.timeout_func)
    timeout_pause                            0x08004d0b   Thumb Code     6  timeout.o(i.timeout_pause)
    timeout_read_and_clear_flag              0x08004d11   Thumb Code    14  timeout.o(i.timeout_read_and_clear_flag)
    timeout_restart                          0x08004d1f   Thumb Code    12  timeout.o(i.timeout_restart)
    uart_1_init                              0x08004d2d   Thumb Code    28  uart_mode2.o(i.uart_1_init)
    uart_1_put_char                          0x08004d4d   Thumb Code    34  uart_mode2.o(i.uart_1_put_char)
    uart_1_put_frame                         0x08004d79   Thumb Code    54  uart_mode2.o(i.uart_1_put_frame)
    uart_1_rxcallback                        0x08004db9   Thumb Code    24  uart_mode2.o(i.uart_1_rxcallback)
    uart_1_rxcallback_EC20                   0x08004dd5   Thumb Code   536  ec20.o(i.uart_1_rxcallback_EC20)
    uart_1_rxcallback_m26                    0x08005045   Thumb Code   474  m26.o(i.uart_1_rxcallback_m26)
    uart_2_init                              0x08005275   Thumb Code    28  uart_mode2.o(i.uart_2_init)
    uart_2_put_string                        0x08005295   Thumb Code    44  uart_mode2.o(i.uart_2_put_string)
    uart_2_rxcallback                        0x080052c9   Thumb Code    38  com.o(i.uart_2_rxcallback)
    uart_3_frame_callback                    0x080052fd   Thumb Code   142  local_debug.o(i.uart_3_frame_callback)
    uart_3_init                              0x080053f1   Thumb Code    28  uart_mode2.o(i.uart_3_init)
    uart_3_printf                            0x08005411   Thumb Code    38  mcu.o(i.uart_3_printf)
    uart_3_put_array                         0x0800543d   Thumb Code    52  uart_mode2.o(i.uart_3_put_array)
    uart_3_put_char                          0x08005479   Thumb Code    34  uart_mode2.o(i.uart_3_put_char)
    uart_3_put_frame                         0x080054a5   Thumb Code    54  uart_mode2.o(i.uart_3_put_frame)
    uart_3_rxcallback                        0x080054e5   Thumb Code   316  caijiqi.o(i.uart_3_rxcallback)
    AHBPrescTable                            0x0800563c   Data          16  system_stm32f1xx.o(.constdata)
    APBPrescTable                            0x0800564c   Data           8  system_stm32f1xx.o(.constdata)
    Region$$Table$$Base                      0x08005664   Number         0  anon$$obj.o(Region$$Table)
    Region$$Table$$Limit                     0x08005684   Number         0  anon$$obj.o(Region$$Table)
    SystemCoreClock                          0x20000000   Data           4  system_stm32f1xx.o(.data)
    uwTick                                   0x20000004   Data           4  stm32f1xx_hal.o(.data)
    uwTickPrio                               0x20000008   Data           4  stm32f1xx_hal.o(.data)
    uwTickFreq                               0x2000000c   Data           1  stm32f1xx_hal.o(.data)
    frame1_uart2rx                           0x20000014   Data           8  com.o(.data)
    frame2_uart2rx                           0x2000001c   Data           8  com.o(.data)
    F_uart2_get_frame1                       0x20000024   Data           1  com.o(.data)
    F_uart2_get_frame2                       0x20000025   Data           1  com.o(.data)
    timeout_uart2                            0x20000028   Data          12  com.o(.data)
    frame1_uart3rx                           0x20000038   Data           8  com.o(.data)
    frame2_uart3rx                           0x20000040   Data           8  com.o(.data)
    F_uart3_get_frame1                       0x20000048   Data           1  com.o(.data)
    F_uart3_get_frame2                       0x20000049   Data           1  com.o(.data)
    timeout_uart3                            0x2000004c   Data          12  com.o(.data)
    uart1                                    0x20000058   Data           1  uart_mode2.o(.data)
    uart2                                    0x20000059   Data           1  uart_mode2.o(.data)
    uart3                                    0x2000005a   Data           1  uart_mode2.o(.data)
    ATframe                                  0x200000e4   Data           8  m26.o(.data)
    c_wdg_uart1                              0x200001d8   Data           4  mymain.o(.data)
    c_wdg_uart2                              0x200001dc   Data           4  mymain.o(.data)
    fifo_TCPrx                               0x200001e8   Data          16  caijiqi.o(.data)
    fifo_TCPtx0                              0x200001f8   Data          16  caijiqi.o(.data)
    fifo_TCPtx1                              0x20000208   Data          16  caijiqi.o(.data)
    Frame_TX_NRF                             0x20000218   Data           8  caijiqi.o(.data)
    RX_NRF                                   0x20000220   Data           8  caijiqi.o(.data)
    Data_Sequence                            0x20000228   Data           1  caijiqi.o(.data)
    TX_NRF_Flag                              0x20000229   Data           1  caijiqi.o(.data)
    ip_caijiq                                0x2000029c   Data           4  tcp.o(.data)
    ip_debug                                 0x200002a0   Data           4  tcp.o(.data)
    ip_debug1                                0x200002a4   Data           4  tcp.o(.data)
    table2                                   0x200002b9   Data           6  local_debug.o(.data)
    table3                                   0x200002bf   Data           6  local_debug.o(.data)
    dianbiao                                 0x200002c8   Data           4  local_debug.o(.data)
    __stdout                                 0x200002d4   Data           4  stdout.o(.data)
    hiwdg                                    0x200002d8   Data          12  main.o(.bss)
    hspi1                                    0x200002e4   Data          88  main.o(.bss)
    htim1                                    0x2000033c   Data          64  main.o(.bss)
    huart1                                   0x2000037c   Data          64  main.o(.bss)
    huart2                                   0x200003bc   Data          64  main.o(.bss)
    huart3                                   0x200003fc   Data          64  main.o(.bss)
    sys                                      0x2000043c   Data          23  sys.o(.bss)
    table                                    0x20000453   Data         100  mcu.o(.bss)
    m26                                      0x200007d8   Data          28  m26.o(.bss)
    EC20                                     0x20000930   Data          28  ec20.o(.bss)
    table_fifo_TCPrx                         0x20000ab8   Data        2000  caijiqi.o(.bss)
    table_fifo_TCPtx0                        0x20001288   Data         500  caijiqi.o(.bss)
    table_fifo_TCPtx1                        0x2000147c   Data         500  caijiqi.o(.bss)
    TX_NRF                                   0x20001738   Data          14  caijiqi.o(.bss)
    socket_15646                             0x20002738   Data          52  tcp.o(.bss)
    socket_45789                             0x2000276c   Data          52  tcp.o(.bss)
    socket_6300                              0x200027a0   Data          52  tcp.o(.bss)
    socket_6310                              0x200027d4   Data          52  tcp.o(.bss)
    table1                                   0x20002818   Data          12  local_debug.o(.bss)
    __initial_sp                             0x20002c88   Data           0  startup_stm32f103xb.o(STACK)



==============================================================================

Memory Map of the image

  Image Entry point : 0x080000ed

  Load Region LR_IROM1 (Base: 0x08000000, Size: 0x0000595c, Max: 0x00010000, ABSOLUTE, COMPRESSED[0x000057a4])

    Execution Region ER_IROM1 (Exec base: 0x08000000, Load base: 0x08000000, Size: 0x00005684, Max: 0x00010000, ABSOLUTE)

    Exec Addr    Load Addr    Size         Type   Attr      Idx    E Section Name        Object

    0x08000000   0x08000000   0x000000ec   Data   RO            3    RESET               startup_stm32f103xb.o
    0x080000ec   0x080000ec   0x00000000   Code   RO         4764  * .ARM.Collect$$$$00000000  mc_w.l(entry.o)
    0x080000ec   0x080000ec   0x00000004   Code   RO         5032    .ARM.Collect$$$$00000001  mc_w.l(entry2.o)
    0x080000f0   0x080000f0   0x00000004   Code   RO         5035    .ARM.Collect$$$$00000004  mc_w.l(entry5.o)
    0x080000f4   0x080000f4   0x00000000   Code   RO         5037    .ARM.Collect$$$$00000008  mc_w.l(entry7b.o)
    0x080000f4   0x080000f4   0x00000000   Code   RO         5039    .ARM.Collect$$$$0000000A  mc_w.l(entry8b.o)
    0x080000f4   0x080000f4   0x00000008   Code   RO         5040    .ARM.Collect$$$$0000000B  mc_w.l(entry9a.o)
    0x080000fc   0x080000fc   0x00000000   Code   RO         5042    .ARM.Collect$$$$0000000D  mc_w.l(entry10a.o)
    0x080000fc   0x080000fc   0x00000000   Code   RO         5044    .ARM.Collect$$$$0000000F  mc_w.l(entry11a.o)
    0x080000fc   0x080000fc   0x00000004   Code   RO         5033    .ARM.Collect$$$$00002712  mc_w.l(entry2.o)
    0x08000100   0x08000100   0x00000024   Code   RO            4    .text               startup_stm32f103xb.o
    0x08000124   0x08000124   0x00000020   Code   RO         4767    .text               mc_w.l(llushr.o)
    0x08000144   0x08000144   0x00000024   Code   RO         4769    .text               mc_w.l(memseta.o)
    0x08000168   0x08000168   0x0000002c   Code   RO         5047    .text               mc_w.l(uidiv.o)
    0x08000194   0x08000194   0x00000062   Code   RO         5049    .text               mc_w.l(uldiv.o)
    0x080001f6   0x080001f6   0x00000000   Code   RO         5051    .text               mc_w.l(iusefp.o)
    0x080001f6   0x080001f6   0x0000014e   Code   RO         5052    .text               mf_w.l(dadd.o)
    0x08000344   0x08000344   0x000000e4   Code   RO         5054    .text               mf_w.l(dmul.o)
    0x08000428   0x08000428   0x000000de   Code   RO         5056    .text               mf_w.l(ddiv.o)
    0x08000506   0x08000506   0x00000030   Code   RO         5058    .text               mf_w.l(dfixul.o)
    0x08000536   0x08000536   0x00000002   PAD
    0x08000538   0x08000538   0x00000030   Code   RO         5060    .text               mf_w.l(cdrcmple.o)
    0x08000568   0x08000568   0x00000024   Code   RO         5062    .text               mc_w.l(init.o)
    0x0800058c   0x0800058c   0x0000001e   Code   RO         5064    .text               mc_w.l(llshl.o)
    0x080005aa   0x080005aa   0x00000024   Code   RO         5066    .text               mc_w.l(llsshr.o)
    0x080005ce   0x080005ce   0x000000ba   Code   RO         5068    .text               mf_w.l(depilogue.o)
    0x08000688   0x08000688   0x00000056   Code   RO         5078    .text               mc_w.l(__dczerorl2.o)
    0x080006de   0x080006de   0x00000002   PAD
    0x080006e0   0x080006e0   0x0000020c   Code   RO         3745    i.AT_func           m26.o
    0x080008ec   0x080008ec   0x000000cc   Code   RO         3746    i.AT_preproccess    m26.o
    0x080009b8   0x080009b8   0x000004b4   Code   RO         3747    i.AT_put            m26.o
    0x08000e6c   0x08000e6c   0x000006d0   Code   RO         3748    i.AT_receive        m26.o
    0x0800153c   0x0800153c   0x00000004   Code   RO         2831    i.BusFault_Handler  stm32f1xx_it.o
    0x08001540   0x08001540   0x0000001c   Code   RO         4525    i.Check_Sum         caijiqi.o
    0x0800155c   0x0800155c   0x00000002   Code   RO         2832    i.DebugMon_Handler  stm32f1xx_it.o
    0x0800155e   0x0800155e   0x00000002   Code   RO         2676    i.Error_Handler     main.o
    0x08001560   0x08001560   0x0000031c   Code   RO         2062    i.HAL_GPIO_Init     stm32f1xx_hal_gpio.o
    0x0800187c   0x0800187c   0x00000010   Code   RO         2064    i.HAL_GPIO_ReadPin  stm32f1xx_hal_gpio.o
    0x0800188c   0x0800188c   0x0000000c   Code   RO         2066    i.HAL_GPIO_WritePin  stm32f1xx_hal_gpio.o
    0x08001898   0x08001898   0x0000000c   Code   RO         1765    i.HAL_GetTick       stm32f1xx_hal.o
    0x080018a4   0x080018a4   0x00000050   Code   RO          172    i.HAL_IWDG_Init     stm32f1xx_hal_iwdg.o
    0x080018f4   0x080018f4   0x0000000e   Code   RO          173    i.HAL_IWDG_Refresh  stm32f1xx_hal_iwdg.o
    0x08001902   0x08001902   0x00000002   PAD
    0x08001904   0x08001904   0x00000018   Code   RO         1769    i.HAL_IncTick       stm32f1xx_hal.o
    0x0800191c   0x0800191c   0x00000028   Code   RO         1770    i.HAL_Init          stm32f1xx_hal.o
    0x08001944   0x08001944   0x0000004c   Code   RO         1771    i.HAL_InitTick      stm32f1xx_hal.o
    0x08001990   0x08001990   0x0000005c   Code   RO         2978    i.HAL_MspInit       stm32f1xx_hal_msp.o
    0x080019ec   0x080019ec   0x0000001a   Code   RO         2222    i.HAL_NVIC_EnableIRQ  stm32f1xx_hal_cortex.o
    0x08001a06   0x08001a06   0x0000007c   Code   RO         2228    i.HAL_NVIC_SetPriority  stm32f1xx_hal_cortex.o
    0x08001a82   0x08001a82   0x00000002   PAD
    0x08001a84   0x08001a84   0x00000028   Code   RO         2229    i.HAL_NVIC_SetPriorityGrouping  stm32f1xx_hal_cortex.o
    0x08001aac   0x08001aac   0x000001d0   Code   RO         1917    i.HAL_RCC_ClockConfig  stm32f1xx_hal_rcc.o
    0x08001c7c   0x08001c7c   0x0000000c   Code   RO         1922    i.HAL_RCC_GetHCLKFreq  stm32f1xx_hal_rcc.o
    0x08001c88   0x08001c88   0x00000020   Code   RO         1924    i.HAL_RCC_GetPCLK1Freq  stm32f1xx_hal_rcc.o
    0x08001ca8   0x08001ca8   0x00000020   Code   RO         1925    i.HAL_RCC_GetPCLK2Freq  stm32f1xx_hal_rcc.o
    0x08001cc8   0x08001cc8   0x00000094   Code   RO         1926    i.HAL_RCC_GetSysClockFreq  stm32f1xx_hal_rcc.o
    0x08001d5c   0x08001d5c   0x00000440   Code   RO         1929    i.HAL_RCC_OscConfig  stm32f1xx_hal_rcc.o
    0x0800219c   0x0800219c   0x00000086   Code   RO          525    i.HAL_SPI_Init      stm32f1xx_hal_spi_ex.o
    0x08002222   0x08002222   0x00000002   PAD
    0x08002224   0x08002224   0x0000009c   Code   RO         2980    i.HAL_SPI_MspInit   stm32f1xx_hal_msp.o
    0x080022c0   0x080022c0   0x00000034   Code   RO         2233    i.HAL_SYSTICK_Config  stm32f1xx_hal_cortex.o
    0x080022f4   0x080022f4   0x00000002   Code   RO         1190    i.HAL_TIMEx_BreakCallback  stm32f1xx_hal_tim_ex.o
    0x080022f6   0x080022f6   0x00000002   Code   RO         1191    i.HAL_TIMEx_CommutationCallback  stm32f1xx_hal_tim_ex.o
    0x080022f8   0x080022f8   0x00000062   Code   RO         1207    i.HAL_TIMEx_MasterConfigSynchronization  stm32f1xx_hal_tim_ex.o
    0x0800235a   0x0800235a   0x00000034   Code   RO          551    i.HAL_TIM_Base_Init  stm32f1xx_hal_tim.o
    0x0800238e   0x0800238e   0x00000002   PAD
    0x08002390   0x08002390   0x00000044   Code   RO         2982    i.HAL_TIM_Base_MspInit  stm32f1xx_hal_msp.o
    0x080023d4   0x080023d4   0x0000001e   Code   RO          556    i.HAL_TIM_Base_Start_IT  stm32f1xx_hal_tim.o
    0x080023f2   0x080023f2   0x00000132   Code   RO          560    i.HAL_TIM_ConfigClockSource  stm32f1xx_hal_tim.o
    0x08002524   0x08002524   0x00000002   Code   RO          580    i.HAL_TIM_IC_CaptureCallback  stm32f1xx_hal_tim.o
    0x08002526   0x08002526   0x00000196   Code   RO          593    i.HAL_TIM_IRQHandler  stm32f1xx_hal_tim.o
    0x080026bc   0x080026bc   0x00000002   Code   RO          596    i.HAL_TIM_OC_DelayElapsedCallback  stm32f1xx_hal_tim.o
    0x080026be   0x080026be   0x00000002   Code   RO          623    i.HAL_TIM_PWM_PulseFinishedCallback  stm32f1xx_hal_tim.o
    0x080026c0   0x080026c0   0x000000a0   Code   RO         3962    i.HAL_TIM_PeriodElapsedCallback  mymain.o
    0x08002760   0x08002760   0x00000002   Code   RO          634    i.HAL_TIM_TriggerCallback  stm32f1xx_hal_tim.o
    0x08002762   0x08002762   0x00000072   Code   RO         1448    i.HAL_UART_Init     stm32f1xx_hal_uart.o
    0x080027d4   0x080027d4   0x00000190   Code   RO         2984    i.HAL_UART_MspInit  stm32f1xx_hal_msp.o
    0x08002964   0x08002964   0x00000004   Code   RO         2833    i.HardFault_Handler  stm32f1xx_it.o
    0x08002968   0x08002968   0x00000110   Code   RO         2677    i.MX_GPIO_Init      main.o
    0x08002a78   0x08002a78   0x00000028   Code   RO         3963    i.MX_IWDG_Init      mymain.o
    0x08002aa0   0x08002aa0   0x00000048   Code   RO         2679    i.MX_SPI1_Init      main.o
    0x08002ae8   0x08002ae8   0x00000070   Code   RO         2680    i.MX_TIM1_Init      main.o
    0x08002b58   0x08002b58   0x00000038   Code   RO         2681    i.MX_USART1_UART_Init  main.o
    0x08002b90   0x08002b90   0x00000040   Code   RO         2682    i.MX_USART2_UART_Init  main.o
    0x08002bd0   0x08002bd0   0x00000038   Code   RO         2683    i.MX_USART3_UART_Init  main.o
    0x08002c08   0x08002c08   0x00000004   Code   RO         2834    i.MemManage_Handler  stm32f1xx_it.o
    0x08002c0c   0x08002c0c   0x00000002   Code   RO         2835    i.NMI_Handler       stm32f1xx_it.o
    0x08002c0e   0x08002c0e   0x00000002   PAD
    0x08002c10   0x08002c10   0x00000010   Code   RO         2235    i.NVIC_GetPriorityGrouping  stm32f1xx_hal_cortex.o
    0x08002c20   0x08002c20   0x00000028   Code   RO         2236    i.NVIC_SetPriority  stm32f1xx_hal_cortex.o
    0x08002c48   0x08002c48   0x00000002   Code   RO         2836    i.PendSV_Handler    stm32f1xx_it.o
    0x08002c4a   0x08002c4a   0x00000002   PAD
    0x08002c4c   0x08002c4c   0x00000028   Code   RO         1930    i.RCC_Delay         stm32f1xx_hal_rcc.o
    0x08002c74   0x08002c74   0x00000024   Code   RO         3625    i.SCL_write         eeprom.o
    0x08002c98   0x08002c98   0x00000010   Code   RO         3626    i.SDA_read          eeprom.o
    0x08002ca8   0x08002ca8   0x00000024   Code   RO         3627    i.SDA_write         eeprom.o
    0x08002ccc   0x08002ccc   0x00000002   Code   RO         2837    i.SVC_Handler       stm32f1xx_it.o
    0x08002cce   0x08002cce   0x00000008   Code   RO         2838    i.SysTick_Handler   stm32f1xx_it.o
    0x08002cd6   0x08002cd6   0x0000006a   Code   RO         2684    i.SystemClock_Config  main.o
    0x08002d40   0x08002d40   0x00000058   Code   RO           14    i.SystemInit        system_stm32f1xx.o
    0x08002d98   0x08002d98   0x0000001c   Code   RO         4432    i.TCPclient_config  socket.o
    0x08002db4   0x08002db4   0x00000018   Code   RO         4435    i.TCPclient_init_space  socket.o
    0x08002dcc   0x08002dcc   0x00000010   Code   RO         2839    i.TIM1_UP_IRQHandler  stm32f1xx_it.o
    0x08002ddc   0x08002ddc   0x00000074   Code   RO          635    i.TIM_Base_SetConfig  stm32f1xx_hal_tim.o
    0x08002e50   0x08002e50   0x00000018   Code   RO          642    i.TIM_ETR_SetConfig  stm32f1xx_hal_tim.o
    0x08002e68   0x08002e68   0x00000014   Code   RO          643    i.TIM_ITRx_SetConfig  stm32f1xx_hal_tim.o
    0x08002e7c   0x08002e7c   0x0000002a   Code   RO          649    i.TIM_TI1_ConfigInputStage  stm32f1xx_hal_tim.o
    0x08002ea6   0x08002ea6   0x0000002c   Code   RO          651    i.TIM_TI2_ConfigInputStage  stm32f1xx_hal_tim.o
    0x08002ed2   0x08002ed2   0x00000002   PAD
    0x08002ed4   0x08002ed4   0x000001c8   Code   RO         1475    i.UART_SetConfig    stm32f1xx_hal_uart.o
    0x0800309c   0x0800309c   0x00000038   Code   RO         3182    i.USART1_IRQHandler  uart_mode2.o
    0x080030d4   0x080030d4   0x00000038   Code   RO         3183    i.USART2_IRQHandler  uart_mode2.o
    0x0800310c   0x0800310c   0x00000038   Code   RO         3184    i.USART3_IRQHandler  uart_mode2.o
    0x08003144   0x08003144   0x00000004   Code   RO         2840    i.UsageFault_Handler  stm32f1xx_it.o
    0x08003148   0x08003148   0x00000020   Code   RO         5004    i.__0printf         mc_w.l(printfa.o)
    0x08003168   0x08003168   0x00000024   Code   RO         5010    i.__0vsprintf       mc_w.l(printfa.o)
    0x0800318c   0x0800318c   0x0000000e   Code   RO         5072    i.__scatterload_copy  mc_w.l(handlers.o)
    0x0800319a   0x0800319a   0x00000002   Code   RO         5073    i.__scatterload_null  mc_w.l(handlers.o)
    0x0800319c   0x0800319c   0x0000000e   Code   RO         5074    i.__scatterload_zeroinit  mc_w.l(handlers.o)
    0x080031aa   0x080031aa   0x00000006   Code   RO         4526    i.__set_PRIMASK     caijiqi.o
    0x080031b0   0x080031b0   0x00000184   Code   RO         5011    i._fp_digits        mc_w.l(printfa.o)
    0x08003334   0x08003334   0x000006dc   Code   RO         5012    i._printf_core      mc_w.l(printfa.o)
    0x08003a10   0x08003a10   0x00000024   Code   RO         5013    i._printf_post_padding  mc_w.l(printfa.o)
    0x08003a34   0x08003a34   0x0000002e   Code   RO         5014    i._printf_pre_padding  mc_w.l(printfa.o)
    0x08003a62   0x08003a62   0x0000000a   Code   RO         5016    i._sputc            mc_w.l(printfa.o)
    0x08003a6c   0x08003a6c   0x0000000c   Code   RO         3628    i.ack               eeprom.o
    0x08003a78   0x08003a78   0x00000030   Code   RO         3749    i.add_at_to_ATfifo  m26.o
    0x08003aa8   0x08003aa8   0x00000026   Code   RO         4021    i.ascii_bcd_to_uint32  data_transform.o
    0x08003ace   0x08003ace   0x0000002a   Code   RO         4022    i.ascii_to_hex4     data_transform.o
    0x08003af8   0x08003af8   0x0000000c   Code   RO         4527    i.caijiqi           caijiqi.o
    0x08003b04   0x08003b04   0x00000018   Code   RO         3629    i.delay             eeprom.o
    0x08003b1c   0x08003b1c   0x0000000c   Code   RO         3750    i.delay_init        m26.o
    0x08003b28   0x08003b28   0x00000024   Code   RO         3751    i.delay_ms          m26.o
    0x08003b4c   0x08003b4c   0x00000076   Code   RO         3630    i.eeprom_read       eeprom.o
    0x08003bc2   0x08003bc2   0x0000007c   Code   RO         4090    i.fifo_add_multi_to_bottom  fifo.o
    0x08003c3e   0x08003c3e   0x0000003c   Code   RO         4092    i.fifo_add_to_bottom  fifo.o
    0x08003c7a   0x08003c7a   0x00000056   Code   RO         4093    i.fifo_add_to_top   fifo.o
    0x08003cd0   0x08003cd0   0x0000000e   Code   RO         4097    i.fifo_reset        fifo.o
    0x08003cde   0x08003cde   0x00000032   Code   RO         4098    i.fifo_sub          fifo.o
    0x08003d10   0x08003d10   0x00000074   Code   RO         4099    i.fifo_sub_multi    fifo.o
    0x08003d84   0x08003d84   0x00000010   Code   RO         3063    i.fputc             mcu.o
    0x08003d94   0x08003d94   0x00000038   Code   RO         4171    i.frame_add_array   frame.o
    0x08003dcc   0x08003dcc   0x00000022   Code   RO         4172    i.frame_add_byte    frame.o
    0x08003dee   0x08003dee   0x00000032   Code   RO         4174    i.frame_add_table_to_fifo  frame.o
    0x08003e20   0x08003e20   0x0000003c   Code   RO         4175    i.frame_add_to_fifo  frame.o
    0x08003e5c   0x08003e5c   0x0000011e   Code   RO         4528    i.frame_check       caijiqi.o
    0x08003f7a   0x08003f7a   0x00000034   Code   RO         4177    i.frame_copy        frame.o
    0x08003fae   0x08003fae   0x0000004a   Code   RO         4178    i.frame_get_frome_fifo  frame.o
    0x08003ff8   0x08003ff8   0x0000000a   Code   RO         4180    i.frame_reset       frame.o
    0x08004002   0x08004002   0x00000002   PAD
    0x08004004   0x08004004   0x000000b4   Code   RO         4529    i.func_M26_tx0      caijiqi.o
    0x080040b8   0x080040b8   0x000000b4   Code   RO         4530    i.func_M26_tx1      caijiqi.o
    0x0800416c   0x0800416c   0x000001a8   Code   RO         3752    i.func_m26          m26.o
    0x08004314   0x08004314   0x00000002   Code   RO         3753    i.func_none         m26.o
    0x08004316   0x08004316   0x00000002   PAD
    0x08004318   0x08004318   0x000000a8   Code   RO         3754    i.func_power_reset  m26.o
    0x080043c0   0x080043c0   0x00000044   Code   RO         3118    i.func_uart3_timeout  com.o
    0x08004404   0x08004404   0x00000034   Code   RO         3755    i.get_AT            m26.o
    0x08004438   0x08004438   0x00000080   Code   RO         4664    i.get_bianhao       local_debug.o
    0x080044b8   0x080044b8   0x00000010   Code   RO         4240    i.get_length_string  mystring.o
    0x080044c8   0x080044c8   0x0000001a   Code   RO         4241    i.get_length_string_without_end  mystring.o
    0x080044e2   0x080044e2   0x00000024   Code   RO         4242    i.if_contain_and_same_begin  mystring.o
    0x08004506   0x08004506   0x00000002   PAD
    0x08004508   0x08004508   0x0000001c   Code   RO         3756    i.insert_at_to_ATfifo  m26.o
    0x08004524   0x08004524   0x00000050   Code   RO         3757    i.m26_init          m26.o
    0x08004574   0x08004574   0x00000070   Code   RO         3758    i.m26_reset         m26.o
    0x080045e4   0x080045e4   0x00000028   Code   RO         2685    i.main              main.o
    0x0800460c   0x0800460c   0x000000a0   Code   RO         3964    i.my_main           mymain.o
    0x080046ac   0x080046ac   0x0000000c   Code   RO         4244    i.mystring_init     mystring.o
    0x080046b8   0x080046b8   0x0000001a   Code   RO         4246    i.mystring_read_char  mystring.o
    0x080046d2   0x080046d2   0x00000018   Code   RO         4247    i.mystring_read_char_above  mystring.o
    0x080046ea   0x080046ea   0x00000092   Code   RO         4248    i.mystring_read_number  mystring.o
    0x0800477c   0x0800477c   0x0000005a   Code   RO         4249    i.mystring_read_over  mystring.o
    0x080047d6   0x080047d6   0x00000052   Code   RO         4250    i.mystring_read_until  mystring.o
    0x08004828   0x08004828   0x00000032   Code   RO         4251    i.mystring_read_until_number_10  mystring.o
    0x0800485a   0x0800485a   0x00000006   Code   RO         4252    i.mystring_reset    mystring.o
    0x08004860   0x08004860   0x0000000c   Code   RO         3632    i.read_ack          eeprom.o
    0x0800486c   0x0800486c   0x00000030   Code   RO         3633    i.read_bit          eeprom.o
    0x0800489c   0x0800489c   0x0000001e   Code   RO         3634    i.read_byte_H       eeprom.o
    0x080048ba   0x080048ba   0x00000002   PAD
    0x080048bc   0x080048bc   0x00000028   Code   RO         3347    i.rs485_put_string  rs485.o
    0x080048e4   0x080048e4   0x0000003c   Code   RO         3635    i.send_bit          eeprom.o
    0x08004920   0x08004920   0x00000022   Code   RO         3636    i.send_byte_H       eeprom.o
    0x08004942   0x08004942   0x00000002   PAD
    0x08004944   0x08004944   0x00000164   Code   RO         4609    i.sockeet_init      tcp.o
    0x08004aa8   0x08004aa8   0x00000018   Code   RO         4531    i.socket_15646_call_back  caijiqi.o
    0x08004ac0   0x08004ac0   0x00000018   Code   RO         4532    i.socket_45789_call_back  caijiqi.o
    0x08004ad8   0x08004ad8   0x00000002   Code   RO         4612    i.socket_6300_call_back  tcp.o
    0x08004ada   0x08004ada   0x00000002   Code   RO         4613    i.socket_6310_call_back  tcp.o
    0x08004adc   0x08004adc   0x00000008   Code   RO         4436    i.socket_enable_put  socket.o
    0x08004ae4   0x08004ae4   0x0000000c   Code   RO         4437    i.socket_enable_write  socket.o
    0x08004af0   0x08004af0   0x00000016   Code   RO         4438    i.socket_if_can_put  socket.o
    0x08004b06   0x08004b06   0x00000010   Code   RO         4439    i.socket_if_can_write  socket.o
    0x08004b16   0x08004b16   0x00000002   PAD
    0x08004b18   0x08004b18   0x00000160   Code   RO         3759    i.socket_template   m26.o
    0x08004c78   0x08004c78   0x0000002c   Code   RO         3637    i.start             eeprom.o
    0x08004ca4   0x08004ca4   0x0000002c   Code   RO         3638    i.stop              eeprom.o
    0x08004cd0   0x08004cd0   0x0000001a   Code   RO         4489    i.sum_uint8         mymath.o
    0x08004cea   0x08004cea   0x00000020   Code   RO         4344    i.timeout_func      timeout.o
    0x08004d0a   0x08004d0a   0x00000006   Code   RO         4345    i.timeout_pause     timeout.o
    0x08004d10   0x08004d10   0x0000000e   Code   RO         4346    i.timeout_read_and_clear_flag  timeout.o
    0x08004d1e   0x08004d1e   0x0000000c   Code   RO         4348    i.timeout_restart   timeout.o
    0x08004d2a   0x08004d2a   0x00000002   PAD
    0x08004d2c   0x08004d2c   0x00000020   Code   RO         3185    i.uart_1_init       uart_mode2.o
    0x08004d4c   0x08004d4c   0x0000002c   Code   RO         3187    i.uart_1_put_char   uart_mode2.o
    0x08004d78   0x08004d78   0x00000040   Code   RO         3188    i.uart_1_put_frame  uart_mode2.o
    0x08004db8   0x08004db8   0x0000001c   Code   RO         3190    i.uart_1_rxcallback  uart_mode2.o
    0x08004dd4   0x08004dd4   0x00000270   Code   RO         3868    i.uart_1_rxcallback_EC20  ec20.o
    0x08005044   0x08005044   0x00000230   Code   RO         3760    i.uart_1_rxcallback_m26  m26.o
    0x08005274   0x08005274   0x00000020   Code   RO         3193    i.uart_2_init       uart_mode2.o
    0x08005294   0x08005294   0x00000034   Code   RO         3197    i.uart_2_put_string  uart_mode2.o
    0x080052c8   0x080052c8   0x00000034   Code   RO         3121    i.uart_2_rxcallback  com.o
    0x080052fc   0x080052fc   0x000000f4   Code   RO         4667    i.uart_3_frame_callback  local_debug.o
    0x080053f0   0x080053f0   0x00000020   Code   RO         3199    i.uart_3_init       uart_mode2.o
    0x08005410   0x08005410   0x0000002c   Code   RO         3065    i.uart_3_printf     mcu.o
    0x0800543c   0x0800543c   0x0000003c   Code   RO         3200    i.uart_3_put_array  uart_mode2.o
    0x08005478   0x08005478   0x0000002c   Code   RO         3201    i.uart_3_put_char   uart_mode2.o
    0x080054a4   0x080054a4   0x00000040   Code   RO         3202    i.uart_3_put_frame  uart_mode2.o
    0x080054e4   0x080054e4   0x00000158   Code   RO         4534    i.uart_3_rxcallback  caijiqi.o
    0x0800563c   0x0800563c   0x00000018   Data   RO           15    .constdata          system_stm32f1xx.o
    0x08005654   0x08005654   0x0000000d   Data   RO         4669    .conststring        local_debug.o
    0x08005661   0x08005661   0x00000003   PAD
    0x08005664   0x08005664   0x00000020   Data   RO         5070    Region$$Table       anon$$obj.o


    Execution Region RW_IRAM1 (Exec base: 0x20000000, Load base: 0x08005684, Size: 0x00002c88, Max: 0x00005000, ABSOLUTE, COMPRESSED[0x00000120])

    Exec Addr    Load Addr    Size         Type   Attr      Idx    E Section Name        Object

    0x20000000   COMPRESSED   0x00000004   Data   RW           16    .data               system_stm32f1xx.o
    0x20000004   COMPRESSED   0x00000009   Data   RW         1777    .data               stm32f1xx_hal.o
    0x2000000d   COMPRESSED   0x00000003   PAD
    0x20000010   COMPRESSED   0x00000048   Data   RW         3124    .data               com.o
    0x20000058   COMPRESSED   0x00000003   Data   RW         3205    .data               uart_mode2.o
    0x2000005b   COMPRESSED   0x00000001   PAD
    0x2000005c   COMPRESSED   0x000000b0   Data   RW         3762    .data               m26.o
    0x2000010c   COMPRESSED   0x000000cc   Data   RW         3870    .data               ec20.o
    0x200001d8   COMPRESSED   0x0000000e   Data   RW         3965    .data               mymain.o
    0x200001e6   COMPRESSED   0x00000002   PAD
    0x200001e8   COMPRESSED   0x00000052   Data   RW         4536    .data               caijiqi.o
    0x2000023a   COMPRESSED   0x00000002   PAD
    0x2000023c   COMPRESSED   0x0000007a   Data   RW         4615    .data               tcp.o
    0x200002b6   COMPRESSED   0x00000002   PAD
    0x200002b8   COMPRESSED   0x0000001c   Data   RW         4670    .data               local_debug.o
    0x200002d4   COMPRESSED   0x00000004   Data   RW         5046    .data               mc_w.l(stdout.o)
    0x200002d8        -       0x00000164   Zero   RW         2686    .bss                main.o
    0x2000043c        -       0x00000017   Zero   RW         3038    .bss                sys.o
    0x20000453        -       0x00000064   Zero   RW         3066    .bss                mcu.o
    0x200004b7        -       0x00000320   Zero   RW         3123    .bss                com.o
    0x200007d7   COMPRESSED   0x00000001   PAD
    0x200007d8        -       0x00000158   Zero   RW         3761    .bss                m26.o
    0x20000930        -       0x00000188   Zero   RW         3869    .bss                ec20.o
    0x20000ab8        -       0x00000c8e   Zero   RW         4535    .bss                caijiqi.o
    0x20001746   COMPRESSED   0x00000002   PAD
    0x20001748        -       0x000010c0   Zero   RW         4614    .bss                tcp.o
    0x20002808        -       0x00000080   Zero   RW         4668    .bss                local_debug.o
    0x20002888        -       0x00000400   Zero   RW            1    STACK               startup_stm32f103xb.o


==============================================================================

Image component sizes


      Code (inc. data)   RO Data    RW Data    ZI Data      Debug   Object Name

      1084        180          0         82       3214       9889   caijiqi.o
       120         38          0         72        800       2991   com.o
        80          0          0          0          0       3366   data_transform.o
       624         96          0        204        392       6628   ec20.o
       514         16          0          0          0       7350   eeprom.o
       450          0          0          0          0       4711   fifo.o
       336          0          0          0          0       5651   frame.o
       372        136         13         28        128       3066   local_debug.o
      5550       1408          0        176        344      14096   m26.o
       780         64          0          0        356     437509   main.o
        60          6          0          0        100       3788   mcu.o
       360         90          0         14          0       2523   mymain.o
        26          0          0          0          0        972   mymath.o
       514          0          0          0          0       7959   mystring.o
        40          6          0          0          0       1039   rs485.o
       110          0          0          0          0       4066   socket.o
        36          8        236          0       1024        808   startup_stm32f103xb.o
       152         32          0          9          0       5329   stm32f1xx_hal.o
       298         22          0          0          0      26303   stm32f1xx_hal_cortex.o
       824         32          0          0          0       3327   stm32f1xx_hal_gpio.o
        94          0          0          0          0       1715   stm32f1xx_hal_iwdg.o
       716         62          0          0          0       3182   stm32f1xx_hal_msp.o
      1816        108          0          0          0       6020   stm32f1xx_hal_rcc.o
       134          0          0          0          0       1071   stm32f1xx_hal_spi_ex.o
      1048         14          0          0          0       9139   stm32f1xx_hal_tim.o
       102          0          0          0          0       2282   stm32f1xx_hal_tim_ex.o
       570          6          0          0          0       1736   stm32f1xx_hal_uart.o
        48          6          0          0          0       9515   stm32f1xx_it.o
         0          0          0          0         23       1157   sys.o
        88         18         24          4          0     438915   system_stm32f1xx.o
       360        106          0        122       4288       3524   tcp.o
        64          0          0          0          0       2799   timeout.o
       620         90          0          3          0       9479   uart_mode2.o

    ----------------------------------------------------------------------
     18018       2544        308        724      10672    1041905   Object Totals
         0          0         32          0          0          0   (incl. Generated)
        28          0          3         10          3          0   (incl. Padding)

    ----------------------------------------------------------------------

      Code (inc. data)   RO Data    RW Data    ZI Data      Debug   Library Member Name

        86          0          0          0          0          0   __dczerorl2.o
         0          0          0          0          0          0   entry.o
         0          0          0          0          0          0   entry10a.o
         0          0          0          0          0          0   entry11a.o
         8          4          0          0          0          0   entry2.o
         4          0          0          0          0          0   entry5.o
         0          0          0          0          0          0   entry7b.o
         0          0          0          0          0          0   entry8b.o
         8          4          0          0          0          0   entry9a.o
        30          0          0          0          0          0   handlers.o
        36          8          0          0          0         68   init.o
         0          0          0          0          0          0   iusefp.o
        30          0          0          0          0         68   llshl.o
        36          0          0          0          0         68   llsshr.o
        32          0          0          0          0         68   llushr.o
        36          0          0          0          0        108   memseta.o
      2304         96          0          0          0        600   printfa.o
         0          0          0          4          0          0   stdout.o
        44          0          0          0          0         80   uidiv.o
        98          0          0          0          0         92   uldiv.o
        48          0          0          0          0         68   cdrcmple.o
       334          0          0          0          0        148   dadd.o
       222          0          0          0          0        100   ddiv.o
       186          0          0          0          0        176   depilogue.o
        48          0          0          0          0         68   dfixul.o
       228          0          0          0          0         96   dmul.o

    ----------------------------------------------------------------------
      3822        112          0          4          0       1808   Library Totals
         4          0          0          0          0          0   (incl. Padding)

    ----------------------------------------------------------------------

      Code (inc. data)   RO Data    RW Data    ZI Data      Debug   Library Name

      2752        112          0          4          0       1152   mc_w.l
      1066          0          0          0          0        656   mf_w.l

    ----------------------------------------------------------------------
      3822        112          0          4          0       1808   Library Totals

    ----------------------------------------------------------------------

==============================================================================


      Code (inc. data)   RO Data    RW Data    ZI Data      Debug   

     21840       2656        308        728      10672    1034585   Grand Totals
     21840       2656        308        288      10672    1034585   ELF Image Totals (compressed)
     21840       2656        308        288          0          0   ROM Totals

==============================================================================

    Total RO  Size (Code + RO Data)                22148 (  21.63kB)
    Total RW  Size (RW Data + ZI Data)             11400 (  11.13kB)
    Total ROM Size (Code + RO Data + RW Data)      22436 (  21.91kB)

==============================================================================

